Archive member included to satisfy reference by file (symbol)

/home/student/.pico-sdk/toolchain/14_2_Rel1/bin/../lib/gcc/arm-none-eabi/14.2.1/thumb/v6-m/nofp/libgcc.a(_dvmd_tls.o)
                              examples/hello_pico/CMakeFiles/hello_pico.dir/home/student/.pico-sdk/sdk/2.2.0/src/rp2_common/pico_divider/divider_hardware.S.o (__aeabi_idiv0)
/home/student/.pico-sdk/toolchain/14_2_Rel1/bin/../lib/gcc/arm-none-eabi/14.2.1/../../../../arm-none-eabi/lib/thumb/v6-m/nofp/libg.a(libc_a-calloc.o)
                              examples/hello_pico/CMakeFiles/hello_pico.dir/home/student/.pico-sdk/sdk/2.2.0/src/rp2_common/pico_malloc/malloc.c.o (calloc)
/home/student/.pico-sdk/toolchain/14_2_Rel1/bin/../lib/gcc/arm-none-eabi/14.2.1/../../../../arm-none-eabi/lib/thumb/v6-m/nofp/libg.a(libc_a-callocr.o)
                              /home/student/.pico-sdk/toolchain/14_2_Rel1/bin/../lib/gcc/arm-none-eabi/14.2.1/../../../../arm-none-eabi/lib/thumb/v6-m/nofp/libg.a(libc_a-calloc.o) (_calloc_r)
/home/student/.pico-sdk/toolchain/14_2_Rel1/bin/../lib/gcc/arm-none-eabi/14.2.1/../../../../arm-none-eabi/lib/thumb/v6-m/nofp/libg.a(libc_a-malloc.o)
                              examples/hello_pico/CMakeFiles/hello_pico.dir/home/student/.pico-sdk/sdk/2.2.0/src/rp2_common/pico_malloc/malloc.c.o (malloc)
/home/student/.pico-sdk/toolchain/14_2_Rel1/bin/../lib/gcc/arm-none-eabi/14.2.1/../../../../arm-none-eabi/lib/thumb/v6-m/nofp/libg.a(libc_a-mallocr.o)
                              /home/student/.pico-sdk/toolchain/14_2_Rel1/bin/../lib/gcc/arm-none-eabi/14.2.1/../../../../arm-none-eabi/lib/thumb/v6-m/nofp/libg.a(libc_a-callocr.o) (_malloc_r)
/home/student/.pico-sdk/toolchain/14_2_Rel1/bin/../lib/gcc/arm-none-eabi/14.2.1/../../../../arm-none-eabi/lib/thumb/v6-m/nofp/libg.a(libc_a-mlock.o)
                              /home/student/.pico-sdk/toolchain/14_2_Rel1/bin/../lib/gcc/arm-none-eabi/14.2.1/../../../../arm-none-eabi/lib/thumb/v6-m/nofp/libg.a(libc_a-mallocr.o) (__malloc_lock)
/home/student/.pico-sdk/toolchain/14_2_Rel1/bin/../lib/gcc/arm-none-eabi/14.2.1/../../../../arm-none-eabi/lib/thumb/v6-m/nofp/libg.a(libc_a-realloc.o)
                              examples/hello_pico/CMakeFiles/hello_pico.dir/home/student/.pico-sdk/sdk/2.2.0/src/rp2_common/pico_malloc/malloc.c.o (realloc)
/home/student/.pico-sdk/toolchain/14_2_Rel1/bin/../lib/gcc/arm-none-eabi/14.2.1/../../../../arm-none-eabi/lib/thumb/v6-m/nofp/libg.a(libc_a-reallocr.o)
                              /home/student/.pico-sdk/toolchain/14_2_Rel1/bin/../lib/gcc/arm-none-eabi/14.2.1/../../../../arm-none-eabi/lib/thumb/v6-m/nofp/libg.a(libc_a-realloc.o) (_realloc_r)
/home/student/.pico-sdk/toolchain/14_2_Rel1/bin/../lib/gcc/arm-none-eabi/14.2.1/../../../../arm-none-eabi/lib/thumb/v6-m/nofp/libg.a(libc_a-ctype_.o)
                              examples/hello_pico/CMakeFiles/hello_pico.dir/home/student/.pico-sdk/sdk/2.2.0/lib/tinyusb/src/tusb.c.o (_ctype_)
/home/student/.pico-sdk/toolchain/14_2_Rel1/bin/../lib/gcc/arm-none-eabi/14.2.1/../../../../arm-none-eabi/lib/thumb/v6-m/nofp/libg.a(libc_a-memcmp.o)
                              examples/hello_pico/CMakeFiles/hello_pico.dir/home/student/.pico-sdk/sdk/2.2.0/src/rp2_common/pico_atomic/atomic.c.o (memcmp)
/home/student/.pico-sdk/toolchain/14_2_Rel1/bin/../lib/gcc/arm-none-eabi/14.2.1/../../../../arm-none-eabi/lib/thumb/v6-m/nofp/libg.a(libc_a-memmove.o)
                              /home/student/.pico-sdk/toolchain/14_2_Rel1/bin/../lib/gcc/arm-none-eabi/14.2.1/../../../../arm-none-eabi/lib/thumb/v6-m/nofp/libg.a(libc_a-reallocr.o) (memmove)
/home/student/.pico-sdk/toolchain/14_2_Rel1/bin/../lib/gcc/arm-none-eabi/14.2.1/../../../../arm-none-eabi/lib/thumb/v6-m/nofp/libg.a(libc_a-lcltime_r.o)
                              examples/hello_pico/CMakeFiles/hello_pico.dir/home/student/.pico-sdk/sdk/2.2.0/src/common/pico_util/datetime.c.o (localtime_r)
/home/student/.pico-sdk/toolchain/14_2_Rel1/bin/../lib/gcc/arm-none-eabi/14.2.1/../../../../arm-none-eabi/lib/thumb/v6-m/nofp/libg.a(libc_a-mktime.o)
                              examples/hello_pico/CMakeFiles/hello_pico.dir/home/student/.pico-sdk/sdk/2.2.0/src/common/pico_util/datetime.c.o (mktime)
/home/student/.pico-sdk/toolchain/14_2_Rel1/bin/../lib/gcc/arm-none-eabi/14.2.1/../../../../arm-none-eabi/lib/thumb/v6-m/nofp/libg.a(libc_a-month_lengths.o)
                              /home/student/.pico-sdk/toolchain/14_2_Rel1/bin/../lib/gcc/arm-none-eabi/14.2.1/../../../../arm-none-eabi/lib/thumb/v6-m/nofp/libg.a(libc_a-lcltime_r.o) (__month_lengths)
/home/student/.pico-sdk/toolchain/14_2_Rel1/bin/../lib/gcc/arm-none-eabi/14.2.1/../../../../arm-none-eabi/lib/thumb/v6-m/nofp/libg.a(libc_a-tzcalc_limits.o)
                              /home/student/.pico-sdk/toolchain/14_2_Rel1/bin/../lib/gcc/arm-none-eabi/14.2.1/../../../../arm-none-eabi/lib/thumb/v6-m/nofp/libg.a(libc_a-lcltime_r.o) (__tzcalc_limits)
[...]
Memory Configuration

Name             Origin             Length             Attributes
FLASH            0x10000000         0x00200000         xr
RAM              0x20000000         0x00040000         xrw
SCRATCH_X        0x20040000         0x00001000         xrw
SCRATCH_Y        0x20041000         0x00001000         xrw
*default*        0x00000000         0xffffffff

Linker script and memory map

LOAD /home/student/.pico-sdk/toolchain/14_2_Rel1/bin/../lib/gcc/arm-none-eabi/14.2.1/thumb/v6-m/nofp/crti.o
LOAD /home/student/.pico-sdk/toolchain/14_2_Rel1/bin/../lib/gcc/arm-none-eabi/14.2.1/thumb/v6-m/nofp/crtbegin.o
LOAD /home/student/.pico-sdk/toolchain/14_2_Rel1/bin/../lib/gcc/arm-none-eabi/14.2.1/../../../../arm-none-eabi/lib/thumb/v6-m/nofp/crt0.o

.flash_begin    0x10000000        0x0
                0x10000000                        __flash_binary_start = .

.boot2          0x10000000      0x100
                0x10000000                        __boot2_start__ = .
 *(.boot2)
 .boot2         0x10000000      0x100 pico-sdk/src/rp2040/boot_stage2/CMakeFiles/bs2_default_library.dir/./bs2_default_padded_checksummed.S.o
                0x10000100                        __boot2_end__ = .
                0x00000001                        ASSERT (((__boot2_end__ - __boot2_start__) == 0x100), ERROR: Pico second stage bootloader must be 256 bytes in size)

.text           0x10000100     0x6364
                0x10000100                        __logical_binary_start = .
 *(.vectors)
 .vectors       0x10000100       0xd4 examples/hello_pico/CMakeFiles/hello_pico.dir/home/student/.pico-sdk/sdk/2.2.0/src/rp2_common/pico_crt0/crt0.S.o
                0x10000100                __vectors
                0x10000100                __VECTOR_TABLE
                0x100001c0                isr_irq30
                0x100001c0                __unhandled_user_irq
                0x100001c0                isr_irq13
                0x100001c0                isr_irq27
                0x100001c0                isr_irq31
                0x100001c0                isr_irq5
                0x100001c0                isr_irq11
                0x100001c0                isr_irq23
                0x100001c0                isr_irq18
                0x100001c0                isr_irq28
                0x100001c0                isr_irq19
                0x100001c0                isr_irq0
                0x100001c0                isr_irq6
                0x100001c0                isr_irq22
                0x100001c0                isr_irq17
                0x100001c0                isr_irq14
                0x100001c0                __vectors_end
                0x100001c0                __default_isrs_start
                0x100001c0                isr_irq2
                0x100001c0                isr_irq10
                0x100001c0                isr_irq8
                0x100001c0                isr_irq24
                0x100001c0                isr_irq1
                0x100001c0                isr_irq7
                0x100001c0                isr_irq21
                0x100001c0                isr_irq20
                0x100001c0                isr_irq15
                0x100001c0                isr_irq25
                0x100001c0                isr_irq4
                0x100001c0                isr_irq16
                0x100001c0                isr_irq29
                0x100001c0                isr_irq26
                0x100001c0                isr_irq3
                0x100001c0                isr_irq12
                0x100001c0                isr_irq9
                0x100001c6                unhandled_user_irq_num_in_r0
                0x100001c8                isr_invalid
                0x100001ca                isr_nmi
                0x100001cc                isr_hardfault
                0x100001ce                isr_svcall
                0x100001d0                isr_pendsv
                0x100001d2                isr_systick
                0x100001d4                __default_isrs_end
 *(.binary_info_header)
 .binary_info_header
                0x100001d4       0x14 examples/hello_pico/CMakeFiles/hello_pico.dir/home/student/.pico-sdk/sdk/2.2.0/src/rp2_common/pico_crt0/crt0.S.o
                0x100001e8                        __binary_info_header_end = .
 *(.embedded_block)
                0x100001e8                        __embedded_block_end = .
 *(.reset)
 .reset         0x100001e8       0x9c examples/hello_pico/CMakeFiles/hello_pico.dir/home/student/.pico-sdk/sdk/2.2.0/src/rp2_common/pico_crt0/crt0.S.o
                0x100001e8                _entry_point
 *(.init)
 .init          0x10000284        0x4 /home/student/.pico-sdk/toolchain/14_2_Rel1/bin/../lib/gcc/arm-none-eabi/14.2.1/thumb/v6-m/nofp/crti.o
                0x10000284                _init
 *(EXCLUDE_FILE(*libm.a: *libc.a:*lib_a-mem*.o *libgcc.a:) .text*)
 .text.register_tm_clones
                0x10000288       0x28 /home/student/.pico-sdk/toolchain/14_2_Rel1/bin/../lib/gcc/arm-none-eabi/14.2.1/thumb/v6-m/nofp/crtbegin.o
 .text.frame_dummy
                0x100002b0       0x24 /home/student/.pico-sdk/toolchain/14_2_Rel1/bin/../lib/gcc/arm-none-eabi/14.2.1/thumb/v6-m/nofp/crtbegin.o
 .text.main     0x100002d4       0x44 examples/hello_pico/CMakeFiles/hello_pico.dir/src/main.c.o
                0x100002d4                main
 .text.rp2040_chip_version
                0x10000318       0x54 examples/hello_pico/CMakeFiles/hello_pico.dir/home/student/.pico-sdk/sdk/2.2.0/src/rp2040/pico_platform/platform.c.o
                0x10000318                rp2040_chip_version
 .text.panic    0x1000036c       0x30 examples/hello_pico/CMakeFiles/hello_pico.dir/home/student/.pico-sdk/sdk/2.2.0/src/rp2_common/pico_platform_panic/panic.c.o
                0x1000036c                panic
 .text.hw_claim_lock
                0x1000039c       0x18 examples/hello_pico/CMakeFiles/hello_pico.dir/home/student/.pico-sdk/sdk/2.2.0/src/common/hardware_claim/claim.c.o
                0x1000039c                hw_claim_lock
 .text.hw_claim_unlock
                0x100003b4       0x14 examples/hello_pico/CMakeFiles/hello_pico.dir/home/student/.pico-sdk/sdk/2.2.0/src/common/hardware_claim/claim.c.o
                0x100003b4                hw_claim_unlock
 .text.hw_claim_or_assert
                0x100003c8       0x32 examples/hello_pico/CMakeFiles/hello_pico.dir/home/student/.pico-sdk/sdk/2.2.0/src/common/hardware_claim/claim.c.o
                0x100003c8                hw_claim_or_assert
 .text.hw_claim_unused_from_range
                0x100003fa       0x50 examples/hello_pico/CMakeFiles/hello_pico.dir/home/student/.pico-sdk/sdk/2.2.0/src/common/hardware_claim/claim.c.o
                0x100003fa                hw_claim_unused_from_range
 *fill*         0x1000044a        0x2 
 .text.next_striped_spin_lock_num
                0x1000044c       0x1c examples/hello_pico/CMakeFiles/hello_pico.dir/home/student/.pico-sdk/sdk/2.2.0/src/rp2_common/hardware_sync/sync.c.o
                0x1000044c                next_striped_spin_lock_num
 .text.spin_lock_claim_unused
                0x10000468       0x24 examples/hello_pico/CMakeFiles/hello_pico.dir/home/student/.pico-sdk/sdk/2.2.0/src/rp2_common/hardware_sync/sync.c.o
                0x10000468                spin_lock_claim_unused
 .text.spin_locks_reset
                0x1000048c       0x20 examples/hello_pico/CMakeFiles/hello_pico.dir/home/student/.pico-sdk/sdk/2.2.0/src/rp2_common/hardware_sync_spin_lock/sync_spin_lock.c.o
                0x1000048c                spin_locks_reset
 .text.set_raw_irq_handler_and_unlock
                0x100004ac       0x28 examples/hello_pico/CMakeFiles/hello_pico.dir/home/student/.pico-sdk/sdk/2.2.0/src/rp2_common/hardware_irq/irq.c.o
 .text.nvic_ipr0
                0x100004d4        0x8 examples/hello_pico/CMakeFiles/hello_pico.dir/home/student/.pico-sdk/sdk/2.2.0/src/rp2_common/hardware_irq/irq.c.o
 .text.runtime_init_per_core_irq_priorities
                0x100004dc       0x1c examples/hello_pico/CMakeFiles/hello_pico.dir/home/student/.pico-sdk/sdk/2.2.0/src/rp2_common/hardware_irq/irq.c.o
                0x100004dc                runtime_init_per_core_irq_priorities
 .text.resolve_j_16
                0x100004f8       0x30 examples/hello_pico/CMakeFiles/hello_pico.dir/home/student/.pico-sdk/sdk/2.2.0/src/rp2_common/hardware_irq/irq.c.o
 .text.make_j_16
                0x10000528       0x48 examples/hello_pico/CMakeFiles/hello_pico.dir/home/student/.pico-sdk/sdk/2.2.0/src/rp2_common/hardware_irq/irq.c.o
 .text.irq_is_enabled
                0x10000570       0x18 examples/hello_pico/CMakeFiles/hello_pico.dir/home/student/.pico-sdk/sdk/2.2.0/src/rp2_common/hardware_irq/irq.c.o
                0x10000570                irq_is_enabled
 .text.irq_set_mask_n_enabled
                0x10000588       0x1c examples/hello_pico/CMakeFiles/hello_pico.dir/home/student/.pico-sdk/sdk/2.2.0/src/rp2_common/hardware_irq/irq.c.o
                0x10000588                irq_set_mask_n_enabled
 .text.irq_set_enabled
                0x100005a4       0x14 examples/hello_pico/CMakeFiles/hello_pico.dir/home/student/.pico-sdk/sdk/2.2.0/src/rp2_common/hardware_irq/irq.c.o
                0x100005a4                irq_set_enabled
 .text.irq_set_pending
                0x100005b8       0x10 examples/hello_pico/CMakeFiles/hello_pico.dir/home/student/.pico-sdk/sdk/2.2.0/src/rp2_common/hardware_irq/irq.c.o
                0x100005b8                irq_set_pending
 .text.irq_get_vtable_handler
                0x100005c8       0x10 examples/hello_pico/CMakeFiles/hello_pico.dir/home/student/.pico-sdk/sdk/2.2.0/src/rp2_common/hardware_irq/irq.c.o
                0x100005c8                irq_get_vtable_handler
 .text.irq_has_shared_handler
                0x100005d8       0x1c examples/hello_pico/CMakeFiles/hello_pico.dir/home/student/.pico-sdk/sdk/2.2.0/src/rp2_common/hardware_irq/irq.c.o
                0x100005d8                irq_has_shared_handler
 .text.irq_set_exclusive_handler
                0x100005f4       0x54 examples/hello_pico/CMakeFiles/hello_pico.dir/home/student/.pico-sdk/sdk/2.2.0/src/rp2_common/hardware_irq/irq.c.o
                0x100005f4                irq_set_exclusive_handler
 .text.irq_add_shared_handler
                0x10000648      0x218 examples/hello_pico/CMakeFiles/hello_pico.dir/home/student/.pico-sdk/sdk/2.2.0/src/rp2_common/hardware_irq/irq.c.o
                0x10000648                irq_add_shared_handler
 .text.irq_add_tail_to_free_list
                0x10000860       0xf4 examples/hello_pico/CMakeFiles/hello_pico.dir/home/student/.pico-sdk/sdk/2.2.0/src/rp2_common/hardware_irq/irq.c.o
                0x10000860                irq_add_tail_to_free_list
 .text.user_irq_claim_unused
                0x10000954       0x2c examples/hello_pico/CMakeFiles/hello_pico.dir/home/student/.pico-sdk/sdk/2.2.0/src/rp2_common/hardware_irq/irq.c.o
                0x10000954                user_irq_claim_unused
 .text.lock_init
                0x10000980       0x10 examples/hello_pico/CMakeFiles/hello_pico.dir/home/student/.pico-sdk/sdk/2.2.0/src/common/pico_sync/lock_core.c.o
                0x10000980                lock_init
 .text.mutex_init
                0x10000990       0x1a examples/hello_pico/CMakeFiles/hello_pico.dir/home/student/.pico-sdk/sdk/2.2.0/src/common/pico_sync/mutex.c.o
                0x10000990                mutex_init
 .text.recursive_mutex_init
                0x100009aa       0x1e examples/hello_pico/CMakeFiles/hello_pico.dir/home/student/.pico-sdk/sdk/2.2.0/src/common/pico_sync/mutex.c.o
                0x100009aa                recursive_mutex_init
 .text.runtime_init_mutex
                0x100009c8       0x4c examples/hello_pico/CMakeFiles/hello_pico.dir/home/student/.pico-sdk/sdk/2.2.0/src/common/pico_sync/mutex.c.o
                0x100009c8                runtime_init_mutex
 .text.critical_section_init_with_lock_num
                0x10000a14       0x14 examples/hello_pico/CMakeFiles/hello_pico.dir/home/student/.pico-sdk/sdk/2.2.0/src/common/pico_sync/critical_section.c.o
                0x10000a14                critical_section_init_with_lock_num
 .text.critical_section_init
                0x10000a28       0x14 examples/hello_pico/CMakeFiles/hello_pico.dir/home/student/.pico-sdk/sdk/2.2.0/src/common/pico_sync/critical_section.c.o
                0x10000a28                critical_section_init
 .text.ta_set_timeout
                0x10000a3c       0x24 examples/hello_pico/CMakeFiles/hello_pico.dir/home/student/.pico-sdk/sdk/2.2.0/src/common/pico_time/time.c.o
 .text.make_alarm_id
                0x10000a60        0x6 examples/hello_pico/CMakeFiles/hello_pico.dir/home/student/.pico-sdk/sdk/2.2.0/src/common/pico_time/time.c.o
 *fill*         0x10000a66        0x2 
 .text.sleep_until_callback
                0x10000a68       0x30 examples/hello_pico/CMakeFiles/hello_pico.dir/home/student/.pico-sdk/sdk/2.2.0/src/common/pico_time/time.c.o
 .text.alarm_pool_irq_handler
                0x10000a98      0x2f0 examples/hello_pico/CMakeFiles/hello_pico.dir/home/student/.pico-sdk/sdk/2.2.0/src/common/pico_time/time.c.o
 .text.ta_enable_irq_handler
                0x10000d88       0x2c examples/hello_pico/CMakeFiles/hello_pico.dir/home/student/.pico-sdk/sdk/2.2.0/src/common/pico_time/time.c.o
 .text.alarm_pool_post_alloc_init
                0x10000db4       0x78 examples/hello_pico/CMakeFiles/hello_pico.dir/home/student/.pico-sdk/sdk/2.2.0/src/common/pico_time/time.c.o
 .text.alarm_pool_get_default
                0x10000e2c       0x2c examples/hello_pico/CMakeFiles/hello_pico.dir/home/student/.pico-sdk/sdk/2.2.0/src/common/pico_time/time.c.o
                0x10000e2c                alarm_pool_get_default
 .text.alarm_pool_add_alarm_at_force_in_context
                0x10000e58       0xa4 examples/hello_pico/CMakeFiles/hello_pico.dir/home/student/.pico-sdk/sdk/2.2.0/src/common/pico_time/time.c.o
                0x10000e58                alarm_pool_add_alarm_at_force_in_context
 .text.alarm_pool_add_alarm_at
                0x10000efc       0x3c examples/hello_pico/CMakeFiles/hello_pico.dir/home/student/.pico-sdk/sdk/2.2.0/src/common/pico_time/time.c.o
                0x10000efc                alarm_pool_add_alarm_at
 .text.add_alarm_at
                0x10000f38       0x2e examples/hello_pico/CMakeFiles/hello_pico.dir/home/student/.pico-sdk/sdk/2.2.0/src/common/pico_time/time.c.o
 *fill*         0x10000f66        0x2 
 .text.alarm_pool_cancel_alarm
                0x10000f68       0x78 examples/hello_pico/CMakeFiles/hello_pico.dir/home/student/.pico-sdk/sdk/2.2.0/src/common/pico_time/time.c.o
                0x10000f68                alarm_pool_cancel_alarm
 .text.cancel_alarm
                0x10000fe0       0x10 examples/hello_pico/CMakeFiles/hello_pico.dir/home/student/.pico-sdk/sdk/2.2.0/src/common/pico_time/time.c.o
 .text.alarm_pool_core_num
                0x10000ff0        0x4 examples/hello_pico/CMakeFiles/hello_pico.dir/home/student/.pico-sdk/sdk/2.2.0/src/common/pico_time/time.c.o
                0x10000ff0                alarm_pool_core_num
 .text.sleep_until
                0x10000ff4       0xb0 examples/hello_pico/CMakeFiles/hello_pico.dir/home/student/.pico-sdk/sdk/2.2.0/src/common/pico_time/time.c.o
                0x10000ff4                sleep_until
 .text.sleep_us
                0x100010a4       0x24 examples/hello_pico/CMakeFiles/hello_pico.dir/home/student/.pico-sdk/sdk/2.2.0/src/common/pico_time/time.c.o
                0x100010a4                sleep_us
 .text.sleep_ms
                0x100010c8       0x14 examples/hello_pico/CMakeFiles/hello_pico.dir/home/student/.pico-sdk/sdk/2.2.0/src/common/pico_time/time.c.o
                0x100010c8                sleep_ms
 .text.best_effort_wfe_or_timeout
                0x100010dc      0x11c examples/hello_pico/CMakeFiles/hello_pico.dir/home/student/.pico-sdk/sdk/2.2.0/src/common/pico_time/time.c.o
                0x100010dc                best_effort_wfe_or_timeout
 .text.alarm_pool_get_default_timer
                0x100011f8        0x8 examples/hello_pico/CMakeFiles/hello_pico.dir/home/student/.pico-sdk/sdk/2.2.0/src/common/pico_time/time.c.o
                0x100011f8                alarm_pool_get_default_timer
 .text.runtime_init_default_alarm_pool
                0x10001200       0x38 examples/hello_pico/CMakeFiles/hello_pico.dir/home/student/.pico-sdk/sdk/2.2.0/src/common/pico_time/time.c.o
                0x10001200                runtime_init_default_alarm_pool
 .text.timer_hardware_alarm_claim
                0x10001238       0x14 examples/hello_pico/CMakeFiles/hello_pico.dir/home/student/.pico-sdk/sdk/2.2.0/src/rp2_common/hardware_timer/timer.c.o
                0x10001238                timer_hardware_alarm_claim
 .text.timer_time_us_64
                0x1000124c       0x10 examples/hello_pico/CMakeFiles/hello_pico.dir/home/student/.pico-sdk/sdk/2.2.0/src/rp2_common/hardware_timer/timer.c.o
                0x1000124c                timer_time_us_64
 .text.timer_busy_wait_until
                0x1000125c       0x1a examples/hello_pico/CMakeFiles/hello_pico.dir/home/student/.pico-sdk/sdk/2.2.0/src/rp2_common/hardware_timer/timer.c.o
                0x1000125c                timer_busy_wait_until
 *fill*         0x10001276        0x2 
 .text.time_us_64
                0x10001278       0x10 examples/hello_pico/CMakeFiles/hello_pico.dir/home/student/.pico-sdk/sdk/2.2.0/src/rp2_common/hardware_timer/timer.c.o
                0x10001278                time_us_64
 .text.busy_wait_until
                0x10001288       0x14 examples/hello_pico/CMakeFiles/hello_pico.dir/home/student/.pico-sdk/sdk/2.2.0/src/rp2_common/hardware_timer/timer.c.o
                0x10001288                busy_wait_until
 .text.clock_configure_internal
                0x1000129c       0xc4 examples/hello_pico/CMakeFiles/hello_pico.dir/home/student/.pico-sdk/sdk/2.2.0/src/rp2_common/hardware_clocks/clocks.c.o
 .text.clock_configure_int_divider
                0x10001360       0x28 examples/hello_pico/CMakeFiles/hello_pico.dir/home/student/.pico-sdk/sdk/2.2.0/src/rp2_common/hardware_clocks/clocks.c.o
                0x10001360                clock_configure_int_divider
 .text.clock_configure_undivided
                0x10001388       0x12 examples/hello_pico/CMakeFiles/hello_pico.dir/home/student/.pico-sdk/sdk/2.2.0/src/rp2_common/hardware_clocks/clocks.c.o
                0x10001388                clock_configure_undivided
 *fill*         0x1000139a        0x2 
 .text.clock_get_hz
                0x1000139c        0xc examples/hello_pico/CMakeFiles/hello_pico.dir/home/student/.pico-sdk/sdk/2.2.0/src/rp2_common/hardware_clocks/clocks.c.o
                0x1000139c                clock_get_hz
 .text.pll_init
                0x100013a8      0x124 examples/hello_pico/CMakeFiles/hello_pico.dir/home/student/.pico-sdk/sdk/2.2.0/src/rp2_common/hardware_pll/pll.c.o
                0x100013a8                pll_init
 .text.watchdog_update
                0x100014cc       0x14 examples/hello_pico/CMakeFiles/hello_pico.dir/home/student/.pico-sdk/sdk/2.2.0/src/rp2_common/hardware_watchdog/watchdog.c.o
                0x100014cc                watchdog_update
 .text._watchdog_enable
                0x100014e0       0x78 examples/hello_pico/CMakeFiles/hello_pico.dir/home/student/.pico-sdk/sdk/2.2.0/src/rp2_common/hardware_watchdog/watchdog.c.o
                0x100014e0                _watchdog_enable
 .text.watchdog_reboot
                0x10001558       0x48 examples/hello_pico/CMakeFiles/hello_pico.dir/home/student/.pico-sdk/sdk/2.2.0/src/rp2_common/hardware_watchdog/watchdog.c.o
                0x10001558                watchdog_reboot
 .text.tick_start
                0x100015a0       0x10 examples/hello_pico/CMakeFiles/hello_pico.dir/home/student/.pico-sdk/sdk/2.2.0/src/rp2_common/hardware_ticks/ticks.c.o
                0x100015a0                tick_start
 .text.rom_func_lookup
                0x100015b0       0x10 examples/hello_pico/CMakeFiles/hello_pico.dir/home/student/.pico-sdk/sdk/2.2.0/src/rp2_common/pico_bootrom/bootrom.c.o
                0x100015b0                rom_func_lookup
 .text.rom_data_lookup
                0x100015c0       0x10 examples/hello_pico/CMakeFiles/hello_pico.dir/home/student/.pico-sdk/sdk/2.2.0/src/rp2_common/pico_bootrom/bootrom.c.o
                0x100015c0                rom_data_lookup
 .text.rom_funcs_lookup
                0x100015d0       0x36 examples/hello_pico/CMakeFiles/hello_pico.dir/home/student/.pico-sdk/sdk/2.2.0/src/rp2_common/pico_bootrom/bootrom.c.o
                0x100015d0                rom_funcs_lookup
 *fill*         0x10001606        0x2 
 .text.rom_reset_usb_boot_extra
                0x10001608       0x24 examples/hello_pico/CMakeFiles/hello_pico.dir/home/student/.pico-sdk/sdk/2.2.0/src/rp2_common/pico_bootrom/bootrom.c.o
                0x10001608                rom_reset_usb_boot_extra
 .text.xosc_init
                0x1000162c       0x2c examples/hello_pico/CMakeFiles/hello_pico.dir/home/student/.pico-sdk/sdk/2.2.0/src/rp2_common/hardware_xosc/xosc.c.o
                0x1000162c                xosc_init
 .text.runtime_run_initializers_from
                0x10001658       0x18 examples/hello_pico/CMakeFiles/hello_pico.dir/home/student/.pico-sdk/sdk/2.2.0/src/rp2_common/pico_runtime/runtime.c.o
 .text.first_per_core_initializer
                0x10001670        0x2 examples/hello_pico/CMakeFiles/hello_pico.dir/home/student/.pico-sdk/sdk/2.2.0/src/rp2_common/pico_runtime/runtime.c.o
 *fill*         0x10001672        0x2 
 .text.runtime_run_initializers
                0x10001674       0x10 examples/hello_pico/CMakeFiles/hello_pico.dir/home/student/.pico-sdk/sdk/2.2.0/src/rp2_common/pico_runtime/runtime.c.o
                0x10001674                runtime_run_initializers
 .text.runtime_init_early_resets
                0x10001684       0x2c examples/hello_pico/CMakeFiles/hello_pico.dir/home/student/.pico-sdk/sdk/2.2.0/src/rp2_common/pico_runtime_init/runtime_init.c.o
                0x10001684                runtime_init_early_resets
 .text.runtime_init_usb_power_down
                0x100016b0       0x1c examples/hello_pico/CMakeFiles/hello_pico.dir/home/student/.pico-sdk/sdk/2.2.0/src/rp2_common/pico_runtime_init/runtime_init.c.o
                0x100016b0                runtime_init_usb_power_down
 .text.runtime_init_post_clock_resets
                0x100016cc       0x20 examples/hello_pico/CMakeFiles/hello_pico.dir/home/student/.pico-sdk/sdk/2.2.0/src/rp2_common/pico_runtime_init/runtime_init.c.o
                0x100016cc                runtime_init_post_clock_resets
 .text.runtime_init_rp2040_gpio_ie_disable
                0x100016ec       0x14 examples/hello_pico/CMakeFiles/hello_pico.dir/home/student/.pico-sdk/sdk/2.2.0/src/rp2_common/pico_runtime_init/runtime_init.c.o
                0x100016ec                runtime_init_rp2040_gpio_ie_disable
 .text.runtime_init_spin_locks_reset
                0x10001700        0x8 examples/hello_pico/CMakeFiles/hello_pico.dir/home/student/.pico-sdk/sdk/2.2.0/src/rp2_common/pico_runtime_init/runtime_init.c.o
                0x10001700                runtime_init_spin_locks_reset
 .text.runtime_init_install_ram_vector_table
                0x10001708       0x48 examples/hello_pico/CMakeFiles/hello_pico.dir/home/student/.pico-sdk/sdk/2.2.0/src/rp2_common/pico_runtime_init/runtime_init.c.o
                0x10001708                runtime_init_install_ram_vector_table
 .text.start_all_ticks
                0x10001750       0x28 examples/hello_pico/CMakeFiles/hello_pico.dir/home/student/.pico-sdk/sdk/2.2.0/src/rp2_common/pico_runtime_init/runtime_init_clocks.c.o
 .text.runtime_init_clocks
                0x10001778       0xcc examples/hello_pico/CMakeFiles/hello_pico.dir/home/student/.pico-sdk/sdk/2.2.0/src/rp2_common/pico_runtime_init/runtime_init_clocks.c.o
                0x10001778                runtime_init_clocks
 .text          0x10001844       0x10 examples/hello_pico/CMakeFiles/hello_pico.dir/home/student/.pico-sdk/sdk/2.2.0/src/rp2_common/pico_bit_ops/bit_ops_aeabi.S.o
 .text.__wrap___aeabi_idiv
                0x10001854       0x50 examples/hello_pico/CMakeFiles/hello_pico.dir/home/student/.pico-sdk/sdk/2.2.0/src/rp2_common/pico_divider/divider_hardware.S.o
                0x10001854                __wrap___aeabi_idivmod
                0x10001854                divmod_s32s32
                0x10001854                div_s32s32
                0x10001854                __wrap___aeabi_idiv
                0x1000185c                divmod_s32s32_unsafe
                0x10001888                divmod_s32s32_savestate
 .text.__wrap___aeabi_uidiv
                0x100018a4       0x4c examples/hello_pico/CMakeFiles/hello_pico.dir/home/student/.pico-sdk/sdk/2.2.0/src/rp2_common/pico_divider/divider_hardware.S.o
                0x100018a4                __wrap___aeabi_uidiv
                0x100018a4                __wrap___aeabi_uidivmod
                0x100018a4                div_u32u32
                0x100018a4                divmod_u32u32
                0x100018ac                divmod_u32u32_unsafe
                0x100018d4                divmod_u32u32_savestate
 .text.__wrap___aeabi_ldiv
                0x100018f0      0x424 examples/hello_pico/CMakeFiles/hello_pico.dir/home/student/.pico-sdk/sdk/2.2.0/src/rp2_common/pico_divider/divider_hardware.S.o
                0x100018f0                div_s64s64
                0x100018f0                divmod_s64s64
                0x100018f0                __wrap___aeabi_ldivmod
                0x10001920                div_u64u64
                0x10001920                divmod_u64u64
                0x10001920                __wrap___aeabi_uldivmod
                0x10001930                divmod_u64u64_savestate
                0x10001950                divmod_s64s64_unsafe
                0x100019d8                divmod_u64u64_unsafe
 .text.__wrap___aeabi_darithmetic
                0x10001d14       0x60 examples/hello_pico/CMakeFiles/hello_pico.dir/home/student/.pico-sdk/sdk/2.2.0/src/rp2_common/pico_double/double_aeabi_rp2040.S.o
                0x10001d14                __wrap___aeabi_drsub
                0x10001d1a                __wrap___aeabi_dsub
                0x10001d24                __wrap___aeabi_dadd
                0x10001d2e                __wrap___aeabi_ddiv
                0x10001d62                __wrap___aeabi_dmul
 .text.__wrap___aeabi_cdcmple
                0x10001d74       0x6c examples/hello_pico/CMakeFiles/hello_pico.dir/home/student/.pico-sdk/sdk/2.2.0/src/rp2_common/pico_double/double_aeabi_rp2040.S.o
                0x10001d74                __wrap___aeabi_cdrcmple
                0x10001d84                __wrap___aeabi_cdcmple
                0x10001d84                __wrap___aeabi_cdcmpeq
 .text.__wrap___aeabi_dcmplt
                0x10001de0        0xc examples/hello_pico/CMakeFiles/hello_pico.dir/home/student/.pico-sdk/sdk/2.2.0/src/rp2_common/pico_double/double_aeabi_rp2040.S.o
                0x10001de0                __wrap___aeabi_dcmplt
 .text.__wrap___aeabi_dcmple
                0x10001dec       0x10 examples/hello_pico/CMakeFiles/hello_pico.dir/home/student/.pico-sdk/sdk/2.2.0/src/rp2_common/pico_double/double_aeabi_rp2040.S.o
                0x10001dec                __wrap___aeabi_dcmple
 .text.__wrap___aeabi_dcmpge
                0x10001dfc       0x10 examples/hello_pico/CMakeFiles/hello_pico.dir/home/student/.pico-sdk/sdk/2.2.0/src/rp2_common/pico_double/double_aeabi_rp2040.S.o
                0x10001dfc                __wrap___aeabi_dcmpge
 .text.__wrap___aeabi_dcmpgt
                0x10001e0c        0xa examples/hello_pico/CMakeFiles/hello_pico.dir/home/student/.pico-sdk/sdk/2.2.0/src/rp2_common/pico_double/double_aeabi_rp2040.S.o
                0x10001e0c                __wrap___aeabi_dcmpgt
 .text.__wrap___aeabi_dcmpun
                0x10001e16       0x18 examples/hello_pico/CMakeFiles/hello_pico.dir/home/student/.pico-sdk/sdk/2.2.0/src/rp2_common/pico_double/double_aeabi_rp2040.S.o
                0x10001e16                __wrap___aeabi_dcmpun
 *fill*         0x10001e2e        0x2 
 .text.__wrap___aeabi_i2d
                0x10001e30       0x38 examples/hello_pico/CMakeFiles/hello_pico.dir/home/student/.pico-sdk/sdk/2.2.0/src/rp2_common/pico_double/double_aeabi_rp2040.S.o
                0x10001e30                __wrap___aeabi_ui2d
                0x10001e30                uint2double
                0x10001e38                __wrap___aeabi_i2d
                0x10001e38                int2double
 .text.__wrap___aeabi_d2iz
                0x10001e68       0x48 examples/hello_pico/CMakeFiles/hello_pico.dir/home/student/.pico-sdk/sdk/2.2.0/src/rp2_common/pico_double/double_aeabi_rp2040.S.o
                0x10001e68                __wrap___aeabi_d2iz
                0x10001e68                double2int_z
 .text.__wrap___aeabi_d2uiz
                0x10001eb0       0x10 examples/hello_pico/CMakeFiles/hello_pico.dir/home/student/.pico-sdk/sdk/2.2.0/src/rp2_common/pico_double/double_aeabi_rp2040.S.o
                0x10001eb0                double2uint_z
                0x10001eb0                double2uint
                0x10001eb0                __wrap___aeabi_d2uiz
 .text.missing_double_func_shim
                0x10001ec0        0xc examples/hello_pico/CMakeFiles/hello_pico.dir/home/student/.pico-sdk/sdk/2.2.0/src/rp2_common/pico_double/double_init_rom_rp2040.c.o
 .text.__aeabi_double_init
                0x10001ecc       0xd0 examples/hello_pico/CMakeFiles/hello_pico.dir/home/student/.pico-sdk/sdk/2.2.0/src/rp2_common/pico_double/double_init_rom_rp2040.c.o
                0x10001ecc                __aeabi_double_init
 .text.double_table_shim_on_use_helper
                0x10001f9c       0x34 examples/hello_pico/CMakeFiles/hello_pico.dir/home/student/.pico-sdk/sdk/2.2.0/src/rp2_common/pico_double/double_v1_rom_shim_rp2040.S.o
                0x10001f9c                double_table_shim_on_use_helper
 .text.__aeabi_lmul
                0x10001fd0       0x32 examples/hello_pico/CMakeFiles/hello_pico.dir/home/student/.pico-sdk/sdk/2.2.0/src/rp2_common/pico_int64_ops/pico_int64_ops_aeabi.S.o
                0x10001fd0                __wrap___aeabi_lmul
 *fill*         0x10002002        0x2 
 .text.missing_float_func_shim
                0x10002004        0xc examples/hello_pico/CMakeFiles/hello_pico.dir/home/student/.pico-sdk/sdk/2.2.0/src/rp2_common/pico_float/float_init_rom_rp2040.c.o
 .text.__aeabi_float_init
                0x10002010       0x88 examples/hello_pico/CMakeFiles/hello_pico.dir/home/student/.pico-sdk/sdk/2.2.0/src/rp2_common/pico_float/float_init_rom_rp2040.c.o
                0x10002010                __aeabi_float_init
 .text          0x10002098       0x10 examples/hello_pico/CMakeFiles/hello_pico.dir/home/student/.pico-sdk/sdk/2.2.0/src/rp2_common/pico_mem_ops/mem_ops_aeabi.S.o
                0x10002098                __aeabi_mem_init
 .text.memset   0x100020a8        0xc examples/hello_pico/CMakeFiles/hello_pico.dir/home/student/.pico-sdk/sdk/2.2.0/src/rp2_common/pico_mem_ops/mem_ops_aeabi.S.o
                0x100020a8                __wrap_memset
 .text.memcpy   0x100020b4        0xc examples/hello_pico/CMakeFiles/hello_pico.dir/home/student/.pico-sdk/sdk/2.2.0/src/rp2_common/pico_mem_ops/mem_ops_aeabi.S.o
                0x100020b4                __wrap___aeabi_memcpy
                0x100020b4                __wrap_memcpy
 .text._out_null
                0x100020c0        0x2 examples/hello_pico/CMakeFiles/hello_pico.dir/home/student/.pico-sdk/sdk/2.2.0/src/rp2_common/pico_printf/printf.c.o
 .text._out_fct
                0x100020c2        0xe examples/hello_pico/CMakeFiles/hello_pico.dir/home/student/.pico-sdk/sdk/2.2.0/src/rp2_common/pico_printf/printf.c.o
 .text._atoi    0x100020d0       0x24 examples/hello_pico/CMakeFiles/hello_pico.dir/home/student/.pico-sdk/sdk/2.2.0/src/rp2_common/pico_printf/printf.c.o
 .text._out_rev
                0x100020f4       0xb0 examples/hello_pico/CMakeFiles/hello_pico.dir/home/student/.pico-sdk/sdk/2.2.0/src/rp2_common/pico_printf/printf.c.o
 .text._ntoa_format
                0x100021a4      0x10e examples/hello_pico/CMakeFiles/hello_pico.dir/home/student/.pico-sdk/sdk/2.2.0/src/rp2_common/pico_printf/printf.c.o
 .text._ntoa_long
                0x100022b2       0xbc examples/hello_pico/CMakeFiles/hello_pico.dir/home/student/.pico-sdk/sdk/2.2.0/src/rp2_common/pico_printf/printf.c.o
 .text._ntoa_long_long
                0x1000236e      0x10e examples/hello_pico/CMakeFiles/hello_pico.dir/home/student/.pico-sdk/sdk/2.2.0/src/rp2_common/pico_printf/printf.c.o
 .text._etoa    0x1000247c      0x424 examples/hello_pico/CMakeFiles/hello_pico.dir/home/student/.pico-sdk/sdk/2.2.0/src/rp2_common/pico_printf/printf.c.o
 .text._ftoa    0x100028a0      0x348 examples/hello_pico/CMakeFiles/hello_pico.dir/home/student/.pico-sdk/sdk/2.2.0/src/rp2_common/pico_printf/printf.c.o
 .text._vsnprintf
                0x10002be8      0x6a4 examples/hello_pico/CMakeFiles/hello_pico.dir/home/student/.pico-sdk/sdk/2.2.0/src/rp2_common/pico_printf/printf.c.o
 .text.vfctprintf
                0x1000328c       0x24 examples/hello_pico/CMakeFiles/hello_pico.dir/home/student/.pico-sdk/sdk/2.2.0/src/rp2_common/pico_printf/printf.c.o
                0x1000328c                vfctprintf
 .text._exit    0x100032b0        0x4 examples/hello_pico/CMakeFiles/hello_pico.dir/home/student/.pico-sdk/sdk/2.2.0/src/rp2_common/pico_clib_interface/newlib_interface.c.o
                0x100032b0                _exit
 .text.exit     0x100032b4        0x6 examples/hello_pico/CMakeFiles/hello_pico.dir/home/student/.pico-sdk/sdk/2.2.0/src/rp2_common/pico_clib_interface/newlib_interface.c.o
                0x100032b4                exit
 *fill*         0x100032ba        0x2 
 .text.__assert_func
                0x100032bc       0x38 examples/hello_pico/CMakeFiles/hello_pico.dir/home/student/.pico-sdk/sdk/2.2.0/src/rp2_common/pico_clib_interface/newlib_interface.c.o
                0x100032bc                __assert_func
 .text.runtime_init
                0x100032f4       0x28 examples/hello_pico/CMakeFiles/hello_pico.dir/home/student/.pico-sdk/sdk/2.2.0/src/rp2_common/pico_clib_interface/newlib_interface.c.o
                0x100032f4                runtime_init
 .text.stdio_out_chars_no_crlf
                0x1000331c        0xe examples/hello_pico/CMakeFiles/hello_pico.dir/home/student/.pico-sdk/sdk/2.2.0/src/rp2_common/pico_stdio/stdio.c.o
 *fill*         0x1000332a        0x2 
 .text.stdio_out_chars_crlf
                0x1000332c       0x80 examples/hello_pico/CMakeFiles/hello_pico.dir/home/student/.pico-sdk/sdk/2.2.0/src/rp2_common/pico_stdio/stdio.c.o
 .text.stdio_stack_buffer_flush
                0x100033ac       0x44 examples/hello_pico/CMakeFiles/hello_pico.dir/home/student/.pico-sdk/sdk/2.2.0/src/rp2_common/pico_stdio/stdio.c.o
 .text.stdio_buffered_printer
                0x100033f0       0x20 examples/hello_pico/CMakeFiles/hello_pico.dir/home/student/.pico-sdk/sdk/2.2.0/src/rp2_common/pico_stdio/stdio.c.o
 .text.stdout_serialize_begin
                0x10003410       0x30 examples/hello_pico/CMakeFiles/hello_pico.dir/home/student/.pico-sdk/sdk/2.2.0/src/rp2_common/pico_stdio/stdio.c.o
                0x10003410                stdout_serialize_begin
 .text.stdout_serialize_end
                0x10003440       0x10 examples/hello_pico/CMakeFiles/hello_pico.dir/home/student/.pico-sdk/sdk/2.2.0/src/rp2_common/pico_stdio/stdio.c.o
                0x10003440                stdout_serialize_end
 .text.stdio_put_string
                0x10003450       0x94 examples/hello_pico/CMakeFiles/hello_pico.dir/home/student/.pico-sdk/sdk/2.2.0/src/rp2_common/pico_stdio/stdio.c.o
                0x10003450                stdio_put_string
 .text.stdio_set_driver_enabled
                0x100034e4       0x30 examples/hello_pico/CMakeFiles/hello_pico.dir/home/student/.pico-sdk/sdk/2.2.0/src/rp2_common/pico_stdio/stdio.c.o
                0x100034e4                stdio_set_driver_enabled
 .text.stdio_flush
                0x10003514       0x20 examples/hello_pico/CMakeFiles/hello_pico.dir/home/student/.pico-sdk/sdk/2.2.0/src/rp2_common/pico_stdio/stdio.c.o
                0x10003514                stdio_flush
 .text.stdio_init_all
                0x10003534        0x8 examples/hello_pico/CMakeFiles/hello_pico.dir/home/student/.pico-sdk/sdk/2.2.0/src/rp2_common/pico_stdio/stdio.c.o
                0x10003534                stdio_init_all
 .text.__wrap_puts
                0x1000353c       0x1e examples/hello_pico/CMakeFiles/hello_pico.dir/home/student/.pico-sdk/sdk/2.2.0/src/rp2_common/pico_stdio/stdio.c.o
                0x1000353c                __wrap_puts
                0x1000353c                stdio_puts
 *fill*         0x1000355a        0x2 
 .text.__wrap_vprintf
                0x1000355c       0x40 examples/hello_pico/CMakeFiles/hello_pico.dir/home/student/.pico-sdk/sdk/2.2.0/src/rp2_common/pico_stdio/stdio.c.o
                0x1000355c                __wrap_vprintf
                0x1000355c                stdio_vprintf
 .text.__wrap_printf
                0x1000359c       0x18 examples/hello_pico/CMakeFiles/hello_pico.dir/home/student/.pico-sdk/sdk/2.2.0/src/rp2_common/pico_stdio/stdio.c.o
                0x1000359c                stdio_printf
                0x1000359c                __wrap_printf
 .text.resetd_init
                0x100035b4        0x2 examples/hello_pico/CMakeFiles/hello_pico.dir/home/student/.pico-sdk/sdk/2.2.0/src/rp2_common/pico_stdio_usb/reset_interface.c.o
 *fill*         0x100035b6        0x2 
 .text.resetd_reset
                0x100035b8        0xc examples/hello_pico/CMakeFiles/hello_pico.dir/home/student/.pico-sdk/sdk/2.2.0/src/rp2_common/pico_stdio_usb/reset_interface.c.o
 .text.resetd_open
                0x100035c4       0x34 examples/hello_pico/CMakeFiles/hello_pico.dir/home/student/.pico-sdk/sdk/2.2.0/src/rp2_common/pico_stdio_usb/reset_interface.c.o
 .text.resetd_xfer_cb
                0x100035f8        0x4 examples/hello_pico/CMakeFiles/hello_pico.dir/home/student/.pico-sdk/sdk/2.2.0/src/rp2_common/pico_stdio_usb/reset_interface.c.o
 .text.resetd_control_xfer_cb
                0x100035fc       0x60 examples/hello_pico/CMakeFiles/hello_pico.dir/home/student/.pico-sdk/sdk/2.2.0/src/rp2_common/pico_stdio_usb/reset_interface.c.o
 .text.tud_descriptor_bos_cb
                0x1000365c        0x8 examples/hello_pico/CMakeFiles/hello_pico.dir/home/student/.pico-sdk/sdk/2.2.0/src/rp2_common/pico_stdio_usb/reset_interface.c.o
                0x1000365c                tud_descriptor_bos_cb
 .text.tud_vendor_control_xfer_cb
                0x10003664       0x38 examples/hello_pico/CMakeFiles/hello_pico.dir/home/student/.pico-sdk/sdk/2.2.0/src/rp2_common/pico_stdio_usb/reset_interface.c.o
                0x10003664                tud_vendor_control_xfer_cb
 .text.usbd_app_driver_get_cb
                0x1000369c        0xc examples/hello_pico/CMakeFiles/hello_pico.dir/home/student/.pico-sdk/sdk/2.2.0/src/rp2_common/pico_stdio_usb/reset_interface.c.o
                0x1000369c                usbd_app_driver_get_cb
 .text.tud_cdc_line_coding_cb
                0x100036a8       0x2c examples/hello_pico/CMakeFiles/hello_pico.dir/home/student/.pico-sdk/sdk/2.2.0/src/rp2_common/pico_stdio_usb/reset_interface.c.o
                0x100036a8                tud_cdc_line_coding_cb
 .text.stdio_usb_set_chars_available_callback
                0x100036d4       0x14 examples/hello_pico/CMakeFiles/hello_pico.dir/home/student/.pico-sdk/sdk/2.2.0/src/rp2_common/pico_stdio_usb/stdio_usb.c.o
                0x100036d4                stdio_usb_set_chars_available_callback
 .text.stdio_usb_out_flush
                0x100036e8       0x4c examples/hello_pico/CMakeFiles/hello_pico.dir/home/student/.pico-sdk/sdk/2.2.0/src/rp2_common/pico_stdio_usb/stdio_usb.c.o
 .text.usb_irq  0x10003734       0x10 examples/hello_pico/CMakeFiles/hello_pico.dir/home/student/.pico-sdk/sdk/2.2.0/src/rp2_common/pico_stdio_usb/stdio_usb.c.o
 .text.timer_task
                0x10003744       0x6c examples/hello_pico/CMakeFiles/hello_pico.dir/home/student/.pico-sdk/sdk/2.2.0/src/rp2_common/pico_stdio_usb/stdio_usb.c.o
 .text.alarm_pool_add_alarm_in_us
                0x100037b0       0x40 examples/hello_pico/CMakeFiles/hello_pico.dir/home/student/.pico-sdk/sdk/2.2.0/src/rp2_common/pico_stdio_usb/stdio_usb.c.o
 .text.add_alarm_in_us
                0x100037f0       0x2e examples/hello_pico/CMakeFiles/hello_pico.dir/home/student/.pico-sdk/sdk/2.2.0/src/rp2_common/pico_stdio_usb/stdio_usb.c.o
 *fill*         0x1000381e        0x2 
 .text.low_priority_worker_irq
                0x10003820       0xa8 examples/hello_pico/CMakeFiles/hello_pico.dir/home/student/.pico-sdk/sdk/2.2.0/src/rp2_common/pico_stdio_usb/stdio_usb.c.o
 .text.stdio_usb_init
                0x100038c8       0xe0 examples/hello_pico/CMakeFiles/hello_pico.dir/home/student/.pico-sdk/sdk/2.2.0/src/rp2_common/pico_stdio_usb/stdio_usb.c.o
                0x100038c8                stdio_usb_init
 .text.stdio_usb_connected
                0x100039a8        0xa examples/hello_pico/CMakeFiles/hello_pico.dir/home/student/.pico-sdk/sdk/2.2.0/src/rp2_common/pico_stdio_usb/stdio_usb.c.o
                0x100039a8                stdio_usb_connected
 *fill*         0x100039b2        0x2 
 .text.stdio_usb_in_chars
                0x100039b4       0x98 examples/hello_pico/CMakeFiles/hello_pico.dir/home/student/.pico-sdk/sdk/2.2.0/src/rp2_common/pico_stdio_usb/stdio_usb.c.o
                0x100039b4                stdio_usb_in_chars
 .text.stdio_usb_out_chars
                0x10003a4c       0xe8 examples/hello_pico/CMakeFiles/hello_pico.dir/home/student/.pico-sdk/sdk/2.2.0/src/rp2_common/pico_stdio_usb/stdio_usb.c.o
 .text.tud_descriptor_device_cb
                0x10003b34        0x8 examples/hello_pico/CMakeFiles/hello_pico.dir/home/student/.pico-sdk/sdk/2.2.0/src/rp2_common/pico_stdio_usb/stdio_usb_descriptors.c.o
                0x10003b34                tud_descriptor_device_cb
 .text.tud_descriptor_configuration_cb
                0x10003b3c        0x8 examples/hello_pico/CMakeFiles/hello_pico.dir/home/student/.pico-sdk/sdk/2.2.0/src/rp2_common/pico_stdio_usb/stdio_usb_descriptors.c.o
                0x10003b3c                tud_descriptor_configuration_cb
 .text.tud_descriptor_string_cb
                0x10003b44       0x6c examples/hello_pico/CMakeFiles/hello_pico.dir/home/student/.pico-sdk/sdk/2.2.0/src/rp2_common/pico_stdio_usb/stdio_usb_descriptors.c.o
                0x10003b44                tud_descriptor_string_cb
 .text._retrieve_unique_id_on_boot
                0x10003bb0       0x10 examples/hello_pico/CMakeFiles/hello_pico.dir/home/student/.pico-sdk/sdk/2.2.0/src/rp2_common/pico_unique_id/unique_id.c.o
 .text.pico_get_unique_board_id_string
                0x10003bc0       0x58 examples/hello_pico/CMakeFiles/hello_pico.dir/home/student/.pico-sdk/sdk/2.2.0/src/rp2_common/pico_unique_id/unique_id.c.o
                0x10003bc0                pico_get_unique_board_id_string
 .text.flash_get_unique_id
                0x10003c18       0x40 examples/hello_pico/CMakeFiles/hello_pico.dir/home/student/.pico-sdk/sdk/2.2.0/src/rp2_common/hardware_flash/flash.c.o
                0x10003c18                flash_get_unique_id
 .text.hw_endpoint_init
                0x10003c58       0xc0 examples/hello_pico/CMakeFiles/hello_pico.dir/home/student/.pico-sdk/sdk/2.2.0/lib/tinyusb/src/portable/raspberrypi/rp2040/dcd_rp2040.c.o
 .text.hw_endpoint_alloc
                0x10003d18       0x48 examples/hello_pico/CMakeFiles/hello_pico.dir/home/student/.pico-sdk/sdk/2.2.0/lib/tinyusb/src/portable/raspberrypi/rp2040/dcd_rp2040.c.o
 .text.hw_endpoint_open
                0x10003d60       0x50 examples/hello_pico/CMakeFiles/hello_pico.dir/home/student/.pico-sdk/sdk/2.2.0/lib/tinyusb/src/portable/raspberrypi/rp2040/dcd_rp2040.c.o
 .text.hw_endpoint_xfer
                0x10003db0       0x20 examples/hello_pico/CMakeFiles/hello_pico.dir/home/student/.pico-sdk/sdk/2.2.0/lib/tinyusb/src/portable/raspberrypi/rp2040/dcd_rp2040.c.o
 .text.dcd_int_enable
                0x10003dd0       0x2c examples/hello_pico/CMakeFiles/hello_pico.dir/home/student/.pico-sdk/sdk/2.2.0/lib/tinyusb/src/portable/raspberrypi/rp2040/dcd_rp2040.c.o
                0x10003dd0                dcd_int_enable
 .text.dcd_set_address
                0x10003dfc       0x2c examples/hello_pico/CMakeFiles/hello_pico.dir/home/student/.pico-sdk/sdk/2.2.0/lib/tinyusb/src/portable/raspberrypi/rp2040/dcd_rp2040.c.o
                0x10003dfc                dcd_set_address
 .text.dcd_connect
                0x10003e28       0x10 examples/hello_pico/CMakeFiles/hello_pico.dir/home/student/.pico-sdk/sdk/2.2.0/lib/tinyusb/src/portable/raspberrypi/rp2040/dcd_rp2040.c.o
                0x10003e28                dcd_connect
 .text.dcd_init
                0x10003e38       0x80 examples/hello_pico/CMakeFiles/hello_pico.dir/home/student/.pico-sdk/sdk/2.2.0/lib/tinyusb/src/portable/raspberrypi/rp2040/dcd_rp2040.c.o
                0x10003e38                dcd_init
 .text.dcd_sof_enable
                0x10003eb8       0x1c examples/hello_pico/CMakeFiles/hello_pico.dir/home/student/.pico-sdk/sdk/2.2.0/lib/tinyusb/src/portable/raspberrypi/rp2040/dcd_rp2040.c.o
                0x10003eb8                dcd_sof_enable
 .text.dcd_edpt0_status_complete
                0x10003ed4       0x1c examples/hello_pico/CMakeFiles/hello_pico.dir/home/student/.pico-sdk/sdk/2.2.0/lib/tinyusb/src/portable/raspberrypi/rp2040/dcd_rp2040.c.o
                0x10003ed4                dcd_edpt0_status_complete
 .text.dcd_edpt_open
                0x10003ef0       0x26 examples/hello_pico/CMakeFiles/hello_pico.dir/home/student/.pico-sdk/sdk/2.2.0/lib/tinyusb/src/portable/raspberrypi/rp2040/dcd_rp2040.c.o
                0x10003ef0                dcd_edpt_open
 .text.dcd_edpt_close_all
                0x10003f16        0x8 examples/hello_pico/CMakeFiles/hello_pico.dir/home/student/.pico-sdk/sdk/2.2.0/lib/tinyusb/src/portable/raspberrypi/rp2040/dcd_rp2040.c.o
                0x10003f16                dcd_edpt_close_all
 *fill*         0x10003f1e        0x2 
 .text.dcd_edpt_xfer
                0x10003f20       0x30 examples/hello_pico/CMakeFiles/hello_pico.dir/home/student/.pico-sdk/sdk/2.2.0/lib/tinyusb/src/portable/raspberrypi/rp2040/dcd_rp2040.c.o
                0x10003f20                dcd_edpt_xfer
 .text.dcd_edpt_stall
                0x10003f50       0x3c examples/hello_pico/CMakeFiles/hello_pico.dir/home/student/.pico-sdk/sdk/2.2.0/lib/tinyusb/src/portable/raspberrypi/rp2040/dcd_rp2040.c.o
                0x10003f50                dcd_edpt_stall
 .text.dcd_edpt_clear_stall
                0x10003f8c       0x30 examples/hello_pico/CMakeFiles/hello_pico.dir/home/student/.pico-sdk/sdk/2.2.0/lib/tinyusb/src/portable/raspberrypi/rp2040/dcd_rp2040.c.o
                0x10003f8c                dcd_edpt_clear_stall
 .text.unaligned_memcpy
                0x10003fbc       0x14 examples/hello_pico/CMakeFiles/hello_pico.dir/home/student/.pico-sdk/sdk/2.2.0/lib/tinyusb/src/portable/raspberrypi/rp2040/rp2040_usb.c.o
 .text.rp2040_usb_init
                0x10003fd0       0x44 examples/hello_pico/CMakeFiles/hello_pico.dir/home/student/.pico-sdk/sdk/2.2.0/lib/tinyusb/src/portable/raspberrypi/rp2040/rp2040_usb.c.o
                0x10003fd0                rp2040_usb_init
 .text.hw_endpoint_xfer_start
                0x10004014       0x60 examples/hello_pico/CMakeFiles/hello_pico.dir/home/student/.pico-sdk/sdk/2.2.0/lib/tinyusb/src/portable/raspberrypi/rp2040/rp2040_usb.c.o
                0x10004014                hw_endpoint_xfer_start
 .text.configuration_reset
                0x10004074       0x84 examples/hello_pico/CMakeFiles/hello_pico.dir/home/student/.pico-sdk/sdk/2.2.0/lib/tinyusb/src/device/usbd.c.o
 .text.usbd_reset
                0x100040f8        0xc examples/hello_pico/CMakeFiles/hello_pico.dir/home/student/.pico-sdk/sdk/2.2.0/lib/tinyusb/src/device/usbd.c.o
 .text.invoke_class_control
                0x10004104       0x1a examples/hello_pico/CMakeFiles/hello_pico.dir/home/student/.pico-sdk/sdk/2.2.0/lib/tinyusb/src/device/usbd.c.o
 *fill*         0x1000411e        0x2 
 .text.process_set_config
                0x10004120      0x1b0 examples/hello_pico/CMakeFiles/hello_pico.dir/home/student/.pico-sdk/sdk/2.2.0/lib/tinyusb/src/device/usbd.c.o
 .text.tud_event_hook_cb
                0x100042d0        0x2 examples/hello_pico/CMakeFiles/hello_pico.dir/home/student/.pico-sdk/sdk/2.2.0/lib/tinyusb/src/device/usbd.c.o
                0x100042d0                tud_event_hook_cb
 .text.tud_sof_cb
                0x100042d2        0x2 examples/hello_pico/CMakeFiles/hello_pico.dir/home/student/.pico-sdk/sdk/2.2.0/lib/tinyusb/src/device/usbd.c.o
                0x100042d2                tud_sof_cb
 .text.tud_descriptor_device_qualifier_cb
                0x100042d4        0x4 examples/hello_pico/CMakeFiles/hello_pico.dir/home/student/.pico-sdk/sdk/2.2.0/lib/tinyusb/src/device/usbd.c.o
                0x100042d4                tud_descriptor_device_qualifier_cb
 .text.tud_descriptor_other_speed_configuration_cb
                0x100042d8        0x4 examples/hello_pico/CMakeFiles/hello_pico.dir/home/student/.pico-sdk/sdk/2.2.0/lib/tinyusb/src/device/usbd.c.o
                0x100042d8                tud_descriptor_other_speed_configuration_cb
 .text.process_get_descriptor
                0x100042dc       0xe0 examples/hello_pico/CMakeFiles/hello_pico.dir/home/student/.pico-sdk/sdk/2.2.0/lib/tinyusb/src/device/usbd.c.o
 .text.tud_mount_cb
                0x100043bc        0x2 examples/hello_pico/CMakeFiles/hello_pico.dir/home/student/.pico-sdk/sdk/2.2.0/lib/tinyusb/src/device/usbd.c.o
                0x100043bc                tud_mount_cb
 .text.tud_umount_cb
                0x100043be        0x2 examples/hello_pico/CMakeFiles/hello_pico.dir/home/student/.pico-sdk/sdk/2.2.0/lib/tinyusb/src/device/usbd.c.o
                0x100043be                tud_umount_cb
 .text.tud_suspend_cb
                0x100043c0        0x2 examples/hello_pico/CMakeFiles/hello_pico.dir/home/student/.pico-sdk/sdk/2.2.0/lib/tinyusb/src/device/usbd.c.o
                0x100043c0                tud_suspend_cb
 .text.tud_resume_cb
                0x100043c2        0x2 examples/hello_pico/CMakeFiles/hello_pico.dir/home/student/.pico-sdk/sdk/2.2.0/lib/tinyusb/src/device/usbd.c.o
                0x100043c2                tud_resume_cb
 .text.tud_mounted
                0x100043c4       0x10 examples/hello_pico/CMakeFiles/hello_pico.dir/home/student/.pico-sdk/sdk/2.2.0/lib/tinyusb/src/device/usbd.c.o
                0x100043c4                tud_mounted
 .text.tud_suspended
                0x100043d4       0x10 examples/hello_pico/CMakeFiles/hello_pico.dir/home/student/.pico-sdk/sdk/2.2.0/lib/tinyusb/src/device/usbd.c.o
                0x100043d4                tud_suspended
 .text.tud_inited
                0x100043e4       0x14 examples/hello_pico/CMakeFiles/hello_pico.dir/home/student/.pico-sdk/sdk/2.2.0/lib/tinyusb/src/device/usbd.c.o
                0x100043e4                tud_inited
 .text.tud_rhport_init
                0x100043f8      0x100 examples/hello_pico/CMakeFiles/hello_pico.dir/home/student/.pico-sdk/sdk/2.2.0/lib/tinyusb/src/device/usbd.c.o
                0x100043f8                tud_rhport_init
 .text.usbd_edpt_open
                0x100044f8       0x60 examples/hello_pico/CMakeFiles/hello_pico.dir/home/student/.pico-sdk/sdk/2.2.0/lib/tinyusb/src/device/usbd.c.o
                0x100044f8                usbd_edpt_open
 .text.usbd_open_edpt_pair
                0x10004558       0x88 examples/hello_pico/CMakeFiles/hello_pico.dir/home/student/.pico-sdk/sdk/2.2.0/lib/tinyusb/src/device/usbd.c.o
                0x10004558                usbd_open_edpt_pair
 .text.usbd_edpt_claim
                0x100045e0       0x28 examples/hello_pico/CMakeFiles/hello_pico.dir/home/student/.pico-sdk/sdk/2.2.0/lib/tinyusb/src/device/usbd.c.o
                0x100045e0                usbd_edpt_claim
 .text.usbd_edpt_release
                0x10004608       0x28 examples/hello_pico/CMakeFiles/hello_pico.dir/home/student/.pico-sdk/sdk/2.2.0/lib/tinyusb/src/device/usbd.c.o
                0x10004608                usbd_edpt_release
 .text.usbd_edpt_xfer
                0x10004630       0x88 examples/hello_pico/CMakeFiles/hello_pico.dir/home/student/.pico-sdk/sdk/2.2.0/lib/tinyusb/src/device/usbd.c.o
                0x10004630                usbd_edpt_xfer
 .text.usbd_edpt_stall
                0x100046b8       0x34 examples/hello_pico/CMakeFiles/hello_pico.dir/home/student/.pico-sdk/sdk/2.2.0/lib/tinyusb/src/device/usbd.c.o
                0x100046b8                usbd_edpt_stall
 .text.usbd_edpt_clear_stall
                0x100046ec       0x34 examples/hello_pico/CMakeFiles/hello_pico.dir/home/student/.pico-sdk/sdk/2.2.0/lib/tinyusb/src/device/usbd.c.o
                0x100046ec                usbd_edpt_clear_stall
 .text.usbd_edpt_stalled
                0x10004720       0x1c examples/hello_pico/CMakeFiles/hello_pico.dir/home/student/.pico-sdk/sdk/2.2.0/lib/tinyusb/src/device/usbd.c.o
                0x10004720                usbd_edpt_stalled
 .text.process_control_request
                0x1000473c      0x384 examples/hello_pico/CMakeFiles/hello_pico.dir/home/student/.pico-sdk/sdk/2.2.0/lib/tinyusb/src/device/usbd.c.o
 .text.tud_task_ext
                0x10004ac0      0x1d0 examples/hello_pico/CMakeFiles/hello_pico.dir/home/student/.pico-sdk/sdk/2.2.0/lib/tinyusb/src/device/usbd.c.o
                0x10004ac0                tud_task_ext
 .text.status_stage_xact
                0x10004c90       0x1a examples/hello_pico/CMakeFiles/hello_pico.dir/home/student/.pico-sdk/sdk/2.2.0/lib/tinyusb/src/device/usbd_control.c.o
 *fill*         0x10004caa        0x2 
 .text.data_stage_xact
                0x10004cac       0x60 examples/hello_pico/CMakeFiles/hello_pico.dir/home/student/.pico-sdk/sdk/2.2.0/lib/tinyusb/src/device/usbd_control.c.o
 .text.tud_control_status
                0x10004d0c       0x28 examples/hello_pico/CMakeFiles/hello_pico.dir/home/student/.pico-sdk/sdk/2.2.0/lib/tinyusb/src/device/usbd_control.c.o
                0x10004d0c                tud_control_status
 .text.tud_control_xfer
                0x10004d34       0x98 examples/hello_pico/CMakeFiles/hello_pico.dir/home/student/.pico-sdk/sdk/2.2.0/lib/tinyusb/src/device/usbd_control.c.o
                0x10004d34                tud_control_xfer
 .text.usbd_control_reset
                0x10004dcc       0x14 examples/hello_pico/CMakeFiles/hello_pico.dir/home/student/.pico-sdk/sdk/2.2.0/lib/tinyusb/src/device/usbd_control.c.o
                0x10004dcc                usbd_control_reset
 .text.usbd_control_set_complete_callback
                0x10004de0        0xc examples/hello_pico/CMakeFiles/hello_pico.dir/home/student/.pico-sdk/sdk/2.2.0/lib/tinyusb/src/device/usbd_control.c.o
                0x10004de0                usbd_control_set_complete_callback
 .text.usbd_control_set_request
                0x10004dec       0x1c examples/hello_pico/CMakeFiles/hello_pico.dir/home/student/.pico-sdk/sdk/2.2.0/lib/tinyusb/src/device/usbd_control.c.o
                0x10004dec                usbd_control_set_request
 .text.usbd_control_xfer_cb
                0x10004e08       0xe0 examples/hello_pico/CMakeFiles/hello_pico.dir/home/student/.pico-sdk/sdk/2.2.0/lib/tinyusb/src/device/usbd_control.c.o
                0x10004e08                usbd_control_xfer_cb
 .text._prep_out_transaction
                0x10004ee8       0x94 examples/hello_pico/CMakeFiles/hello_pico.dir/home/student/.pico-sdk/sdk/2.2.0/lib/tinyusb/src/class/cdc/cdc_device.c.o
 .text.tud_cdc_n_connected
                0x10004f7c       0x38 examples/hello_pico/CMakeFiles/hello_pico.dir/home/student/.pico-sdk/sdk/2.2.0/lib/tinyusb/src/class/cdc/cdc_device.c.o
                0x10004f7c                tud_cdc_n_connected
 .text.tud_cdc_n_available
                0x10004fb4       0x18 examples/hello_pico/CMakeFiles/hello_pico.dir/home/student/.pico-sdk/sdk/2.2.0/lib/tinyusb/src/class/cdc/cdc_device.c.o
                0x10004fb4                tud_cdc_n_available
 .text.tud_cdc_n_read
                0x10004fcc       0x38 examples/hello_pico/CMakeFiles/hello_pico.dir/home/student/.pico-sdk/sdk/2.2.0/lib/tinyusb/src/class/cdc/cdc_device.c.o
                0x10004fcc                tud_cdc_n_read
 .text.tud_cdc_n_write_flush
                0x10005004       0xb0 examples/hello_pico/CMakeFiles/hello_pico.dir/home/student/.pico-sdk/sdk/2.2.0/lib/tinyusb/src/class/cdc/cdc_device.c.o
                0x10005004                tud_cdc_n_write_flush
 .text.tud_cdc_n_write
                0x100050b4       0x48 examples/hello_pico/CMakeFiles/hello_pico.dir/home/student/.pico-sdk/sdk/2.2.0/lib/tinyusb/src/class/cdc/cdc_device.c.o
                0x100050b4                tud_cdc_n_write
 .text.tud_cdc_n_write_available
                0x100050fc       0x18 examples/hello_pico/CMakeFiles/hello_pico.dir/home/student/.pico-sdk/sdk/2.2.0/lib/tinyusb/src/class/cdc/cdc_device.c.o
                0x100050fc                tud_cdc_n_write_available
 .text.cdcd_init
                0x10005114       0xac examples/hello_pico/CMakeFiles/hello_pico.dir/home/student/.pico-sdk/sdk/2.2.0/lib/tinyusb/src/class/cdc/cdc_device.c.o
                0x10005114                cdcd_init
 .text.cdcd_deinit
                0x100051c0       0x48 examples/hello_pico/CMakeFiles/hello_pico.dir/home/student/.pico-sdk/sdk/2.2.0/lib/tinyusb/src/class/cdc/cdc_device.c.o
                0x100051c0                cdcd_deinit
 .text.cdcd_reset
                0x10005208       0x70 examples/hello_pico/CMakeFiles/hello_pico.dir/home/student/.pico-sdk/sdk/2.2.0/lib/tinyusb/src/class/cdc/cdc_device.c.o
                0x10005208                cdcd_reset
 .text.cdcd_open
                0x10005278       0xec examples/hello_pico/CMakeFiles/hello_pico.dir/home/student/.pico-sdk/sdk/2.2.0/lib/tinyusb/src/class/cdc/cdc_device.c.o
                0x10005278                cdcd_open
 .text.cdcd_control_xfer_cb
                0x10005364      0x13c examples/hello_pico/CMakeFiles/hello_pico.dir/home/student/.pico-sdk/sdk/2.2.0/lib/tinyusb/src/class/cdc/cdc_device.c.o
                0x10005364                cdcd_control_xfer_cb
 .text.cdcd_xfer_cb
                0x100054a0      0x148 examples/hello_pico/CMakeFiles/hello_pico.dir/home/student/.pico-sdk/sdk/2.2.0/lib/tinyusb/src/class/cdc/cdc_device.c.o
                0x100054a0                cdcd_xfer_cb
 .text.tud_vendor_n_mounted
                0x100055e8       0x3c examples/hello_pico/CMakeFiles/hello_pico.dir/home/student/.pico-sdk/sdk/2.2.0/lib/tinyusb/src/class/vendor/vendor_device.c.o
                0x100055e8                tud_vendor_n_mounted
 .text.tud_vendor_n_write_flush
                0x10005624       0x20 examples/hello_pico/CMakeFiles/hello_pico.dir/home/student/.pico-sdk/sdk/2.2.0/lib/tinyusb/src/class/vendor/vendor_device.c.o
                0x10005624                tud_vendor_n_write_flush
 .text.vendord_init
                0x10005644       0x9c examples/hello_pico/CMakeFiles/hello_pico.dir/home/student/.pico-sdk/sdk/2.2.0/lib/tinyusb/src/class/vendor/vendor_device.c.o
                0x10005644                vendord_init
 .text.vendord_deinit
                0x100056e0       0x34 examples/hello_pico/CMakeFiles/hello_pico.dir/home/student/.pico-sdk/sdk/2.2.0/lib/tinyusb/src/class/vendor/vendor_device.c.o
                0x100056e0                vendord_deinit
 .text.vendord_reset
                0x10005714       0x50 examples/hello_pico/CMakeFiles/hello_pico.dir/home/student/.pico-sdk/sdk/2.2.0/lib/tinyusb/src/class/vendor/vendor_device.c.o
                0x10005714                vendord_reset
 .text.vendord_open
                0x10005764      0x14c examples/hello_pico/CMakeFiles/hello_pico.dir/home/student/.pico-sdk/sdk/2.2.0/lib/tinyusb/src/class/vendor/vendor_device.c.o
                0x10005764                vendord_open
 .text.vendord_xfer_cb
                0x100058b0       0xd8 examples/hello_pico/CMakeFiles/hello_pico.dir/home/student/.pico-sdk/sdk/2.2.0/lib/tinyusb/src/class/vendor/vendor_device.c.o
                0x100058b0                vendord_xfer_cb
 .text.tusb_rhport_init
                0x10005988       0x78 examples/hello_pico/CMakeFiles/hello_pico.dir/home/student/.pico-sdk/sdk/2.2.0/lib/tinyusb/src/tusb.c.o
                0x10005988                tusb_rhport_init
 .text.tu_edpt_claim
                0x10005a00       0x50 examples/hello_pico/CMakeFiles/hello_pico.dir/home/student/.pico-sdk/sdk/2.2.0/lib/tinyusb/src/tusb.c.o
                0x10005a00                tu_edpt_claim
 .text.tu_edpt_release
                0x10005a50       0x38 examples/hello_pico/CMakeFiles/hello_pico.dir/home/student/.pico-sdk/sdk/2.2.0/lib/tinyusb/src/tusb.c.o
                0x10005a50                tu_edpt_release
 .text.tu_edpt_validate
                0x10005a88       0xac examples/hello_pico/CMakeFiles/hello_pico.dir/home/student/.pico-sdk/sdk/2.2.0/lib/tinyusb/src/tusb.c.o
                0x10005a88                tu_edpt_validate
 .text.tu_edpt_bind_driver
                0x10005b34       0x26 examples/hello_pico/CMakeFiles/hello_pico.dir/home/student/.pico-sdk/sdk/2.2.0/lib/tinyusb/src/tusb.c.o
                0x10005b34                tu_edpt_bind_driver
 .text.tu_edpt_stream_init
                0x10005b5a       0x62 examples/hello_pico/CMakeFiles/hello_pico.dir/home/student/.pico-sdk/sdk/2.2.0/lib/tinyusb/src/tusb.c.o
                0x10005b5a                tu_edpt_stream_init
 .text.tu_edpt_stream_deinit
                0x10005bbc        0x4 examples/hello_pico/CMakeFiles/hello_pico.dir/home/student/.pico-sdk/sdk/2.2.0/lib/tinyusb/src/tusb.c.o
                0x10005bbc                tu_edpt_stream_deinit
 .text.tu_edpt_stream_write_zlp_if_needed
                0x10005bc0       0x80 examples/hello_pico/CMakeFiles/hello_pico.dir/home/student/.pico-sdk/sdk/2.2.0/lib/tinyusb/src/tusb.c.o
                0x10005bc0                tu_edpt_stream_write_zlp_if_needed
 .text.tu_edpt_stream_write_xfer
                0x10005c40       0x84 examples/hello_pico/CMakeFiles/hello_pico.dir/home/student/.pico-sdk/sdk/2.2.0/lib/tinyusb/src/tusb.c.o
                0x10005c40                tu_edpt_stream_write_xfer
 .text.tu_edpt_stream_read_xfer
                0x10005cc4       0xf4 examples/hello_pico/CMakeFiles/hello_pico.dir/home/student/.pico-sdk/sdk/2.2.0/lib/tinyusb/src/tusb.c.o
                0x10005cc4                tu_edpt_stream_read_xfer
 .text.advance_index
                0x10005db8       0x1a examples/hello_pico/CMakeFiles/hello_pico.dir/home/student/.pico-sdk/sdk/2.2.0/lib/tinyusb/src/common/tusb_fifo.c.o
 .text._tu_fifo_peek
                0x10005dd2       0x56 examples/hello_pico/CMakeFiles/hello_pico.dir/home/student/.pico-sdk/sdk/2.2.0/lib/tinyusb/src/common/tusb_fifo.c.o
 .text._ff_pull_n
                0x10005e28       0x68 examples/hello_pico/CMakeFiles/hello_pico.dir/home/student/.pico-sdk/sdk/2.2.0/lib/tinyusb/src/common/tusb_fifo.c.o
 .text._tu_fifo_peek_n
                0x10005e90       0x6a examples/hello_pico/CMakeFiles/hello_pico.dir/home/student/.pico-sdk/sdk/2.2.0/lib/tinyusb/src/common/tusb_fifo.c.o
 .text._tu_fifo_read_n
                0x10005efa       0x4e examples/hello_pico/CMakeFiles/hello_pico.dir/home/student/.pico-sdk/sdk/2.2.0/lib/tinyusb/src/common/tusb_fifo.c.o
 .text._ff_push_n
                0x10005f48       0x68 examples/hello_pico/CMakeFiles/hello_pico.dir/home/student/.pico-sdk/sdk/2.2.0/lib/tinyusb/src/common/tusb_fifo.c.o
 .text._tu_fifo_write_n
                0x10005fb0       0xf0 examples/hello_pico/CMakeFiles/hello_pico.dir/home/student/.pico-sdk/sdk/2.2.0/lib/tinyusb/src/common/tusb_fifo.c.o
 .text.tu_fifo_config
                0x100060a0       0x7c examples/hello_pico/CMakeFiles/hello_pico.dir/home/student/.pico-sdk/sdk/2.2.0/lib/tinyusb/src/common/tusb_fifo.c.o
                0x100060a0                tu_fifo_config
 .text.tu_fifo_count
                0x1000611c       0x2c examples/hello_pico/CMakeFiles/hello_pico.dir/home/student/.pico-sdk/sdk/2.2.0/lib/tinyusb/src/common/tusb_fifo.c.o
                0x1000611c                tu_fifo_count
 .text.tu_fifo_empty
                0x10006148        0xe examples/hello_pico/CMakeFiles/hello_pico.dir/home/student/.pico-sdk/sdk/2.2.0/lib/tinyusb/src/common/tusb_fifo.c.o
                0x10006148                tu_fifo_empty
 .text.tu_fifo_full
                0x10006156       0x2a examples/hello_pico/CMakeFiles/hello_pico.dir/home/student/.pico-sdk/sdk/2.2.0/lib/tinyusb/src/common/tusb_fifo.c.o
                0x10006156                tu_fifo_full
 .text.tu_fifo_remaining
                0x10006180       0x2e examples/hello_pico/CMakeFiles/hello_pico.dir/home/student/.pico-sdk/sdk/2.2.0/lib/tinyusb/src/common/tusb_fifo.c.o
                0x10006180                tu_fifo_remaining
 .text.tu_fifo_read
                0x100061ae       0x42 examples/hello_pico/CMakeFiles/hello_pico.dir/home/student/.pico-sdk/sdk/2.2.0/lib/tinyusb/src/common/tusb_fifo.c.o
                0x100061ae                tu_fifo_read
 .text.tu_fifo_read_n
                0x100061f0        0xa examples/hello_pico/CMakeFiles/hello_pico.dir/home/student/.pico-sdk/sdk/2.2.0/lib/tinyusb/src/common/tusb_fifo.c.o
                0x100061f0                tu_fifo_read_n
 .text.tu_fifo_write
                0x100061fa       0x64 examples/hello_pico/CMakeFiles/hello_pico.dir/home/student/.pico-sdk/sdk/2.2.0/lib/tinyusb/src/common/tusb_fifo.c.o
                0x100061fa                tu_fifo_write
 .text.tu_fifo_write_n
                0x1000625e        0xa examples/hello_pico/CMakeFiles/hello_pico.dir/home/student/.pico-sdk/sdk/2.2.0/lib/tinyusb/src/common/tusb_fifo.c.o
                0x1000625e                tu_fifo_write_n
 .text.tu_fifo_clear
                0x10006268       0x3e examples/hello_pico/CMakeFiles/hello_pico.dir/home/student/.pico-sdk/sdk/2.2.0/lib/tinyusb/src/common/tusb_fifo.c.o
                0x10006268                tu_fifo_clear
 .text.tu_fifo_set_overwritable
                0x100062a6       0x46 examples/hello_pico/CMakeFiles/hello_pico.dir/home/student/.pico-sdk/sdk/2.2.0/lib/tinyusb/src/common/tusb_fifo.c.o
                0x100062a6                tu_fifo_set_overwritable
 .text.strlen   0x100062ec       0x5c /home/student/.pico-sdk/toolchain/14_2_Rel1/bin/../lib/gcc/arm-none-eabi/14.2.1/../../../../arm-none-eabi/lib/thumb/v6-m/nofp/libg.a(libc_a-strlen-stub.o)
                0x100062ec                strlen
 *(.fini)
 .fini          0x10006348        0x4 /home/student/.pico-sdk/toolchain/14_2_Rel1/bin/../lib/gcc/arm-none-eabi/14.2.1/thumb/v6-m/nofp/crti.o
                0x10006348                _fini
 *fill*         0x1000634c        0x4 
 .fini.__stub   0x10006350       0xd0 linker stubs
 *crtbegin.o(.ctors)
 *crtbegin?.o(.ctors)
 *(EXCLUDE_FILE(*crtend.o *crtend?.o) .ctors)
 *(SORT_BY_NAME(.ctors.*))
 *(.ctors)
 *crtbegin.o(.dtors)
 *crtbegin?.o(.dtors)
 *(EXCLUDE_FILE(*crtend.o *crtend?.o) .dtors)
 *(SORT_BY_NAME(.dtors.*))
 *(.dtors)
                0x10006420                        . = ALIGN (0x4)
                0x10006420                        PROVIDE (__preinit_array_start = .)
 *(SORT_BY_NAME(.preinit_array.*))
 .preinit_array.00100
                0x10006420        0x4 examples/hello_pico/CMakeFiles/hello_pico.dir/home/student/.pico-sdk/sdk/2.2.0/src/rp2_common/pico_runtime_init/runtime_init.c.o
                0x10006420                __pre_init_runtime_init_early_resets
 .preinit_array.00101
                0x10006424        0x4 examples/hello_pico/CMakeFiles/hello_pico.dir/home/student/.pico-sdk/sdk/2.2.0/src/rp2_common/pico_runtime_init/runtime_init.c.o
                0x10006424                __pre_init_runtime_init_usb_power_down
 .preinit_array.00275
                0x10006428        0x4 examples/hello_pico/CMakeFiles/hello_pico.dir/home/student/.pico-sdk/sdk/2.2.0/src/rp2_common/pico_bit_ops/bit_ops_aeabi.S.o
 .preinit_array.00300
                0x1000642c        0x4 examples/hello_pico/CMakeFiles/hello_pico.dir/home/student/.pico-sdk/sdk/2.2.0/src/rp2_common/pico_mem_ops/mem_ops_aeabi.S.o
 .preinit_array.00350
                0x10006430        0x4 examples/hello_pico/CMakeFiles/hello_pico.dir/home/student/.pico-sdk/sdk/2.2.0/src/rp2_common/pico_double/double_aeabi_rp2040.S.o
 .preinit_array.00350
                0x10006434        0x4 examples/hello_pico/CMakeFiles/hello_pico.dir/home/student/.pico-sdk/sdk/2.2.0/src/rp2_common/pico_float/float_aeabi_rp2040.S.o
 .preinit_array.00500
                0x10006438        0x4 examples/hello_pico/CMakeFiles/hello_pico.dir/home/student/.pico-sdk/sdk/2.2.0/src/rp2_common/pico_runtime_init/runtime_init.c.o
                0x10006438                __pre_init_runtime_init_clocks
 .preinit_array.00600
                0x1000643c        0x4 examples/hello_pico/CMakeFiles/hello_pico.dir/home/student/.pico-sdk/sdk/2.2.0/src/rp2_common/pico_runtime_init/runtime_init.c.o
                0x1000643c                __pre_init_runtime_init_post_clock_resets
 .preinit_array.00700
                0x10006440        0x4 examples/hello_pico/CMakeFiles/hello_pico.dir/home/student/.pico-sdk/sdk/2.2.0/src/rp2_common/pico_runtime_init/runtime_init.c.o
                0x10006440                __pre_init_runtime_init_rp2040_gpio_ie_disable
 .preinit_array.01000
                0x10006444        0x4 examples/hello_pico/CMakeFiles/hello_pico.dir/home/student/.pico-sdk/sdk/2.2.0/src/rp2_common/pico_runtime_init/runtime_init.c.o
                0x10006444                __pre_init_runtime_init_spin_locks_reset
 .preinit_array.01100
                0x10006448        0x4 examples/hello_pico/CMakeFiles/hello_pico.dir/home/student/.pico-sdk/sdk/2.2.0/src/common/pico_sync/mutex.c.o
                0x10006448                __pre_init_runtime_init_mutex
 .preinit_array.10080
                0x1000644c        0x4 examples/hello_pico/CMakeFiles/hello_pico.dir/home/student/.pico-sdk/sdk/2.2.0/src/rp2_common/pico_runtime_init/runtime_init.c.o
                0x1000644c                __pre_init_runtime_init_install_ram_vector_table
 .preinit_array.11000
                0x10006450        0x4 examples/hello_pico/CMakeFiles/hello_pico.dir/home/student/.pico-sdk/sdk/2.2.0/src/common/pico_time/time.c.o
                0x10006450                __pre_init_runtime_init_default_alarm_pool
 .preinit_array.YYYYY
                0x10006454        0x4 examples/hello_pico/CMakeFiles/hello_pico.dir/home/student/.pico-sdk/sdk/2.2.0/src/rp2_common/pico_runtime/runtime.c.o
                0x10006454                __pre_init_first_per_core_initializer
 .preinit_array.ZZZZZ.01200
                0x10006458        0x4 examples/hello_pico/CMakeFiles/hello_pico.dir/home/student/.pico-sdk/sdk/2.2.0/src/rp2_common/hardware_irq/irq.c.o
                0x10006458                __pre_init_runtime_init_per_core_irq_priorities
 *(.preinit_array)
                0x1000645c                        PROVIDE (__preinit_array_end = .)
                0x1000645c                        . = ALIGN (0x4)
                0x1000645c                        PROVIDE (__init_array_start = .)
 *(SORT_BY_NAME(.init_array.*))
 .init_array.01000
                0x1000645c        0x4 examples/hello_pico/CMakeFiles/hello_pico.dir/home/student/.pico-sdk/sdk/2.2.0/src/rp2_common/pico_unique_id/unique_id.c.o
 *(.init_array)
 .init_array    0x10006460        0x4 /home/student/.pico-sdk/toolchain/14_2_Rel1/bin/../lib/gcc/arm-none-eabi/14.2.1/thumb/v6-m/nofp/crtbegin.o
                0x10006464                        PROVIDE (__init_array_end = .)
                0x10006464                        . = ALIGN (0x4)
                [!provide]                        PROVIDE (__fini_array_start = .)
 *(SORT_BY_NAME(.fini_array.*))
 *(.fini_array)
                [!provide]                        PROVIDE (__fini_array_end = .)
 *(.eh_frame*)
 .eh_frame      0x10006464        0x0 /home/student/.pico-sdk/toolchain/14_2_Rel1/bin/../lib/gcc/arm-none-eabi/14.2.1/thumb/v6-m/nofp/crtbegin.o
                0x10006464                        . = ALIGN (0x4)

.glue_7         0x10006464        0x0
 .glue_7        0x10006464        0x0 linker stubs

.glue_7t        0x10006464        0x0
 .glue_7t       0x10006464        0x0 linker stubs

.vfp11_veneer   0x10006464        0x0
 .vfp11_veneer  0x10006464        0x0 linker stubs

.v4_bx          0x10006464        0x0
 .v4_bx         0x10006464        0x0 linker stubs

.iplt           0x10006464        0x0
 .iplt          0x10006464        0x0 /home/student/.pico-sdk/toolchain/14_2_Rel1/bin/../lib/gcc/arm-none-eabi/14.2.1/thumb/v6-m/nofp/crtbegin.o

.rodata         0x10006468     0x1448
 *(EXCLUDE_FILE(*libm.a: *libc.a:*lib_a-mem*.o *libgcc.a:) .rodata*)
 .rodata.main.str1.4
                0x10006468      0xc3b examples/hello_pico/CMakeFiles/hello_pico.dir/src/main.c.o
                                 0x1a (size before relaxing)
 .rodata.rp2040_chip_version.str1.4
                0x100070a3       0x7d examples/hello_pico/CMakeFiles/hello_pico.dir/home/student/.pico-sdk/sdk/2.2.0/src/rp2040/pico_platform/platform.c.o
 *fill*         0x100070a3        0x1 
 .rodata.__func__.0
                0x100070a4       0x14 examples/hello_pico/CMakeFiles/hello_pico.dir/home/student/.pico-sdk/sdk/2.2.0/src/rp2040/pico_platform/platform.c.o
 .rodata.panic.str1.4
                0x100070b8       0x12 examples/hello_pico/CMakeFiles/hello_pico.dir/home/student/.pico-sdk/sdk/2.2.0/src/rp2_common/pico_platform_panic/panic.c.o
 .rodata.spin_lock_claim_unused.str1.4
                0x100070b8       0x1b examples/hello_pico/CMakeFiles/hello_pico.dir/home/student/.pico-sdk/sdk/2.2.0/src/rp2_common/hardware_sync/sync.c.o
 .rodata.resolve_j_16.str1.4
                0x100070b8       0x5c examples/hello_pico/CMakeFiles/hello_pico.dir/home/student/.pico-sdk/sdk/2.2.0/src/rp2_common/hardware_irq/irq.c.o
 .rodata.make_j_16.str1.4
                0x100070b8       0x30 examples/hello_pico/CMakeFiles/hello_pico.dir/home/student/.pico-sdk/sdk/2.2.0/src/rp2_common/hardware_irq/irq.c.o
 .rodata.irq_set_exclusive_handler.str1.4
                0x100070b8       0x36 examples/hello_pico/CMakeFiles/hello_pico.dir/home/student/.pico-sdk/sdk/2.2.0/src/rp2_common/hardware_irq/irq.c.o
 .rodata.irq_add_shared_handler.str1.4
                0x100070b8       0xd2 examples/hello_pico/CMakeFiles/hello_pico.dir/home/student/.pico-sdk/sdk/2.2.0/src/rp2_common/hardware_irq/irq.c.o
 .rodata.irq_add_tail_to_free_list.str1.4
                0x100070b8       0x3a examples/hello_pico/CMakeFiles/hello_pico.dir/home/student/.pico-sdk/sdk/2.2.0/src/rp2_common/hardware_irq/irq.c.o
 .rodata.user_irq_claim_unused.str1.4
                0x100070b8       0x1b examples/hello_pico/CMakeFiles/hello_pico.dir/home/student/.pico-sdk/sdk/2.2.0/src/rp2_common/hardware_irq/irq.c.o
 .rodata.__func__.0
                0x100070b8       0x1a examples/hello_pico/CMakeFiles/hello_pico.dir/home/student/.pico-sdk/sdk/2.2.0/src/rp2_common/hardware_irq/irq.c.o
 *fill*         0x100070d2        0x2 
 .rodata.__func__.3
                0x100070d4        0xa examples/hello_pico/CMakeFiles/hello_pico.dir/home/student/.pico-sdk/sdk/2.2.0/src/rp2_common/hardware_irq/irq.c.o
 *fill*         0x100070de        0x2 
 .rodata.__func__.4
                0x100070e0        0xd examples/hello_pico/CMakeFiles/hello_pico.dir/home/student/.pico-sdk/sdk/2.2.0/src/rp2_common/hardware_irq/irq.c.o
 *fill*         0x100070ed        0x3 
 .rodata.__func__.5
                0x100070f0       0x17 examples/hello_pico/CMakeFiles/hello_pico.dir/home/student/.pico-sdk/sdk/2.2.0/src/rp2_common/hardware_irq/irq.c.o
 *fill*         0x10007107        0x1 
 .rodata.__func__.6
                0x10007108       0x1a examples/hello_pico/CMakeFiles/hello_pico.dir/home/student/.pico-sdk/sdk/2.2.0/src/rp2_common/hardware_irq/irq.c.o
 .rodata.runtime_init_mutex.str1.4
                0x10007122       0x5f examples/hello_pico/CMakeFiles/hello_pico.dir/home/student/.pico-sdk/sdk/2.2.0/src/common/pico_sync/mutex.c.o
 .rodata.str1.4
                0x10007122       0x51 examples/hello_pico/CMakeFiles/hello_pico.dir/home/student/.pico-sdk/sdk/2.2.0/src/common/pico_sync/mutex.c.o
 *fill*         0x10007122        0x2 
 .rodata.__func__.1
                0x10007124        0xb examples/hello_pico/CMakeFiles/hello_pico.dir/home/student/.pico-sdk/sdk/2.2.0/src/common/pico_sync/mutex.c.o
 *fill*         0x1000712f        0x1 
 .rodata.__func__.3
                0x10007130       0x18 examples/hello_pico/CMakeFiles/hello_pico.dir/home/student/.pico-sdk/sdk/2.2.0/src/common/pico_sync/mutex.c.o
 .rodata.__func__.6
                0x10007148       0x13 examples/hello_pico/CMakeFiles/hello_pico.dir/home/student/.pico-sdk/sdk/2.2.0/src/common/pico_sync/mutex.c.o
 .rodata.alarm_pool_irq_handler.str1.4
                0x1000715b       0x6a examples/hello_pico/CMakeFiles/hello_pico.dir/home/student/.pico-sdk/sdk/2.2.0/src/common/pico_time/time.c.o
 .rodata.alarm_pool_get_default.str1.4
                0x1000715b       0x21 examples/hello_pico/CMakeFiles/hello_pico.dir/home/student/.pico-sdk/sdk/2.2.0/src/common/pico_time/time.c.o
 .rodata.sleep_until.str1.4
                0x1000715b       0x4d examples/hello_pico/CMakeFiles/hello_pico.dir/home/student/.pico-sdk/sdk/2.2.0/src/common/pico_time/time.c.o
 *fill*         0x1000715b        0x1 
 .rodata.__func__.1
                0x1000715c       0x17 examples/hello_pico/CMakeFiles/hello_pico.dir/home/student/.pico-sdk/sdk/2.2.0/src/common/pico_time/time.c.o
 *fill*         0x10007173        0x1 
 .rodata.__func__.2
                0x10007174       0x17 examples/hello_pico/CMakeFiles/hello_pico.dir/home/student/.pico-sdk/sdk/2.2.0/src/common/pico_time/time.c.o
 .rodata.timer_hardware_alarm_claim.str1.4
                0x1000718b       0x22 examples/hello_pico/CMakeFiles/hello_pico.dir/home/student/.pico-sdk/sdk/2.2.0/src/rp2_common/hardware_timer/timer.c.o
 .rodata.pll_init.str1.4
                0x1000718b      0x118 examples/hello_pico/CMakeFiles/hello_pico.dir/home/student/.pico-sdk/sdk/2.2.0/src/rp2_common/hardware_pll/pll.c.o
 *fill*         0x1000718b        0x1 
 .rodata.__func__.0
                0x1000718c        0x9 examples/hello_pico/CMakeFiles/hello_pico.dir/home/student/.pico-sdk/sdk/2.2.0/src/rp2_common/hardware_pll/pll.c.o
 .rodata.missing_double_func_shim.str1.4
                0x10007195       0x18 examples/hello_pico/CMakeFiles/hello_pico.dir/home/student/.pico-sdk/sdk/2.2.0/src/rp2_common/pico_double/double_init_rom_rp2040.c.o
 .rodata.__aeabi_double_init.str1.4
                0x10007195       0x9a examples/hello_pico/CMakeFiles/hello_pico.dir/home/student/.pico-sdk/sdk/2.2.0/src/rp2_common/pico_double/double_init_rom_rp2040.c.o
 *fill*         0x10007195        0x3 
 .rodata.__func__.0
                0x10007198       0x14 examples/hello_pico/CMakeFiles/hello_pico.dir/home/student/.pico-sdk/sdk/2.2.0/src/rp2_common/pico_double/double_init_rom_rp2040.c.o
 .rodata.missing_float_func_shim.str1.4
                0x100071ac        0x1 examples/hello_pico/CMakeFiles/hello_pico.dir/home/student/.pico-sdk/sdk/2.2.0/src/rp2_common/pico_float/float_init_rom_rp2040.c.o
 .rodata.__aeabi_float_init.str1.4
                0x100071ac       0x88 examples/hello_pico/CMakeFiles/hello_pico.dir/home/student/.pico-sdk/sdk/2.2.0/src/rp2_common/pico_float/float_init_rom_rp2040.c.o
 .rodata.__func__.0
                0x100071ac       0x13 examples/hello_pico/CMakeFiles/hello_pico.dir/home/student/.pico-sdk/sdk/2.2.0/src/rp2_common/pico_float/float_init_rom_rp2040.c.o
 .rodata.str1.4
                0x100071bf       0x40 examples/hello_pico/CMakeFiles/hello_pico.dir/home/student/.pico-sdk/sdk/2.2.0/src/rp2_common/pico_standard_binary_info/standard_binary_info.c.o
 *fill*         0x100071bf        0x1 
 .rodata.__bi_84
                0x100071c0        0xc examples/hello_pico/CMakeFiles/hello_pico.dir/home/student/.pico-sdk/sdk/2.2.0/src/rp2_common/pico_standard_binary_info/standard_binary_info.c.o
 .rodata.__bi_78
                0x100071cc        0xc examples/hello_pico/CMakeFiles/hello_pico.dir/home/student/.pico-sdk/sdk/2.2.0/src/rp2_common/pico_standard_binary_info/standard_binary_info.c.o
 .rodata.__bi_54
                0x100071d8        0xc examples/hello_pico/CMakeFiles/hello_pico.dir/home/student/.pico-sdk/sdk/2.2.0/src/rp2_common/pico_standard_binary_info/standard_binary_info.c.o
 .rodata.__bi_48
                0x100071e4        0xc examples/hello_pico/CMakeFiles/hello_pico.dir/home/student/.pico-sdk/sdk/2.2.0/src/rp2_common/pico_standard_binary_info/standard_binary_info.c.o
 .rodata.__bi_42
                0x100071f0        0xc examples/hello_pico/CMakeFiles/hello_pico.dir/home/student/.pico-sdk/sdk/2.2.0/src/rp2_common/pico_standard_binary_info/standard_binary_info.c.o
 .rodata.__bi_34
                0x100071fc        0xc examples/hello_pico/CMakeFiles/hello_pico.dir/home/student/.pico-sdk/sdk/2.2.0/src/rp2_common/pico_standard_binary_info/standard_binary_info.c.o
 .rodata.__bi_26
                0x10007208        0xc examples/hello_pico/CMakeFiles/hello_pico.dir/home/student/.pico-sdk/sdk/2.2.0/src/rp2_common/pico_standard_binary_info/standard_binary_info.c.o
 .rodata._ftoa.str1.4
                0x10007214       0x15 examples/hello_pico/CMakeFiles/hello_pico.dir/home/student/.pico-sdk/sdk/2.2.0/src/rp2_common/pico_printf/printf.c.o
 .rodata._vsnprintf
                0x10007214      0x19c examples/hello_pico/CMakeFiles/hello_pico.dir/home/student/.pico-sdk/sdk/2.2.0/src/rp2_common/pico_printf/printf.c.o
 .rodata.pow10.0
                0x100073b0       0x50 examples/hello_pico/CMakeFiles/hello_pico.dir/home/student/.pico-sdk/sdk/2.2.0/src/rp2_common/pico_printf/printf.c.o
 .rodata.__assert_func.str1.4
                0x10007400       0x43 examples/hello_pico/CMakeFiles/hello_pico.dir/home/student/.pico-sdk/sdk/2.2.0/src/rp2_common/pico_clib_interface/newlib_interface.c.o
 .rodata.crlf_str.0
                0x10007400        0x2 examples/hello_pico/CMakeFiles/hello_pico.dir/home/student/.pico-sdk/sdk/2.2.0/src/rp2_common/pico_stdio/stdio.c.o
 *fill*         0x10007402        0x2 
 .rodata._resetd_driver
                0x10007404       0x20 examples/hello_pico/CMakeFiles/hello_pico.dir/home/student/.pico-sdk/sdk/2.2.0/src/rp2_common/pico_stdio_usb/reset_interface.c.o
 .rodata.desc_ms_os_20
                0x10007424       0xa6 examples/hello_pico/CMakeFiles/hello_pico.dir/home/student/.pico-sdk/sdk/2.2.0/src/rp2_common/pico_stdio_usb/reset_interface.c.o
 *fill*         0x100074ca        0x2 
 .rodata.desc_bos
                0x100074cc       0x21 examples/hello_pico/CMakeFiles/hello_pico.dir/home/student/.pico-sdk/sdk/2.2.0/src/rp2_common/pico_stdio_usb/reset_interface.c.o
                0x100074cc                desc_bos
 .rodata.stdio_usb_init.str1.4
                0x100074ed       0x54 examples/hello_pico/CMakeFiles/hello_pico.dir/home/student/.pico-sdk/sdk/2.2.0/src/rp2_common/pico_stdio_usb/stdio_usb.c.o
 .rodata.str1.4
                0x100074ed       0x13 examples/hello_pico/CMakeFiles/hello_pico.dir/home/student/.pico-sdk/sdk/2.2.0/src/rp2_common/pico_stdio_usb/stdio_usb.c.o
 *fill*         0x100074ed        0x3 
 .rodata.__bi_202.1
                0x100074f0        0xc examples/hello_pico/CMakeFiles/hello_pico.dir/home/student/.pico-sdk/sdk/2.2.0/src/rp2_common/pico_stdio_usb/stdio_usb.c.o
 .rodata.__func__.2
                0x100074fc        0xf examples/hello_pico/CMakeFiles/hello_pico.dir/home/student/.pico-sdk/sdk/2.2.0/src/rp2_common/pico_stdio_usb/stdio_usb.c.o
 .rodata.str1.4
                0x1000750b       0x2a examples/hello_pico/CMakeFiles/hello_pico.dir/home/student/.pico-sdk/sdk/2.2.0/src/rp2_common/pico_stdio_usb/stdio_usb_descriptors.c.o
 *fill*         0x1000750b        0x1 
 .rodata.usbd_desc_str
                0x1000750c       0x18 examples/hello_pico/CMakeFiles/hello_pico.dir/home/student/.pico-sdk/sdk/2.2.0/src/rp2_common/pico_stdio_usb/stdio_usb_descriptors.c.o
 .rodata.usbd_desc_cfg
                0x10007524       0x54 examples/hello_pico/CMakeFiles/hello_pico.dir/home/student/.pico-sdk/sdk/2.2.0/src/rp2_common/pico_stdio_usb/stdio_usb_descriptors.c.o
 .rodata.usbd_desc_device
                0x10007578       0x12 examples/hello_pico/CMakeFiles/hello_pico.dir/home/student/.pico-sdk/sdk/2.2.0/src/rp2_common/pico_stdio_usb/stdio_usb_descriptors.c.o
 .rodata.pico_get_unique_board_id_string.str1.4
                0x1000758a       0x54 examples/hello_pico/CMakeFiles/hello_pico.dir/home/student/.pico-sdk/sdk/2.2.0/src/rp2_common/pico_unique_id/unique_id.c.o
 *fill*         0x1000758a        0x2 
 .rodata.__func__.0
                0x1000758c       0x20 examples/hello_pico/CMakeFiles/hello_pico.dir/home/student/.pico-sdk/sdk/2.2.0/src/rp2_common/pico_unique_id/unique_id.c.o
 .rodata.str1.4
                0x100075ac      0x201 examples/hello_pico/CMakeFiles/hello_pico.dir/home/student/.pico-sdk/sdk/2.2.0/src/rp2_common/hardware_flash/flash.c.o
 .rodata.__func__.0
                0x100075ac        0xd examples/hello_pico/CMakeFiles/hello_pico.dir/home/student/.pico-sdk/sdk/2.2.0/src/rp2_common/hardware_flash/flash.c.o
 .rodata.hw_endpoint_alloc.str1.4
                0x100075b9       0x9f examples/hello_pico/CMakeFiles/hello_pico.dir/home/student/.pico-sdk/sdk/2.2.0/lib/tinyusb/src/portable/raspberrypi/rp2040/dcd_rp2040.c.o
 .rodata.str1.4
                0x100075b9       0x14 examples/hello_pico/CMakeFiles/hello_pico.dir/home/student/.pico-sdk/sdk/2.2.0/lib/tinyusb/src/portable/raspberrypi/rp2040/dcd_rp2040.c.o
 .rodata.dcd_int_enable.str1.4
                0x100075b9        0xc examples/hello_pico/CMakeFiles/hello_pico.dir/home/student/.pico-sdk/sdk/2.2.0/lib/tinyusb/src/portable/raspberrypi/rp2040/dcd_rp2040.c.o
 *fill*         0x100075b9        0x3 
 .rodata.__func__.0
                0x100075bc        0xe examples/hello_pico/CMakeFiles/hello_pico.dir/home/student/.pico-sdk/sdk/2.2.0/lib/tinyusb/src/portable/raspberrypi/rp2040/dcd_rp2040.c.o
 *fill*         0x100075ca        0x2 
 .rodata.__func__.3
                0x100075cc       0x10 examples/hello_pico/CMakeFiles/hello_pico.dir/home/student/.pico-sdk/sdk/2.2.0/lib/tinyusb/src/portable/raspberrypi/rp2040/dcd_rp2040.c.o
 .rodata.__func__.5
                0x100075dc        0xf examples/hello_pico/CMakeFiles/hello_pico.dir/home/student/.pico-sdk/sdk/2.2.0/lib/tinyusb/src/portable/raspberrypi/rp2040/dcd_rp2040.c.o
 *fill*         0x100075eb        0x1 
 .rodata.__func__.6
                0x100075ec       0x12 examples/hello_pico/CMakeFiles/hello_pico.dir/home/student/.pico-sdk/sdk/2.2.0/lib/tinyusb/src/portable/raspberrypi/rp2040/dcd_rp2040.c.o
 *fill*         0x100075fe        0x2 
 .rodata.__func__.7
                0x10007600        0x9 examples/hello_pico/CMakeFiles/hello_pico.dir/home/student/.pico-sdk/sdk/2.2.0/lib/tinyusb/src/portable/raspberrypi/rp2040/dcd_rp2040.c.o
 .rodata.str1.4
                0x10007609       0xe4 examples/hello_pico/CMakeFiles/hello_pico.dir/home/student/.pico-sdk/sdk/2.2.0/lib/tinyusb/src/portable/raspberrypi/rp2040/rp2040_usb.c.o
 .rodata.hw_endpoint_xfer_start.str1.4
                0x10007609       0x38 examples/hello_pico/CMakeFiles/hello_pico.dir/home/student/.pico-sdk/sdk/2.2.0/lib/tinyusb/src/portable/raspberrypi/rp2040/rp2040_usb.c.o
 *fill*         0x10007609        0x3 
 .rodata.__func__.0
                0x1000760c        0xf examples/hello_pico/CMakeFiles/hello_pico.dir/home/student/.pico-sdk/sdk/2.2.0/lib/tinyusb/src/portable/raspberrypi/rp2040/rp2040_usb.c.o
 .rodata.configuration_reset.str1.4
                0x1000761b       0x17 examples/hello_pico/CMakeFiles/hello_pico.dir/home/student/.pico-sdk/sdk/2.2.0/lib/tinyusb/src/device/usbd.c.o
 *fill*         0x1000761b        0x1 
 .rodata.process_get_descriptor
                0x1000761c       0x40 examples/hello_pico/CMakeFiles/hello_pico.dir/home/student/.pico-sdk/sdk/2.2.0/lib/tinyusb/src/device/usbd.c.o
 .rodata        0x1000765c       0x1c examples/hello_pico/CMakeFiles/hello_pico.dir/home/student/.pico-sdk/sdk/2.2.0/lib/tinyusb/src/device/usbd.c.o
 .rodata.process_control_request
                0x10007678       0x28 examples/hello_pico/CMakeFiles/hello_pico.dir/home/student/.pico-sdk/sdk/2.2.0/lib/tinyusb/src/device/usbd.c.o
 .rodata.tud_task_ext
                0x100076a0       0x24 examples/hello_pico/CMakeFiles/hello_pico.dir/home/student/.pico-sdk/sdk/2.2.0/lib/tinyusb/src/device/usbd.c.o
 .rodata.__func__.3
                0x100076c4        0xf examples/hello_pico/CMakeFiles/hello_pico.dir/home/student/.pico-sdk/sdk/2.2.0/lib/tinyusb/src/device/usbd.c.o
 *fill*         0x100076d3        0x1 
 .rodata.__func__.4
                0x100076d4        0xf examples/hello_pico/CMakeFiles/hello_pico.dir/home/student/.pico-sdk/sdk/2.2.0/lib/tinyusb/src/device/usbd.c.o
 *fill*         0x100076e3        0x1 
 .rodata.__func__.5
                0x100076e4       0x14 examples/hello_pico/CMakeFiles/hello_pico.dir/home/student/.pico-sdk/sdk/2.2.0/lib/tinyusb/src/device/usbd.c.o
 .rodata.__func__.6
                0x100076f8        0xc examples/hello_pico/CMakeFiles/hello_pico.dir/home/student/.pico-sdk/sdk/2.2.0/lib/tinyusb/src/device/usbd.c.o
 .rodata.__func__.7
                0x10007704       0x17 examples/hello_pico/CMakeFiles/hello_pico.dir/home/student/.pico-sdk/sdk/2.2.0/lib/tinyusb/src/device/usbd.c.o
 *fill*         0x1000771b        0x1 
 .rodata.__func__.8
                0x1000771c       0x13 examples/hello_pico/CMakeFiles/hello_pico.dir/home/student/.pico-sdk/sdk/2.2.0/lib/tinyusb/src/device/usbd.c.o
 *fill*         0x1000772f        0x1 
 .rodata.__func__.9
                0x10007730       0x18 examples/hello_pico/CMakeFiles/hello_pico.dir/home/student/.pico-sdk/sdk/2.2.0/lib/tinyusb/src/device/usbd.c.o
 .rodata.__func__.10
                0x10007748       0x14 examples/hello_pico/CMakeFiles/hello_pico.dir/home/student/.pico-sdk/sdk/2.2.0/lib/tinyusb/src/device/usbd.c.o
 .rodata.__func__.11
                0x1000775c        0xd examples/hello_pico/CMakeFiles/hello_pico.dir/home/student/.pico-sdk/sdk/2.2.0/lib/tinyusb/src/device/usbd.c.o
 *fill*         0x10007769        0x3 
 .rodata.__func__.12
                0x1000776c       0x10 examples/hello_pico/CMakeFiles/hello_pico.dir/home/student/.pico-sdk/sdk/2.2.0/lib/tinyusb/src/device/usbd.c.o
 .rodata._usbd_driver
                0x1000777c       0x40 examples/hello_pico/CMakeFiles/hello_pico.dir/home/student/.pico-sdk/sdk/2.2.0/lib/tinyusb/src/device/usbd.c.o
 .rodata.tud_control_xfer.str1.4
                0x100077bc       0x17 examples/hello_pico/CMakeFiles/hello_pico.dir/home/student/.pico-sdk/sdk/2.2.0/lib/tinyusb/src/device/usbd_control.c.o
 .rodata.__func__.0
                0x100077bc       0x15 examples/hello_pico/CMakeFiles/hello_pico.dir/home/student/.pico-sdk/sdk/2.2.0/lib/tinyusb/src/device/usbd_control.c.o
 *fill*         0x100077d1        0x3 
 .rodata.__func__.1
                0x100077d4       0x11 examples/hello_pico/CMakeFiles/hello_pico.dir/home/student/.pico-sdk/sdk/2.2.0/lib/tinyusb/src/device/usbd_control.c.o
 .rodata.tud_cdc_n_write_flush.str1.4
                0x100077e5       0x17 examples/hello_pico/CMakeFiles/hello_pico.dir/home/student/.pico-sdk/sdk/2.2.0/lib/tinyusb/src/class/cdc/cdc_device.c.o
 *fill*         0x100077e5        0x3 
 .rodata.__func__.0
                0x100077e8        0xd examples/hello_pico/CMakeFiles/hello_pico.dir/home/student/.pico-sdk/sdk/2.2.0/lib/tinyusb/src/class/cdc/cdc_device.c.o
 *fill*         0x100077f5        0x3 
 .rodata.__func__.1
                0x100077f8        0xa examples/hello_pico/CMakeFiles/hello_pico.dir/home/student/.pico-sdk/sdk/2.2.0/lib/tinyusb/src/class/cdc/cdc_device.c.o
 *fill*         0x10007802        0x2 
 .rodata.__func__.3
                0x10007804       0x16 examples/hello_pico/CMakeFiles/hello_pico.dir/home/student/.pico-sdk/sdk/2.2.0/lib/tinyusb/src/class/cdc/cdc_device.c.o
 .rodata.vendord_open.str1.4
                0x1000781a       0x17 examples/hello_pico/CMakeFiles/hello_pico.dir/home/student/.pico-sdk/sdk/2.2.0/lib/tinyusb/src/class/vendor/vendor_device.c.o
 *fill*         0x1000781a        0x2 
 .rodata.__func__.0
                0x1000781c        0xd examples/hello_pico/CMakeFiles/hello_pico.dir/home/student/.pico-sdk/sdk/2.2.0/lib/tinyusb/src/class/vendor/vendor_device.c.o
 .rodata.tusb_rhport_init.str1.4
                0x10007829       0x17 examples/hello_pico/CMakeFiles/hello_pico.dir/home/student/.pico-sdk/sdk/2.2.0/lib/tinyusb/src/tusb.c.o
 *fill*         0x10007829        0x3 
 .rodata.__func__.0
                0x1000782c       0x19 examples/hello_pico/CMakeFiles/hello_pico.dir/home/student/.pico-sdk/sdk/2.2.0/lib/tinyusb/src/tusb.c.o
 *fill*         0x10007845        0x3 
 .rodata.__func__.2
                0x10007848       0x1a examples/hello_pico/CMakeFiles/hello_pico.dir/home/student/.pico-sdk/sdk/2.2.0/lib/tinyusb/src/tusb.c.o
 *fill*         0x10007862        0x2 
 .rodata.__func__.3
                0x10007864       0x23 examples/hello_pico/CMakeFiles/hello_pico.dir/home/student/.pico-sdk/sdk/2.2.0/lib/tinyusb/src/tusb.c.o
 *fill*         0x10007887        0x1 
 .rodata.__func__.4
                0x10007888       0x11 examples/hello_pico/CMakeFiles/hello_pico.dir/home/student/.pico-sdk/sdk/2.2.0/lib/tinyusb/src/tusb.c.o
 *fill*         0x10007899        0x3 
 .rodata.__func__.5
                0x1000789c       0x11 examples/hello_pico/CMakeFiles/hello_pico.dir/home/student/.pico-sdk/sdk/2.2.0/lib/tinyusb/src/tusb.c.o
                0x100078b0                        . = ALIGN (0x4)
 *fill*         0x100078ad        0x3 
 *(SORT_BY_ALIGNMENT(SORT_BY_NAME(.flashdata*)))
                0x100078b0                        . = ALIGN (0x4)

.ARM.extab
 *(.ARM.extab* .gnu.linkonce.armextab.*)
                0x100078b0                        __exidx_start = .

.ARM.exidx
 *(.ARM.exidx* .gnu.linkonce.armexidx.*)
                0x100078b0                        __exidx_end = .
                0x100078b0                        . = ALIGN (0x4)
                0x100078b0                        __binary_info_start = .

.binary_info    0x100078b0       0x20
 *(.binary_info.keep.*)
 .binary_info.keep.__bi_ptr84