Archive member included to satisfy reference by file (symbol)

/home/student/.pico-sdk/toolchain/14_2_Rel1/bin/../lib/gcc/arm-none-eabi/14.2.1/thumb/v6-m/nofp/libgcc.a(_dvmd_tls.o)
                              examples/hello_blink_freertos/CMakeFiles/hello_blink_freertos.dir/home/student/.pico-sdk/sdk/2.2.0/src/rp2_common/pico_divider/divider_hardware.S.o (__aeabi_idiv0)
/home/student/.pico-sdk/toolchain/14_2_Rel1/bin/../lib/gcc/arm-none-eabi/14.2.1/../../../../arm-none-eabi/lib/thumb/v6-m/nofp/libg.a(libc_a-calloc.o)
                              examples/hello_blink_freertos/CMakeFiles/hello_blink_freertos.dir/home/student/.pico-sdk/sdk/2.2.0/src/rp2_common/pico_malloc/malloc.c.o (calloc)
/home/student/.pico-sdk/toolchain/14_2_Rel1/bin/../lib/gcc/arm-none-eabi/14.2.1/../../../../arm-none-eabi/lib/thumb/v6-m/nofp/libg.a(libc_a-callocr.o)
                              /home/student/.pico-sdk/toolchain/14_2_Rel1/bin/../lib/gcc/arm-none-eabi/14.2.1/../../../../arm-none-eabi/lib/thumb/v6-m/nofp/libg.a(libc_a-calloc.o) (_calloc_r)
/home/student/.pico-sdk/toolchain/14_2_Rel1/bin/../lib/gcc/arm-none-eabi/14.2.1/../../../../arm-none-eabi/lib/thumb/v6-m/nofp/libg.a(libc_a-malloc.o)
                              examples/hello_blink_freertos/CMakeFiles/hello_blink_freertos.dir/home/student/.pico-sdk/sdk/2.2.0/src/rp2_common/pico_malloc/malloc.c.o (malloc)
/home/student/.pico-sdk/toolchain/14_2_Rel1/bin/../lib/gcc/arm-none-eabi/14.2.1/../../../../arm-none-eabi/lib/thumb/v6-m/nofp/libg.a(libc_a-mallocr.o)
                              /home/student/.pico-sdk/toolchain/14_2_Rel1/bin/../lib/gcc/arm-none-eabi/14.2.1/../../../../arm-none-eabi/lib/thumb/v6-m/nofp/libg.a(libc_a-callocr.o) (_malloc_r)
/home/student/.pico-sdk/toolchain/14_2_Rel1/bin/../lib/gcc/arm-none-eabi/14.2.1/../../../../arm-none-eabi/lib/thumb/v6-m/nofp/libg.a(libc_a-mlock.o)
                              /home/student/.pico-sdk/toolchain/14_2_Rel1/bin/../lib/gcc/arm-none-eabi/14.2.1/../../../../arm-none-eabi/lib/thumb/v6-m/nofp/libg.a(libc_a-mallocr.o) (__malloc_lock)
/home/student/.pico-sdk/toolchain/14_2_Rel1/bin/../lib/gcc/arm-none-eabi/14.2.1/../../../../arm-none-eabi/lib/thumb/v6-m/nofp/libg.a(libc_a-realloc.o)
                              examples/hello_blink_freertos/CMakeFiles/hello_blink_freertos.dir/home/student/.pico-sdk/sdk/2.2.0/src/rp2_common/pico_malloc/malloc.c.o (realloc)
/home/student/.pico-sdk/toolchain/14_2_Rel1/bin/../lib/gcc/arm-none-eabi/14.2.1/../../../../arm-none-eabi/lib/thumb/v6-m/nofp/libg.a(libc_a-reallocr.o)
                              /home/student/.pico-sdk/toolchain/14_2_Rel1/bin/../lib/gcc/arm-none-eabi/14.2.1/../../../../arm-none-eabi/lib/thumb/v6-m/nofp/libg.a(libc_a-realloc.o) (_realloc_r)
/home/student/.pico-sdk/toolchain/14_2_Rel1/bin/../lib/gcc/arm-none-eabi/14.2.1/../../../../arm-none-eabi/lib/thumb/v6-m/nofp/libg.a(libc_a-ctype_.o)
                              examples/hello_blink_freertos/CMakeFiles/hello_blink_freertos.dir/home/student/.pico-sdk/sdk/2.2.0/lib/tinyusb/src/tusb.c.o (_ctype_)
/home/student/.pico-sdk/toolchain/14_2_Rel1/bin/../lib/gcc/arm-none-eabi/14.2.1/../../../../arm-none-eabi/lib/thumb/v6-m/nofp/libg.a(libc_a-memcmp.o)
                              examples/hello_blink_freertos/CMakeFiles/hello_blink_freertos.dir/home/student/.pico-sdk/sdk/2.2.0/src/rp2_common/pico_atomic/atomic.c.o (memcmp)
/home/student/.pico-sdk/toolchain/14_2_Rel1/bin/../lib/gcc/arm-none-eabi/14.2.1/../../../../arm-none-eabi/lib/thumb/v6-m/nofp/libg.a(libc_a-memmove.o)
                              examples/hello_blink_freertos/CMakeFiles/hello_blink_freertos.dir/home/student/.pico-sdk/sdk/2.2.0/lib/cyw43-driver/src/cyw43_ll.c.o (memmove)
/home/student/.pico-sdk/toolchain/14_2_Rel1/bin/../lib/gcc/arm-none-eabi/14.2.1/../../../../arm-none-eabi/lib/thumb/v6-m/nofp/libg.a(libc_a-strncmp.o)
                              examples/hello_blink_freertos/CMakeFiles/hello_blink_freertos.dir/home/student/.pico-sdk/sdk/2.2.0/lib/cyw43-driver/src/cyw43_ll.c.o (strncmp)
/home/student/.pico-sdk/toolchain/14_2_Rel1/bin/../lib/gcc/arm-none-eabi/14.2.1/../../../../arm-none-eabi/lib/thumb/v6-m/nofp/libg.a(libc_a-lcltime_r.o)
                              examples/hello_blink_freertos/CMakeFiles/hello_blink_freertos.dir/home/student/.pico-sdk/sdk/2.2.0/src/common/pico_util/datetime.c.o (localtime_r)
/home/student/.pico-sdk/toolchain/14_2_Rel1/bin/../lib/gcc/arm-none-eabi/14.2.1/../../../../arm-none-eabi/lib/thumb/v6-m/nofp/libg.a(libc_a-mktime.o)
                              examples/hello_blink_freertos/CMakeFiles/hello_blink_freertos.dir/home/student/.pico-sdk/sdk/2.2.0/src/common/pico_util/datetime.c.o (mktime)
/home/student/.pico-sdk/toolchain/14_2_Rel1/bin/../lib/gcc/arm-none-eabi/14.2.1/../../../../arm-none-eabi/lib/thumb/v6-m/nofp/libg.a(libc_a-month_lengths.o)
[...]
Memory Configuration

Name             Origin             Length             Attributes
FLASH            0x10000000         0x00200000         xr
RAM              0x20000000         0x00040000         xrw
SCRATCH_X        0x20040000         0x00001000         xrw
SCRATCH_Y        0x20041000         0x00001000         xrw
*default*        0x00000000         0xffffffff

Linker script and memory map

LOAD /home/student/.pico-sdk/toolchain/14_2_Rel1/bin/../lib/gcc/arm-none-eabi/14.2.1/thumb/v6-m/nofp/crti.o
LOAD /home/student/.pico-sdk/toolchain/14_2_Rel1/bin/../lib/gcc/arm-none-eabi/14.2.1/thumb/v6-m/nofp/crtbegin.o
LOAD /home/student/.pico-sdk/toolchain/14_2_Rel1/bin/../lib/gcc/arm-none-eabi/14.2.1/../../../../arm-none-eabi/lib/thumb/v6-m/nofp/crt0.o

.flash_begin    0x10000000        0x0
                0x10000000                        __flash_binary_start = .

.boot2          0x10000000      0x100
                0x10000000                        __boot2_start__ = .
 *(.boot2)
 .boot2         0x10000000      0x100 pico-sdk/src/rp2040/boot_stage2/CMakeFiles/bs2_default_library.dir/./bs2_default_padded_checksummed.S.o
                0x10000100                        __boot2_end__ = .
                0x00000001                        ASSERT (((__boot2_end__ - __boot2_start__) == 0x100), ERROR: Pico second stage bootloader must be 256 bytes in size)

.text           0x10000100     0xd810
                0x10000100                        __logical_binary_start = .
 *(.vectors)
 .vectors       0x10000100       0xd4 examples/hello_blink_freertos/CMakeFiles/hello_blink_freertos.dir/home/student/.pico-sdk/sdk/2.2.0/src/rp2_common/pico_crt0/crt0.S.o
                0x10000100                __vectors
                0x10000100                __VECTOR_TABLE
                0x100001c0                isr_irq30
                0x100001c0                __unhandled_user_irq
                0x100001c0                isr_irq13
                0x100001c0                isr_irq27
                0x100001c0                isr_irq31
                0x100001c0                isr_irq5
                0x100001c0                isr_irq11
                0x100001c0                isr_irq23
                0x100001c0                isr_irq18
                0x100001c0                isr_irq28
                0x100001c0                isr_irq19
                0x100001c0                isr_irq0
                0x100001c0                isr_irq6
                0x100001c0                isr_irq22
                0x100001c0                isr_irq17
                0x100001c0                isr_irq14
                0x100001c0                __vectors_end
                0x100001c0                __default_isrs_start
                0x100001c0                isr_irq2
                0x100001c0                isr_irq10
                0x100001c0                isr_irq8
                0x100001c0                isr_irq24
                0x100001c0                isr_irq1
                0x100001c0                isr_irq7
                0x100001c0                isr_irq21
                0x100001c0                isr_irq20
                0x100001c0                isr_irq15
                0x100001c0                isr_irq25
                0x100001c0                isr_irq4
                0x100001c0                isr_irq16
                0x100001c0                isr_irq29
                0x100001c0                isr_irq26
                0x100001c0                isr_irq3
                0x100001c0                isr_irq12
                0x100001c0                isr_irq9
                0x100001c6                unhandled_user_irq_num_in_r0
                0x100001c8                isr_invalid
                0x100001ca                isr_nmi
                0x100001cc                isr_hardfault
                0x100001ce                isr_svcall
                0x100001d0                isr_pendsv
                0x100001d2                isr_systick
                0x100001d4                __default_isrs_end
 *(.binary_info_header)
 .binary_info_header
                0x100001d4       0x14 examples/hello_blink_freertos/CMakeFiles/hello_blink_freertos.dir/home/student/.pico-sdk/sdk/2.2.0/src/rp2_common/pico_crt0/crt0.S.o
                0x100001e8                        __binary_info_header_end = .
 *(.embedded_block)
                0x100001e8                        __embedded_block_end = .
 *(.reset)
 .reset         0x100001e8       0x9c examples/hello_blink_freertos/CMakeFiles/hello_blink_freertos.dir/home/student/.pico-sdk/sdk/2.2.0/src/rp2_common/pico_crt0/crt0.S.o
                0x100001e8                _entry_point
 *(.init)
 .init          0x10000284        0x4 /home/student/.pico-sdk/toolchain/14_2_Rel1/bin/../lib/gcc/arm-none-eabi/14.2.1/thumb/v6-m/nofp/crti.o
                0x10000284                _init
 *(EXCLUDE_FILE(*libm.a: *libc.a:*lib_a-mem*.o *libgcc.a:) .text*)
 .text.register_tm_clones
                0x10000288       0x28 /home/student/.pico-sdk/toolchain/14_2_Rel1/bin/../lib/gcc/arm-none-eabi/14.2.1/thumb/v6-m/nofp/crtbegin.o
 .text.frame_dummy
                0x100002b0       0x24 /home/student/.pico-sdk/toolchain/14_2_Rel1/bin/../lib/gcc/arm-none-eabi/14.2.1/thumb/v6-m/nofp/crtbegin.o
 .text.pico_led_init
                0x100002d4        0x8 examples/hello_blink_freertos/CMakeFiles/hello_blink_freertos.dir/src/main.c.o
 .text.pico_set_led
                0x100002dc        0xc examples/hello_blink_freertos/CMakeFiles/hello_blink_freertos.dir/src/main.c.o
 .text.led_task
                0x100002e8       0x30 examples/hello_blink_freertos/CMakeFiles/hello_blink_freertos.dir/src/main.c.o
 .text.main     0x10000318       0x44 examples/hello_blink_freertos/CMakeFiles/hello_blink_freertos.dir/src/main.c.o
                0x10000318                main
 .text._gpio_set_irq_enabled
                0x1000035c       0x3c examples/hello_blink_freertos/CMakeFiles/hello_blink_freertos.dir/home/student/.pico-sdk/sdk/2.2.0/src/rp2_common/hardware_gpio/gpio.c.o
 .text.gpio_set_function
                0x10000398       0x34 examples/hello_blink_freertos/CMakeFiles/hello_blink_freertos.dir/home/student/.pico-sdk/sdk/2.2.0/src/rp2_common/hardware_gpio/gpio.c.o
                0x10000398                gpio_set_function
 .text.gpio_set_pulls
                0x100003cc       0x38 examples/hello_blink_freertos/CMakeFiles/hello_blink_freertos.dir/home/student/.pico-sdk/sdk/2.2.0/src/rp2_common/hardware_gpio/gpio.c.o
                0x100003cc                gpio_set_pulls
 .text.gpio_set_input_hysteresis_enabled
                0x10000404       0x28 examples/hello_blink_freertos/CMakeFiles/hello_blink_freertos.dir/home/student/.pico-sdk/sdk/2.2.0/src/rp2_common/hardware_gpio/gpio.c.o
                0x10000404                gpio_set_input_hysteresis_enabled
 .text.gpio_set_irq_enabled
                0x1000042c       0x50 examples/hello_blink_freertos/CMakeFiles/hello_blink_freertos.dir/home/student/.pico-sdk/sdk/2.2.0/src/rp2_common/hardware_gpio/gpio.c.o
                0x1000042c                gpio_set_irq_enabled
 .text.gpio_add_raw_irq_handler_with_order_priority_masked
                0x1000047c       0x40 examples/hello_blink_freertos/CMakeFiles/hello_blink_freertos.dir/home/student/.pico-sdk/sdk/2.2.0/src/rp2_common/hardware_gpio/gpio.c.o
                0x1000047c                gpio_add_raw_irq_handler_with_order_priority_masked
 .text.gpio_remove_raw_irq_handler_masked
                0x100004bc       0x48 examples/hello_blink_freertos/CMakeFiles/hello_blink_freertos.dir/home/student/.pico-sdk/sdk/2.2.0/src/rp2_common/hardware_gpio/gpio.c.o
                0x100004bc                gpio_remove_raw_irq_handler_masked
 .text.gpio_init
                0x10000504       0x16 examples/hello_blink_freertos/CMakeFiles/hello_blink_freertos.dir/home/student/.pico-sdk/sdk/2.2.0/src/rp2_common/hardware_gpio/gpio.c.o
                0x10000504                gpio_init
 *fill*         0x1000051a        0x2 
 .text.rp2040_chip_version
                0x1000051c       0x54 examples/hello_blink_freertos/CMakeFiles/hello_blink_freertos.dir/home/student/.pico-sdk/sdk/2.2.0/src/rp2040/pico_platform/platform.c.o
                0x1000051c                rp2040_chip_version
 .text.panic    0x10000570       0x30 examples/hello_blink_freertos/CMakeFiles/hello_blink_freertos.dir/home/student/.pico-sdk/sdk/2.2.0/src/rp2_common/pico_platform_panic/panic.c.o
                0x10000570                panic
 .text.panic_unsupported
                0x100005a0        0xc examples/hello_blink_freertos/CMakeFiles/hello_blink_freertos.dir/home/student/.pico-sdk/sdk/2.2.0/src/rp2_common/pico_platform_panic/panic.c.o
                0x100005a0                panic_unsupported
 .text.hw_claim_lock
                0x100005ac       0x18 examples/hello_blink_freertos/CMakeFiles/hello_blink_freertos.dir/home/student/.pico-sdk/sdk/2.2.0/src/common/hardware_claim/claim.c.o
                0x100005ac                hw_claim_lock
 .text.hw_claim_unlock
                0x100005c4       0x14 examples/hello_blink_freertos/CMakeFiles/hello_blink_freertos.dir/home/student/.pico-sdk/sdk/2.2.0/src/common/hardware_claim/claim.c.o
                0x100005c4                hw_claim_unlock
 .text.hw_claim_or_assert
                0x100005d8       0x32 examples/hello_blink_freertos/CMakeFiles/hello_blink_freertos.dir/home/student/.pico-sdk/sdk/2.2.0/src/common/hardware_claim/claim.c.o
                0x100005d8                hw_claim_or_assert
 .text.hw_claim_unused_from_range
                0x1000060a       0x50 examples/hello_blink_freertos/CMakeFiles/hello_blink_freertos.dir/home/student/.pico-sdk/sdk/2.2.0/src/common/hardware_claim/claim.c.o
                0x1000060a                hw_claim_unused_from_range
 *fill*         0x1000065a        0x2 
 .text.hw_claim_clear
                0x1000065c       0x40 examples/hello_blink_freertos/CMakeFiles/hello_blink_freertos.dir/home/student/.pico-sdk/sdk/2.2.0/src/common/hardware_claim/claim.c.o
                0x1000065c                hw_claim_clear
 .text.next_striped_spin_lock_num
                0x1000069c       0x1c examples/hello_blink_freertos/CMakeFiles/hello_blink_freertos.dir/home/student/.pico-sdk/sdk/2.2.0/src/rp2_common/hardware_sync/sync.c.o
                0x1000069c                next_striped_spin_lock_num
 .text.spin_lock_claim
                0x100006b8       0x18 examples/hello_blink_freertos/CMakeFiles/hello_blink_freertos.dir/home/student/.pico-sdk/sdk/2.2.0/src/rp2_common/hardware_sync/sync.c.o
                0x100006b8                spin_lock_claim
 .text.spin_lock_claim_unused
                0x100006d0       0x24 examples/hello_blink_freertos/CMakeFiles/hello_blink_freertos.dir/home/student/.pico-sdk/sdk/2.2.0/src/rp2_common/hardware_sync/sync.c.o
                0x100006d0                spin_lock_claim_unused
 .text.spin_locks_reset
                0x100006f4       0x20 examples/hello_blink_freertos/CMakeFiles/hello_blink_freertos.dir/home/student/.pico-sdk/sdk/2.2.0/src/rp2_common/hardware_sync_spin_lock/sync_spin_lock.c.o
                0x100006f4                spin_locks_reset
 .text.set_raw_irq_handler_and_unlock
                0x10000714       0x28 examples/hello_blink_freertos/CMakeFiles/hello_blink_freertos.dir/home/student/.pico-sdk/sdk/2.2.0/src/rp2_common/hardware_irq/irq.c.o
 .text.nvic_ipr0
                0x1000073c        0x8 examples/hello_blink_freertos/CMakeFiles/hello_blink_freertos.dir/home/student/.pico-sdk/sdk/2.2.0/src/rp2_common/hardware_irq/irq.c.o
 .text.runtime_init_per_core_irq_priorities
                0x10000744       0x1c examples/hello_blink_freertos/CMakeFiles/hello_blink_freertos.dir/home/student/.pico-sdk/sdk/2.2.0/src/rp2_common/hardware_irq/irq.c.o
                0x10000744                runtime_init_per_core_irq_priorities
 .text.get_user_irq_claim_index
                0x10000760        0x6 examples/hello_blink_freertos/CMakeFiles/hello_blink_freertos.dir/home/student/.pico-sdk/sdk/2.2.0/src/rp2_common/hardware_irq/irq.c.o
 *fill*         0x10000766        0x2 
 .text.resolve_j_16
                0x10000768       0x30 examples/hello_blink_freertos/CMakeFiles/hello_blink_freertos.dir/home/student/.pico-sdk/sdk/2.2.0/src/rp2_common/hardware_irq/irq.c.o
 .text.make_j_16
                0x10000798       0x48 examples/hello_blink_freertos/CMakeFiles/hello_blink_freertos.dir/home/student/.pico-sdk/sdk/2.2.0/src/rp2_common/hardware_irq/irq.c.o
 .text.insert_bl_32
                0x100007e0       0x40 examples/hello_blink_freertos/CMakeFiles/hello_blink_freertos.dir/home/student/.pico-sdk/sdk/2.2.0/src/rp2_common/hardware_irq/irq.c.o
 .text.irq_is_enabled
                0x10000820       0x18 examples/hello_blink_freertos/CMakeFiles/hello_blink_freertos.dir/home/student/.pico-sdk/sdk/2.2.0/src/rp2_common/hardware_irq/irq.c.o
                0x10000820                irq_is_enabled
 .text.irq_set_mask_n_enabled
                0x10000838       0x1c examples/hello_blink_freertos/CMakeFiles/hello_blink_freertos.dir/home/student/.pico-sdk/sdk/2.2.0/src/rp2_common/hardware_irq/irq.c.o
                0x10000838                irq_set_mask_n_enabled
 .text.irq_set_enabled
                0x10000854       0x14 examples/hello_blink_freertos/CMakeFiles/hello_blink_freertos.dir/home/student/.pico-sdk/sdk/2.2.0/src/rp2_common/hardware_irq/irq.c.o
                0x10000854                irq_set_enabled
 .text.irq_set_pending
                0x10000868       0x10 examples/hello_blink_freertos/CMakeFiles/hello_blink_freertos.dir/home/student/.pico-sdk/sdk/2.2.0/src/rp2_common/hardware_irq/irq.c.o
                0x10000868                irq_set_pending
 .text.irq_get_vtable_handler
                0x10000878       0x10 examples/hello_blink_freertos/CMakeFiles/hello_blink_freertos.dir/home/student/.pico-sdk/sdk/2.2.0/src/rp2_common/hardware_irq/irq.c.o
                0x10000878                irq_get_vtable_handler
 .text.irq_has_shared_handler
                0x10000888       0x1c examples/hello_blink_freertos/CMakeFiles/hello_blink_freertos.dir/home/student/.pico-sdk/sdk/2.2.0/src/rp2_common/hardware_irq/irq.c.o
                0x10000888                irq_has_shared_handler
 .text.irq_has_handler
                0x100008a4       0x20 examples/hello_blink_freertos/CMakeFiles/hello_blink_freertos.dir/home/student/.pico-sdk/sdk/2.2.0/src/rp2_common/hardware_irq/irq.c.o
                0x100008a4                irq_has_handler
 .text.irq_set_exclusive_handler
                0x100008c4       0x54 examples/hello_blink_freertos/CMakeFiles/hello_blink_freertos.dir/home/student/.pico-sdk/sdk/2.2.0/src/rp2_common/hardware_irq/irq.c.o
                0x100008c4                irq_set_exclusive_handler
 .text.irq_add_shared_handler
                0x10000918      0x218 examples/hello_blink_freertos/CMakeFiles/hello_blink_freertos.dir/home/student/.pico-sdk/sdk/2.2.0/src/rp2_common/hardware_irq/irq.c.o
                0x10000918                irq_add_shared_handler
 .text.irq_remove_handler
                0x10000b30      0x18c examples/hello_blink_freertos/CMakeFiles/hello_blink_freertos.dir/home/student/.pico-sdk/sdk/2.2.0/src/rp2_common/hardware_irq/irq.c.o
                0x10000b30                irq_remove_handler
 .text.irq_set_priority
                0x10000cbc       0x26 examples/hello_blink_freertos/CMakeFiles/hello_blink_freertos.dir/home/student/.pico-sdk/sdk/2.2.0/src/rp2_common/hardware_irq/irq.c.o
                0x10000cbc                irq_set_priority
 *fill*         0x10000ce2        0x2 
 .text.irq_add_tail_to_free_list
                0x10000ce4       0xf4 examples/hello_blink_freertos/CMakeFiles/hello_blink_freertos.dir/home/student/.pico-sdk/sdk/2.2.0/src/rp2_common/hardware_irq/irq.c.o
                0x10000ce4                irq_add_tail_to_free_list
 .text.user_irq_unclaim
                0x10000dd8       0x18 examples/hello_blink_freertos/CMakeFiles/hello_blink_freertos.dir/home/student/.pico-sdk/sdk/2.2.0/src/rp2_common/hardware_irq/irq.c.o
                0x10000dd8                user_irq_unclaim
 .text.user_irq_claim_unused
                0x10000df0       0x2c examples/hello_blink_freertos/CMakeFiles/hello_blink_freertos.dir/home/student/.pico-sdk/sdk/2.2.0/src/rp2_common/hardware_irq/irq.c.o
                0x10000df0                user_irq_claim_unused
 .text.sem_init
                0x10000e1c       0x1e examples/hello_blink_freertos/CMakeFiles/hello_blink_freertos.dir/home/student/.pico-sdk/sdk/2.2.0/src/common/pico_sync/sem.c.o
                0x10000e1c                sem_init
 *fill*         0x10000e3a        0x2 
 .text.lock_init
                0x10000e3c       0x10 examples/hello_blink_freertos/CMakeFiles/hello_blink_freertos.dir/home/student/.pico-sdk/sdk/2.2.0/src/common/pico_sync/lock_core.c.o
                0x10000e3c                lock_init
 .text.mutex_init
                0x10000e4c       0x1c examples/hello_blink_freertos/CMakeFiles/hello_blink_freertos.dir/home/student/.pico-sdk/sdk/2.2.0/src/common/pico_sync/mutex.c.o
                0x10000e4c                mutex_init
 .text.recursive_mutex_init
                0x10000e68       0x20 examples/hello_blink_freertos/CMakeFiles/hello_blink_freertos.dir/home/student/.pico-sdk/sdk/2.2.0/src/common/pico_sync/mutex.c.o
                0x10000e68                recursive_mutex_init
 .text.runtime_init_mutex
                0x10000e88       0x4c examples/hello_blink_freertos/CMakeFiles/hello_blink_freertos.dir/home/student/.pico-sdk/sdk/2.2.0/src/common/pico_sync/mutex.c.o
                0x10000e88                runtime_init_mutex
 .text.critical_section_init_with_lock_num
                0x10000ed4       0x14 examples/hello_blink_freertos/CMakeFiles/hello_blink_freertos.dir/home/student/.pico-sdk/sdk/2.2.0/src/common/pico_sync/critical_section.c.o
                0x10000ed4                critical_section_init_with_lock_num
 .text.critical_section_init
                0x10000ee8       0x14 examples/hello_blink_freertos/CMakeFiles/hello_blink_freertos.dir/home/student/.pico-sdk/sdk/2.2.0/src/common/pico_sync/critical_section.c.o
                0x10000ee8                critical_section_init
 .text.ta_set_timeout
                0x10000efc       0x24 examples/hello_blink_freertos/CMakeFiles/hello_blink_freertos.dir/home/student/.pico-sdk/sdk/2.2.0/src/common/pico_time/time.c.o
 .text.make_alarm_id
                0x10000f20        0x6 examples/hello_blink_freertos/CMakeFiles/hello_blink_freertos.dir/home/student/.pico-sdk/sdk/2.2.0/src/common/pico_time/time.c.o
 *fill*         0x10000f26        0x2 
 .text.alarm_pool_irq_handler
                0x10000f28      0x2f0 examples/hello_blink_freertos/CMakeFiles/hello_blink_freertos.dir/home/student/.pico-sdk/sdk/2.2.0/src/common/pico_time/time.c.o
 .text.ta_enable_irq_handler
                0x10001218       0x2c examples/hello_blink_freertos/CMakeFiles/hello_blink_freertos.dir/home/student/.pico-sdk/sdk/2.2.0/src/common/pico_time/time.c.o
 .text.alarm_pool_post_alloc_init
                0x10001244       0x78 examples/hello_blink_freertos/CMakeFiles/hello_blink_freertos.dir/home/student/.pico-sdk/sdk/2.2.0/src/common/pico_time/time.c.o
 .text.ta_disable_irq_handler
                0x100012bc       0x34 examples/hello_blink_freertos/CMakeFiles/hello_blink_freertos.dir/home/student/.pico-sdk/sdk/2.2.0/src/common/pico_time/time.c.o
 .text.sleep_until_callback
                0x100012f0       0x28 examples/hello_blink_freertos/CMakeFiles/hello_blink_freertos.dir/home/student/.pico-sdk/sdk/2.2.0/src/common/pico_time/time.c.o
 .text.alarm_pool_get_default
                0x10001318       0x2c examples/hello_blink_freertos/CMakeFiles/hello_blink_freertos.dir/home/student/.pico-sdk/sdk/2.2.0/src/common/pico_time/time.c.o
                0x10001318                alarm_pool_get_default
 .text.alarm_pool_create_on_timer_with_unused_hardware_alarm
                0x10001344       0x32 examples/hello_blink_freertos/CMakeFiles/hello_blink_freertos.dir/home/student/.pico-sdk/sdk/2.2.0/src/common/pico_time/time.c.o
                0x10001344                alarm_pool_create_on_timer_with_unused_hardware_alarm
 *fill*         0x10001376        0x2 
 .text.alarm_pool_destroy
                0x10001378       0x70 examples/hello_blink_freertos/CMakeFiles/hello_blink_freertos.dir/home/student/.pico-sdk/sdk/2.2.0/src/common/pico_time/time.c.o
                0x10001378                alarm_pool_destroy
 .text.alarm_pool_add_alarm_at_force_in_context
                0x100013e8       0xa4 examples/hello_blink_freertos/CMakeFiles/hello_blink_freertos.dir/home/student/.pico-sdk/sdk/2.2.0/src/common/pico_time/time.c.o
                0x100013e8                alarm_pool_add_alarm_at_force_in_context
 .text.alarm_pool_add_alarm_at
                0x1000148c       0x3c examples/hello_blink_freertos/CMakeFiles/hello_blink_freertos.dir/home/student/.pico-sdk/sdk/2.2.0/src/common/pico_time/time.c.o
                0x1000148c                alarm_pool_add_alarm_at
 .text.add_alarm_at
                0x100014c8       0x2e examples/hello_blink_freertos/CMakeFiles/hello_blink_freertos.dir/home/student/.pico-sdk/sdk/2.2.0/src/common/pico_time/time.c.o
 *fill*         0x100014f6        0x2 
 .text.alarm_pool_cancel_alarm
                0x100014f8       0x78 examples/hello_blink_freertos/CMakeFiles/hello_blink_freertos.dir/home/student/.pico-sdk/sdk/2.2.0/src/common/pico_time/time.c.o
                0x100014f8                alarm_pool_cancel_alarm
 .text.cancel_alarm
                0x10001570       0x10 examples/hello_blink_freertos/CMakeFiles/hello_blink_freertos.dir/home/student/.pico-sdk/sdk/2.2.0/src/common/pico_time/time.c.o
 .text.alarm_pool_core_num
                0x10001580        0x4 examples/hello_blink_freertos/CMakeFiles/hello_blink_freertos.dir/home/student/.pico-sdk/sdk/2.2.0/src/common/pico_time/time.c.o
                0x10001580                alarm_pool_core_num
 .text.sleep_until
                0x10001584       0xa4 examples/hello_blink_freertos/CMakeFiles/hello_blink_freertos.dir/home/student/.pico-sdk/sdk/2.2.0/src/common/pico_time/time.c.o
                0x10001584                sleep_until
 .text.best_effort_wfe_or_timeout
                0x10001628      0x11c examples/hello_blink_freertos/CMakeFiles/hello_blink_freertos.dir/home/student/.pico-sdk/sdk/2.2.0/src/common/pico_time/time.c.o
                0x10001628                best_effort_wfe_or_timeout
 .text.alarm_pool_get_default_timer
                0x10001744        0x8 examples/hello_blink_freertos/CMakeFiles/hello_blink_freertos.dir/home/student/.pico-sdk/sdk/2.2.0/src/common/pico_time/time.c.o
                0x10001744                alarm_pool_get_default_timer
 .text.runtime_init_default_alarm_pool
                0x1000174c       0x38 examples/hello_blink_freertos/CMakeFiles/hello_blink_freertos.dir/home/student/.pico-sdk/sdk/2.2.0/src/common/pico_time/time.c.o
                0x1000174c                runtime_init_default_alarm_pool
 .text.timer_hardware_alarm_claim
                0x10001784       0x14 examples/hello_blink_freertos/CMakeFiles/hello_blink_freertos.dir/home/student/.pico-sdk/sdk/2.2.0/src/rp2_common/hardware_timer/timer.c.o
                0x10001784                timer_hardware_alarm_claim
 .text.timer_hardware_alarm_unclaim
                0x10001798       0x10 examples/hello_blink_freertos/CMakeFiles/hello_blink_freertos.dir/home/student/.pico-sdk/sdk/2.2.0/src/rp2_common/hardware_timer/timer.c.o
                0x10001798                timer_hardware_alarm_unclaim
 .text.timer_hardware_alarm_claim_unused
                0x100017a8       0x20 examples/hello_blink_freertos/CMakeFiles/hello_blink_freertos.dir/home/student/.pico-sdk/sdk/2.2.0/src/rp2_common/hardware_timer/timer.c.o
                0x100017a8                timer_hardware_alarm_claim_unused
 .text.timer_time_us_64
                0x100017c8       0x10 examples/hello_blink_freertos/CMakeFiles/hello_blink_freertos.dir/home/student/.pico-sdk/sdk/2.2.0/src/rp2_common/hardware_timer/timer.c.o
                0x100017c8                timer_time_us_64
 .text.timer_busy_wait_until
                0x100017d8       0x1a examples/hello_blink_freertos/CMakeFiles/hello_blink_freertos.dir/home/student/.pico-sdk/sdk/2.2.0/src/rp2_common/hardware_timer/timer.c.o
                0x100017d8                timer_busy_wait_until
 *fill*         0x100017f2        0x2 
 .text.time_us_64
                0x100017f4       0x10 examples/hello_blink_freertos/CMakeFiles/hello_blink_freertos.dir/home/student/.pico-sdk/sdk/2.2.0/src/rp2_common/hardware_timer/timer.c.o
                0x100017f4                time_us_64
 .text.busy_wait_until
                0x10001804       0x14 examples/hello_blink_freertos/CMakeFiles/hello_blink_freertos.dir/home/student/.pico-sdk/sdk/2.2.0/src/rp2_common/hardware_timer/timer.c.o
                0x10001804                busy_wait_until
 .text.clock_configure_internal
                0x10001818       0xc4 examples/hello_blink_freertos/CMakeFiles/hello_blink_freertos.dir/home/student/.pico-sdk/sdk/2.2.0/src/rp2_common/hardware_clocks/clocks.c.o
 .text.clock_configure_int_divider
                0x100018dc       0x28 examples/hello_blink_freertos/CMakeFiles/hello_blink_freertos.dir/home/student/.pico-sdk/sdk/2.2.0/src/rp2_common/hardware_clocks/clocks.c.o
                0x100018dc                clock_configure_int_divider
 .text.clock_configure_undivided
                0x10001904       0x12 examples/hello_blink_freertos/CMakeFiles/hello_blink_freertos.dir/home/student/.pico-sdk/sdk/2.2.0/src/rp2_common/hardware_clocks/clocks.c.o
                0x10001904                clock_configure_undivided
 *fill*         0x10001916        0x2 
 .text.clock_get_hz
                0x10001918        0xc examples/hello_blink_freertos/CMakeFiles/hello_blink_freertos.dir/home/student/.pico-sdk/sdk/2.2.0/src/rp2_common/hardware_clocks/clocks.c.o
                0x10001918                clock_get_hz
 .text.pll_init
                0x10001924      0x124 examples/hello_blink_freertos/CMakeFiles/hello_blink_freertos.dir/home/student/.pico-sdk/sdk/2.2.0/src/rp2_common/hardware_pll/pll.c.o
                0x10001924                pll_init
 .text.watchdog_update
                0x10001a48       0x14 examples/hello_blink_freertos/CMakeFiles/hello_blink_freertos.dir/home/student/.pico-sdk/sdk/2.2.0/src/rp2_common/hardware_watchdog/watchdog.c.o
                0x10001a48                watchdog_update
 .text._watchdog_enable
                0x10001a5c       0x78 examples/hello_blink_freertos/CMakeFiles/hello_blink_freertos.dir/home/student/.pico-sdk/sdk/2.2.0/src/rp2_common/hardware_watchdog/watchdog.c.o
                0x10001a5c                _watchdog_enable
 .text.watchdog_reboot
                0x10001ad4       0x48 examples/hello_blink_freertos/CMakeFiles/hello_blink_freertos.dir/home/student/.pico-sdk/sdk/2.2.0/src/rp2_common/hardware_watchdog/watchdog.c.o
                0x10001ad4                watchdog_reboot
 .text.tick_start
                0x10001b1c       0x10 examples/hello_blink_freertos/CMakeFiles/hello_blink_freertos.dir/home/student/.pico-sdk/sdk/2.2.0/src/rp2_common/hardware_ticks/ticks.c.o
                0x10001b1c                tick_start
 .text.rom_func_lookup
                0x10001b2c       0x10 examples/hello_blink_freertos/CMakeFiles/hello_blink_freertos.dir/home/student/.pico-sdk/sdk/2.2.0/src/rp2_common/pico_bootrom/bootrom.c.o
                0x10001b2c                rom_func_lookup
 .text.rom_data_lookup
                0x10001b3c       0x10 examples/hello_blink_freertos/CMakeFiles/hello_blink_freertos.dir/home/student/.pico-sdk/sdk/2.2.0/src/rp2_common/pico_bootrom/bootrom.c.o
                0x10001b3c                rom_data_lookup
 .text.rom_funcs_lookup
                0x10001b4c       0x36 examples/hello_blink_freertos/CMakeFiles/hello_blink_freertos.dir/home/student/.pico-sdk/sdk/2.2.0/src/rp2_common/pico_bootrom/bootrom.c.o
                0x10001b4c                rom_funcs_lookup
 *fill*         0x10001b82        0x2 
 .text.rom_reset_usb_boot_extra
                0x10001b84       0x24 examples/hello_blink_freertos/CMakeFiles/hello_blink_freertos.dir/home/student/.pico-sdk/sdk/2.2.0/src/rp2_common/pico_bootrom/bootrom.c.o
                0x10001b84                rom_reset_usb_boot_extra
 .text.xosc_init
                0x10001ba8       0x2c examples/hello_blink_freertos/CMakeFiles/hello_blink_freertos.dir/home/student/.pico-sdk/sdk/2.2.0/src/rp2_common/hardware_xosc/xosc.c.o
                0x10001ba8                xosc_init
 .text.runtime_run_initializers_from
                0x10001bd4       0x18 examples/hello_blink_freertos/CMakeFiles/hello_blink_freertos.dir/home/student/.pico-sdk/sdk/2.2.0/src/rp2_common/pico_runtime/runtime.c.o
 .text.first_per_core_initializer
                0x10001bec        0x2 examples/hello_blink_freertos/CMakeFiles/hello_blink_freertos.dir/home/student/.pico-sdk/sdk/2.2.0/src/rp2_common/pico_runtime/runtime.c.o
 *fill*         0x10001bee        0x2 
 .text.runtime_run_initializers
                0x10001bf0       0x10 examples/hello_blink_freertos/CMakeFiles/hello_blink_freertos.dir/home/student/.pico-sdk/sdk/2.2.0/src/rp2_common/pico_runtime/runtime.c.o
                0x10001bf0                runtime_run_initializers
 .text.runtime_run_per_core_initializers
                0x10001c00       0x10 examples/hello_blink_freertos/CMakeFiles/hello_blink_freertos.dir/home/student/.pico-sdk/sdk/2.2.0/src/rp2_common/pico_runtime/runtime.c.o
                0x10001c00                runtime_run_per_core_initializers
 .text.runtime_init_early_resets
                0x10001c10       0x2c examples/hello_blink_freertos/CMakeFiles/hello_blink_freertos.dir/home/student/.pico-sdk/sdk/2.2.0/src/rp2_common/pico_runtime_init/runtime_init.c.o
                0x10001c10                runtime_init_early_resets
 .text.runtime_init_usb_power_down
                0x10001c3c       0x1c examples/hello_blink_freertos/CMakeFiles/hello_blink_freertos.dir/home/student/.pico-sdk/sdk/2.2.0/src/rp2_common/pico_runtime_init/runtime_init.c.o
                0x10001c3c                runtime_init_usb_power_down
 .text.runtime_init_post_clock_resets
                0x10001c58       0x20 examples/hello_blink_freertos/CMakeFiles/hello_blink_freertos.dir/home/student/.pico-sdk/sdk/2.2.0/src/rp2_common/pico_runtime_init/runtime_init.c.o
                0x10001c58                runtime_init_post_clock_resets
 .text.runtime_init_rp2040_gpio_ie_disable
                0x10001c78       0x14 examples/hello_blink_freertos/CMakeFiles/hello_blink_freertos.dir/home/student/.pico-sdk/sdk/2.2.0/src/rp2_common/pico_runtime_init/runtime_init.c.o
                0x10001c78                runtime_init_rp2040_gpio_ie_disable
 .text.runtime_init_spin_locks_reset
                0x10001c8c        0x8 examples/hello_blink_freertos/CMakeFiles/hello_blink_freertos.dir/home/student/.pico-sdk/sdk/2.2.0/src/rp2_common/pico_runtime_init/runtime_init.c.o
                0x10001c8c                runtime_init_spin_locks_reset
 .text.runtime_init_install_ram_vector_table
                0x10001c94       0x48 examples/hello_blink_freertos/CMakeFiles/hello_blink_freertos.dir/home/student/.pico-sdk/sdk/2.2.0/src/rp2_common/pico_runtime_init/runtime_init.c.o
                0x10001c94                runtime_init_install_ram_vector_table
 .text.start_all_ticks
                0x10001cdc       0x28 examples/hello_blink_freertos/CMakeFiles/hello_blink_freertos.dir/home/student/.pico-sdk/sdk/2.2.0/src/rp2_common/pico_runtime_init/runtime_init_clocks.c.o
 .text.runtime_init_clocks
                0x10001d04       0xcc examples/hello_blink_freertos/CMakeFiles/hello_blink_freertos.dir/home/student/.pico-sdk/sdk/2.2.0/src/rp2_common/pico_runtime_init/runtime_init_clocks.c.o
                0x10001d04                runtime_init_clocks
 .text          0x10001dd0       0x10 examples/hello_blink_freertos/CMakeFiles/hello_blink_freertos.dir/home/student/.pico-sdk/sdk/2.2.0/src/rp2_common/pico_bit_ops/bit_ops_aeabi.S.o
 .text.ctzsi    0x10001de0        0xc examples/hello_blink_freertos/CMakeFiles/hello_blink_freertos.dir/home/student/.pico-sdk/sdk/2.2.0/src/rp2_common/pico_bit_ops/bit_ops_aeabi.S.o
                0x10001de0                __wrap___ctzsi2
 .text.__wrap___aeabi_idiv
                0x10001dec       0x50 examples/hello_blink_freertos/CMakeFiles/hello_blink_freertos.dir/home/student/.pico-sdk/sdk/2.2.0/src/rp2_common/pico_divider/divider_hardware.S.o
                0x10001dec                __wrap___aeabi_idivmod
                0x10001dec                divmod_s32s32
                0x10001dec                div_s32s32
                0x10001dec                __wrap___aeabi_idiv
                0x10001df4                divmod_s32s32_unsafe
                0x10001e20                divmod_s32s32_savestate
 .text.__wrap___aeabi_uidiv
                0x10001e3c       0x4c examples/hello_blink_freertos/CMakeFiles/hello_blink_freertos.dir/home/student/.pico-sdk/sdk/2.2.0/src/rp2_common/pico_divider/divider_hardware.S.o
                0x10001e3c                __wrap___aeabi_uidiv
                0x10001e3c                __wrap___aeabi_uidivmod
                0x10001e3c                div_u32u32
                0x10001e3c                divmod_u32u32
                0x10001e44                divmod_u32u32_unsafe
                0x10001e6c                divmod_u32u32_savestate
 .text.__wrap___aeabi_ldiv
                0x10001e88      0x424 examples/hello_blink_freertos/CMakeFiles/hello_blink_freertos.dir/home/student/.pico-sdk/sdk/2.2.0/src/rp2_common/pico_divider/divider_hardware.S.o
                0x10001e88                div_s64s64
                0x10001e88                divmod_s64s64
                0x10001e88                __wrap___aeabi_ldivmod
                0x10001eb8                div_u64u64
                0x10001eb8                divmod_u64u64
                0x10001eb8                __wrap___aeabi_uldivmod
                0x10001ec8                divmod_u64u64_savestate
                0x10001ee8                divmod_s64s64_unsafe
                0x10001f70                divmod_u64u64_unsafe
 .text.__wrap___aeabi_darithmetic
                0x100022ac       0x60 examples/hello_blink_freertos/CMakeFiles/hello_blink_freertos.dir/home/student/.pico-sdk/sdk/2.2.0/src/rp2_common/pico_double/double_aeabi_rp2040.S.o
                0x100022ac                __wrap___aeabi_drsub
                0x100022b2                __wrap___aeabi_dsub
                0x100022bc                __wrap___aeabi_dadd
                0x100022c6                __wrap___aeabi_ddiv
                0x100022fa                __wrap___aeabi_dmul
 .text.__wrap___aeabi_cdcmple
                0x1000230c       0x6c examples/hello_blink_freertos/CMakeFiles/hello_blink_freertos.dir/home/student/.pico-sdk/sdk/2.2.0/src/rp2_common/pico_double/double_aeabi_rp2040.S.o
                0x1000230c                __wrap___aeabi_cdrcmple
                0x1000231c                __wrap___aeabi_cdcmple
                0x1000231c                __wrap___aeabi_cdcmpeq
 .text.__wrap___aeabi_dcmplt
                0x10002378        0xc examples/hello_blink_freertos/CMakeFiles/hello_blink_freertos.dir/home/student/.pico-sdk/sdk/2.2.0/src/rp2_common/pico_double/double_aeabi_rp2040.S.o
                0x10002378                __wrap___aeabi_dcmplt
 .text.__wrap___aeabi_dcmple
                0x10002384       0x10 examples/hello_blink_freertos/CMakeFiles/hello_blink_freertos.dir/home/student/.pico-sdk/sdk/2.2.0/src/rp2_common/pico_double/double_aeabi_rp2040.S.o
                0x10002384                __wrap___aeabi_dcmple
 .text.__wrap___aeabi_dcmpge
                0x10002394       0x10 examples/hello_blink_freertos/CMakeFiles/hello_blink_freertos.dir/home/student/.pico-sdk/sdk/2.2.0/src/rp2_common/pico_double/double_aeabi_rp2040.S.o
                0x10002394                __wrap___aeabi_dcmpge
 .text.__wrap___aeabi_dcmpgt
                0x100023a4        0xa examples/hello_blink_freertos/CMakeFiles/hello_blink_freertos.dir/home/student/.pico-sdk/sdk/2.2.0/src/rp2_common/pico_double/double_aeabi_rp2040.S.o
                0x100023a4                __wrap___aeabi_dcmpgt
 .text.__wrap___aeabi_dcmpun
                0x100023ae       0x18 examples/hello_blink_freertos/CMakeFiles/hello_blink_freertos.dir/home/student/.pico-sdk/sdk/2.2.0/src/rp2_common/pico_double/double_aeabi_rp2040.S.o
                0x100023ae                __wrap___aeabi_dcmpun
 *fill*         0x100023c6        0x2 
 .text.__wrap___aeabi_i2d
                0x100023c8       0x38 examples/hello_blink_freertos/CMakeFiles/hello_blink_freertos.dir/home/student/.pico-sdk/sdk/2.2.0/src/rp2_common/pico_double/double_aeabi_rp2040.S.o
                0x100023c8                __wrap___aeabi_ui2d
                0x100023c8                uint2double
                0x100023d0                __wrap___aeabi_i2d
                0x100023d0                int2double
 .text.__wrap___aeabi_d2iz
                0x10002400       0x48 examples/hello_blink_freertos/CMakeFiles/hello_blink_freertos.dir/home/student/.pico-sdk/sdk/2.2.0/src/rp2_common/pico_double/double_aeabi_rp2040.S.o
                0x10002400                __wrap___aeabi_d2iz
                0x10002400                double2int_z
 .text.__wrap___aeabi_d2uiz
                0x10002448       0x10 examples/hello_blink_freertos/CMakeFiles/hello_blink_freertos.dir/home/student/.pico-sdk/sdk/2.2.0/src/rp2_common/pico_double/double_aeabi_rp2040.S.o
                0x10002448                double2uint_z
                0x10002448                double2uint
                0x10002448                __wrap___aeabi_d2uiz
 .text.missing_double_func_shim
                0x10002458        0xc examples/hello_blink_freertos/CMakeFiles/hello_blink_freertos.dir/home/student/.pico-sdk/sdk/2.2.0/src/rp2_common/pico_double/double_init_rom_rp2040.c.o
 .text.__aeabi_double_init
                0x10002464       0xd0 examples/hello_blink_freertos/CMakeFiles/hello_blink_freertos.dir/home/student/.pico-sdk/sdk/2.2.0/src/rp2_common/pico_double/double_init_rom_rp2040.c.o
                0x10002464                __aeabi_double_init
 .text.double_table_shim_on_use_helper
                0x10002534       0x34 examples/hello_blink_freertos/CMakeFiles/hello_blink_freertos.dir/home/student/.pico-sdk/sdk/2.2.0/src/rp2_common/pico_double/double_v1_rom_shim_rp2040.S.o
                0x10002534                double_table_shim_on_use_helper
 .text.__aeabi_lmul
                0x10002568       0x32 examples/hello_blink_freertos/CMakeFiles/hello_blink_freertos.dir/home/student/.pico-sdk/sdk/2.2.0/src/rp2_common/pico_int64_ops/pico_int64_ops_aeabi.S.o
                0x10002568                __wrap___aeabi_lmul
 *fill*         0x1000259a        0x2 
 .text.missing_float_func_shim
                0x1000259c        0xc examples/hello_blink_freertos/CMakeFiles/hello_blink_freertos.dir/home/student/.pico-sdk/sdk/2.2.0/src/rp2_common/pico_float/float_init_rom_rp2040.c.o
 .text.__aeabi_float_init
                0x100025a8       0x88 examples/hello_blink_freertos/CMakeFiles/hello_blink_freertos.dir/home/student/.pico-sdk/sdk/2.2.0/src/rp2_common/pico_float/float_init_rom_rp2040.c.o
                0x100025a8                __aeabi_float_init
 .text.check_alloc
                0x10002630       0x20 examples/hello_blink_freertos/CMakeFiles/hello_blink_freertos.dir/home/student/.pico-sdk/sdk/2.2.0/src/rp2_common/pico_malloc/malloc.c.o
 .text.__wrap_malloc
                0x10002650       0x2c examples/hello_blink_freertos/CMakeFiles/hello_blink_freertos.dir/home/student/.pico-sdk/sdk/2.2.0/src/rp2_common/pico_malloc/malloc.c.o
                0x10002650                __wrap_malloc
 .text.__wrap_calloc
                0x1000267c       0x30 examples/hello_blink_freertos/CMakeFiles/hello_blink_freertos.dir/home/student/.pico-sdk/sdk/2.2.0/src/rp2_common/pico_malloc/malloc.c.o
                0x1000267c                __wrap_calloc
 .text.__wrap_free
                0x100026ac       0x20 examples/hello_blink_freertos/CMakeFiles/hello_blink_freertos.dir/home/student/.pico-sdk/sdk/2.2.0/src/rp2_common/pico_malloc/malloc.c.o
                0x100026ac                __wrap_free
 .text          0x100026cc       0x10 examples/hello_blink_freertos/CMakeFiles/hello_blink_freertos.dir/home/student/.pico-sdk/sdk/2.2.0/src/rp2_common/pico_mem_ops/mem_ops_aeabi.S.o
                0x100026cc                __aeabi_mem_init
 .text.memset   0x100026dc        0xc examples/hello_blink_freertos/CMakeFiles/hello_blink_freertos.dir/home/student/.pico-sdk/sdk/2.2.0/src/rp2_common/pico_mem_ops/mem_ops_aeabi.S.o
                0x100026dc                __wrap_memset
 .text.memcpy   0x100026e8        0xc examples/hello_blink_freertos/CMakeFiles/hello_blink_freertos.dir/home/student/.pico-sdk/sdk/2.2.0/src/rp2_common/pico_mem_ops/mem_ops_aeabi.S.o
                0x100026e8                __wrap___aeabi_memcpy
                0x100026e8                __wrap_memcpy
 .text._out_null
                0x100026f4        0x2 examples/hello_blink_freertos/CMakeFiles/hello_blink_freertos.dir/home/student/.pico-sdk/sdk/2.2.0/src/rp2_common/pico_printf/printf.c.o
 .text._out_fct
                0x100026f6        0xe examples/hello_blink_freertos/CMakeFiles/hello_blink_freertos.dir/home/student/.pico-sdk/sdk/2.2.0/src/rp2_common/pico_printf/printf.c.o
 .text._atoi    0x10002704       0x24 examples/hello_blink_freertos/CMakeFiles/hello_blink_freertos.dir/home/student/.pico-sdk/sdk/2.2.0/src/rp2_common/pico_printf/printf.c.o
 .text._out_rev
                0x10002728       0xb0 examples/hello_blink_freertos/CMakeFiles/hello_blink_freertos.dir/home/student/.pico-sdk/sdk/2.2.0/src/rp2_common/pico_printf/printf.c.o
 .text._ntoa_format
                0x100027d8      0x10e examples/hello_blink_freertos/CMakeFiles/hello_blink_freertos.dir/home/student/.pico-sdk/sdk/2.2.0/src/rp2_common/pico_printf/printf.c.o
 .text._ntoa_long
                0x100028e6       0xbc examples/hello_blink_freertos/CMakeFiles/hello_blink_freertos.dir/home/student/.pico-sdk/sdk/2.2.0/src/rp2_common/pico_printf/printf.c.o
 .text._ntoa_long_long
                0x100029a2      0x10e examples/hello_blink_freertos/CMakeFiles/hello_blink_freertos.dir/home/student/.pico-sdk/sdk/2.2.0/src/rp2_common/pico_printf/printf.c.o
 .text._etoa    0x10002ab0      0x424 examples/hello_blink_freertos/CMakeFiles/hello_blink_freertos.dir/home/student/.pico-sdk/sdk/2.2.0/src/rp2_common/pico_printf/printf.c.o
 .text._ftoa    0x10002ed4      0x348 examples/hello_blink_freertos/CMakeFiles/hello_blink_freertos.dir/home/student/.pico-sdk/sdk/2.2.0/src/rp2_common/pico_printf/printf.c.o
 .text._vsnprintf
                0x1000321c      0x6a4 examples/hello_blink_freertos/CMakeFiles/hello_blink_freertos.dir/home/student/.pico-sdk/sdk/2.2.0/src/rp2_common/pico_printf/printf.c.o
 .text.vfctprintf
                0x100038c0       0x24 examples/hello_blink_freertos/CMakeFiles/hello_blink_freertos.dir/home/student/.pico-sdk/sdk/2.2.0/src/rp2_common/pico_printf/printf.c.o
                0x100038c0                vfctprintf
 .text._exit    0x100038e4        0x4 examples/hello_blink_freertos/CMakeFiles/hello_blink_freertos.dir/home/student/.pico-sdk/sdk/2.2.0/src/rp2_common/pico_clib_interface/newlib_interface.c.o
                0x100038e4                _exit
 .text._sbrk    0x100038e8       0x38 examples/hello_blink_freertos/CMakeFiles/hello_blink_freertos.dir/home/student/.pico-sdk/sdk/2.2.0/src/rp2_common/pico_clib_interface/newlib_interface.c.o
                0x100038e8                _sbrk
 .text.exit     0x10003920        0x6 examples/hello_blink_freertos/CMakeFiles/hello_blink_freertos.dir/home/student/.pico-sdk/sdk/2.2.0/src/rp2_common/pico_clib_interface/newlib_interface.c.o
                0x10003920                exit
 *fill*         0x10003926        0x2 
 .text.__assert_func
                0x10003928       0x38 examples/hello_blink_freertos/CMakeFiles/hello_blink_freertos.dir/home/student/.pico-sdk/sdk/2.2.0/src/rp2_common/pico_clib_interface/newlib_interface.c.o
                0x10003928                __assert_func
 .text.runtime_init
                0x10003960       0x28 examples/hello_blink_freertos/CMakeFiles/hello_blink_freertos.dir/home/student/.pico-sdk/sdk/2.2.0/src/rp2_common/pico_clib_interface/newlib_interface.c.o
                0x10003960                runtime_init
 .text.stdio_out_chars_no_crlf
                0x10003988        0xe examples/hello_blink_freertos/CMakeFiles/hello_blink_freertos.dir/home/student/.pico-sdk/sdk/2.2.0/src/rp2_common/pico_stdio/stdio.c.o
 *fill*         0x10003996        0x2 
 .text.stdio_out_chars_crlf
                0x10003998       0x80 examples/hello_blink_freertos/CMakeFiles/hello_blink_freertos.dir/home/student/.pico-sdk/sdk/2.2.0/src/rp2_common/pico_stdio/stdio.c.o
 .text.stdio_stack_buffer_flush
                0x10003a18       0x44 examples/hello_blink_freertos/CMakeFiles/hello_blink_freertos.dir/home/student/.pico-sdk/sdk/2.2.0/src/rp2_common/pico_stdio/stdio.c.o
 .text.stdio_buffered_printer
                0x10003a5c       0x20 examples/hello_blink_freertos/CMakeFiles/hello_blink_freertos.dir/home/student/.pico-sdk/sdk/2.2.0/src/rp2_common/pico_stdio/stdio.c.o
 .text.stdout_serialize_begin
                0x10003a7c       0x30 examples/hello_blink_freertos/CMakeFiles/hello_blink_freertos.dir/home/student/.pico-sdk/sdk/2.2.0/src/rp2_common/pico_stdio/stdio.c.o
                0x10003a7c                stdout_serialize_begin
 .text.stdout_serialize_end
                0x10003aac       0x10 examples/hello_blink_freertos/CMakeFiles/hello_blink_freertos.dir/home/student/.pico-sdk/sdk/2.2.0/src/rp2_common/pico_stdio/stdio.c.o
                0x10003aac                stdout_serialize_end
 .text.stdio_put_string
                0x10003abc       0x94 examples/hello_blink_freertos/CMakeFiles/hello_blink_freertos.dir/home/student/.pico-sdk/sdk/2.2.0/src/rp2_common/pico_stdio/stdio.c.o
                0x10003abc                stdio_put_string
 .text.stdio_set_driver_enabled
                0x10003b50       0x30 examples/hello_blink_freertos/CMakeFiles/hello_blink_freertos.dir/home/student/.pico-sdk/sdk/2.2.0/src/rp2_common/pico_stdio/stdio.c.o
                0x10003b50                stdio_set_driver_enabled
 .text.stdio_flush
                0x10003b80       0x20 examples/hello_blink_freertos/CMakeFiles/hello_blink_freertos.dir/home/student/.pico-sdk/sdk/2.2.0/src/rp2_common/pico_stdio/stdio.c.o
                0x10003b80                stdio_flush
 .text.stdio_init_all
                0x10003ba0        0x8 examples/hello_blink_freertos/CMakeFiles/hello_blink_freertos.dir/home/student/.pico-sdk/sdk/2.2.0/src/rp2_common/pico_stdio/stdio.c.o
                0x10003ba0                stdio_init_all
 .text.__wrap_puts
                0x10003ba8       0x1e examples/hello_blink_freertos/CMakeFiles/hello_blink_freertos.dir/home/student/.pico-sdk/sdk/2.2.0/src/rp2_common/pico_stdio/stdio.c.o
                0x10003ba8                __wrap_puts
                0x10003ba8                stdio_puts
 *fill*         0x10003bc6        0x2 
 .text.__wrap_vprintf
                0x10003bc8       0x40 examples/hello_blink_freertos/CMakeFiles/hello_blink_freertos.dir/home/student/.pico-sdk/sdk/2.2.0/src/rp2_common/pico_stdio/stdio.c.o
                0x10003bc8                __wrap_vprintf
                0x10003bc8                stdio_vprintf
 .text.__wrap_printf
                0x10003c08       0x18 examples/hello_blink_freertos/CMakeFiles/hello_blink_freertos.dir/home/student/.pico-sdk/sdk/2.2.0/src/rp2_common/pico_stdio/stdio.c.o
                0x10003c08                stdio_printf
                0x10003c08                __wrap_printf
 .text.resetd_init
                0x10003c20        0x2 examples/hello_blink_freertos/CMakeFiles/hello_blink_freertos.dir/home/student/.pico-sdk/sdk/2.2.0/src/rp2_common/pico_stdio_usb/reset_interface.c.o
 *fill*         0x10003c22        0x2 
 .text.resetd_reset
                0x10003c24        0xc examples/hello_blink_freertos/CMakeFiles/hello_blink_freertos.dir/home/student/.pico-sdk/sdk/2.2.0/src/rp2_common/pico_stdio_usb/reset_interface.c.o
 .text.resetd_open
                0x10003c30       0x34 examples/hello_blink_freertos/CMakeFiles/hello_blink_freertos.dir/home/student/.pico-sdk/sdk/2.2.0/src/rp2_common/pico_stdio_usb/reset_interface.c.o
 .text.resetd_xfer_cb
                0x10003c64        0x4 examples/hello_blink_freertos/CMakeFiles/hello_blink_freertos.dir/home/student/.pico-sdk/sdk/2.2.0/src/rp2_common/pico_stdio_usb/reset_interface.c.o
 .text.resetd_control_xfer_cb
                0x10003c68       0x60 examples/hello_blink_freertos/CMakeFiles/hello_blink_freertos.dir/home/student/.pico-sdk/sdk/2.2.0/src/rp2_common/pico_stdio_usb/reset_interface.c.o
 .text.tud_descriptor_bos_cb
                0x10003cc8        0x8 examples/hello_blink_freertos/CMakeFiles/hello_blink_freertos.dir/home/student/.pico-sdk/sdk/2.2.0/src/rp2_common/pico_stdio_usb/reset_interface.c.o
                0x10003cc8                tud_descriptor_bos_cb
 .text.tud_vendor_control_xfer_cb
                0x10003cd0       0x38 examples/hello_blink_freertos/CMakeFiles/hello_blink_freertos.dir/home/student/.pico-sdk/sdk/2.2.0/src/rp2_common/pico_stdio_usb/reset_interface.c.o
                0x10003cd0                tud_vendor_control_xfer_cb
 .text.usbd_app_driver_get_cb
                0x10003d08        0xc examples/hello_blink_freertos/CMakeFiles/hello_blink_freertos.dir/home/student/.pico-sdk/sdk/2.2.0/src/rp2_common/pico_stdio_usb/reset_interface.c.o
                0x10003d08                usbd_app_driver_get_cb
 .text.tud_cdc_line_coding_cb
                0x10003d14       0x2c examples/hello_blink_freertos/CMakeFiles/hello_blink_freertos.dir/home/student/.pico-sdk/sdk/2.2.0/src/rp2_common/pico_stdio_usb/reset_interface.c.o
                0x10003d14                tud_cdc_line_coding_cb
 .text.stdio_usb_set_chars_available_callback
                0x10003d40       0x14 examples/hello_blink_freertos/CMakeFiles/hello_blink_freertos.dir/home/student/.pico-sdk/sdk/2.2.0/src/rp2_common/pico_stdio_usb/stdio_usb.c.o
                0x10003d40                stdio_usb_set_chars_available_callback
 .text.stdio_usb_out_flush
                0x10003d54       0x4c examples/hello_blink_freertos/CMakeFiles/hello_blink_freertos.dir/home/student/.pico-sdk/sdk/2.2.0/src/rp2_common/pico_stdio_usb/stdio_usb.c.o
 .text.usb_irq  0x10003da0       0x10 examples/hello_blink_freertos/CMakeFiles/hello_blink_freertos.dir/home/student/.pico-sdk/sdk/2.2.0/src/rp2_common/pico_stdio_usb/stdio_usb.c.o
 .text.timer_task
                0x10003db0       0x6c examples/hello_blink_freertos/CMakeFiles/hello_blink_freertos.dir/home/student/.pico-sdk/sdk/2.2.0/src/rp2_common/pico_stdio_usb/stdio_usb.c.o
 .text.alarm_pool_add_alarm_in_us
                0x10003e1c       0x40 examples/hello_blink_freertos/CMakeFiles/hello_blink_freertos.dir/home/student/.pico-sdk/sdk/2.2.0/src/rp2_common/pico_stdio_usb/stdio_usb.c.o
 .text.add_alarm_in_us
                0x10003e5c       0x2e examples/hello_blink_freertos/CMakeFiles/hello_blink_freertos.dir/home/student/.pico-sdk/sdk/2.2.0/src/rp2_common/pico_stdio_usb/stdio_usb.c.o
 *fill*         0x10003e8a        0x2 
 .text.low_priority_worker_irq
                0x10003e8c       0xa8 examples/hello_blink_freertos/CMakeFiles/hello_blink_freertos.dir/home/student/.pico-sdk/sdk/2.2.0/src/rp2_common/pico_stdio_usb/stdio_usb.c.o
 .text.stdio_usb_init
                0x10003f34       0xe0 examples/hello_blink_freertos/CMakeFiles/hello_blink_freertos.dir/home/student/.pico-sdk/sdk/2.2.0/src/rp2_common/pico_stdio_usb/stdio_usb.c.o
                0x10003f34                stdio_usb_init
 .text.stdio_usb_connected
                0x10004014        0xa examples/hello_blink_freertos/CMakeFiles/hello_blink_freertos.dir/home/student/.pico-sdk/sdk/2.2.0/src/rp2_common/pico_stdio_usb/stdio_usb.c.o
                0x10004014                stdio_usb_connected
 *fill*         0x1000401e        0x2 
 .text.stdio_usb_in_chars
                0x10004020       0x98 examples/hello_blink_freertos/CMakeFiles/hello_blink_freertos.dir/home/student/.pico-sdk/sdk/2.2.0/src/rp2_common/pico_stdio_usb/stdio_usb.c.o
                0x10004020                stdio_usb_in_chars
 .text.stdio_usb_out_chars
                0x100040b8       0xe8 examples/hello_blink_freertos/CMakeFiles/hello_blink_freertos.dir/home/student/.pico-sdk/sdk/2.2.0/src/rp2_common/pico_stdio_usb/stdio_usb.c.o
 .text.tud_descriptor_device_cb
                0x100041a0        0x8 examples/hello_blink_freertos/CMakeFiles/hello_blink_freertos.dir/home/student/.pico-sdk/sdk/2.2.0/src/rp2_common/pico_stdio_usb/stdio_usb_descriptors.c.o
                0x100041a0                tud_descriptor_device_cb
 .text.tud_descriptor_configuration_cb
                0x100041a8        0x8 examples/hello_blink_freertos/CMakeFiles/hello_blink_freertos.dir/home/student/.pico-sdk/sdk/2.2.0/src/rp2_common/pico_stdio_usb/stdio_usb_descriptors.c.o
                0x100041a8                tud_descriptor_configuration_cb
 .text.tud_descriptor_string_cb
                0x100041b0       0x6c examples/hello_blink_freertos/CMakeFiles/hello_blink_freertos.dir/home/student/.pico-sdk/sdk/2.2.0/src/rp2_common/pico_stdio_usb/stdio_usb_descriptors.c.o
                0x100041b0                tud_descriptor_string_cb
 .text._retrieve_unique_id_on_boot
                0x1000421c       0x10 examples/hello_blink_freertos/CMakeFiles/hello_blink_freertos.dir/home/student/.pico-sdk/sdk/2.2.0/src/rp2_common/pico_unique_id/unique_id.c.o
 .text.pico_get_unique_board_id
                0x1000422c       0x10 examples/hello_blink_freertos/CMakeFiles/hello_blink_freertos.dir/home/student/.pico-sdk/sdk/2.2.0/src/rp2_common/pico_unique_id/unique_id.c.o
                0x1000422c                pico_get_unique_board_id
 .text.pico_get_unique_board_id_string
                0x1000423c       0x58 examples/hello_blink_freertos/CMakeFiles/hello_blink_freertos.dir/home/student/.pico-sdk/sdk/2.2.0/src/rp2_common/pico_unique_id/unique_id.c.o
                0x1000423c                pico_get_unique_board_id_string
 .text.flash_get_unique_id
                0x10004294       0x40 examples/hello_blink_freertos/CMakeFiles/hello_blink_freertos.dir/home/student/.pico-sdk/sdk/2.2.0/src/rp2_common/hardware_flash/flash.c.o
                0x10004294                flash_get_unique_id
 .text.hw_endpoint_init
                0x100042d4       0xc0 examples/hello_blink_freertos/CMakeFiles/hello_blink_freertos.dir/home/student/.pico-sdk/sdk/2.2.0/lib/tinyusb/src/portable/raspberrypi/rp2040/dcd_rp2040.c.o
 .text.hw_endpoint_alloc
                0x10004394       0x48 examples/hello_blink_freertos/CMakeFiles/hello_blink_freertos.dir/home/student/.pico-sdk/sdk/2.2.0/lib/tinyusb/src/portable/raspberrypi/rp2040/dcd_rp2040.c.o
 .text.hw_endpoint_open
                0x100043dc       0x50 examples/hello_blink_freertos/CMakeFiles/hello_blink_freertos.dir/home/student/.pico-sdk/sdk/2.2.0/lib/tinyusb/src/portable/raspberrypi/rp2040/dcd_rp2040.c.o
 .text.hw_endpoint_xfer
                0x1000442c       0x20 examples/hello_blink_freertos/CMakeFiles/hello_blink_freertos.dir/home/student/.pico-sdk/sdk/2.2.0/lib/tinyusb/src/portable/raspberrypi/rp2040/dcd_rp2040.c.o
 .text.dcd_int_enable
                0x1000444c       0x2c examples/hello_blink_freertos/CMakeFiles/hello_blink_freertos.dir/home/student/.pico-sdk/sdk/2.2.0/lib/tinyusb/src/portable/raspberrypi/rp2040/dcd_rp2040.c.o
                0x1000444c                dcd_int_enable
 .text.dcd_set_address
                0x10004478       0x2c examples/hello_blink_freertos/CMakeFiles/hello_blink_freertos.dir/home/student/.pico-sdk/sdk/2.2.0/lib/tinyusb/src/portable/raspberrypi/rp2040/dcd_rp2040.c.o
                0x10004478                dcd_set_address
 .text.dcd_connect
                0x100044a4       0x10 examples/hello_blink_freertos/CMakeFiles/hello_blink_freertos.dir/home/student/.pico-sdk/sdk/2.2.0/lib/tinyusb/src/portable/raspberrypi/rp2040/dcd_rp2040.c.o
                0x100044a4                dcd_connect
 .text.dcd_init
                0x100044b4       0x80 examples/hello_blink_freertos/CMakeFiles/hello_blink_freertos.dir/home/student/.pico-sdk/sdk/2.2.0/lib/tinyusb/src/portable/raspberrypi/rp2040/dcd_rp2040.c.o
                0x100044b4                dcd_init
 .text.dcd_sof_enable
                0x10004534       0x1c examples/hello_blink_freertos/CMakeFiles/hello_blink_freertos.dir/home/student/.pico-sdk/sdk/2.2.0/lib/tinyusb/src/portable/raspberrypi/rp2040/dcd_rp2040.c.o
                0x10004534                dcd_sof_enable
 .text.dcd_edpt0_status_complete
                0x10004550       0x1c examples/hello_blink_freertos/CMakeFiles/hello_blink_freertos.dir/home/student/.pico-sdk/sdk/2.2.0/lib/tinyusb/src/portable/raspberrypi/rp2040/dcd_rp2040.c.o
                0x10004550                dcd_edpt0_status_complete
 .text.dcd_edpt_open
                0x1000456c       0x26 examples/hello_blink_freertos/CMakeFiles/hello_blink_freertos.dir/home/student/.pico-sdk/sdk/2.2.0/lib/tinyusb/src/portable/raspberrypi/rp2040/dcd_rp2040.c.o
                0x1000456c                dcd_edpt_open
 .text.dcd_edpt_close_all
                0x10004592        0x8 examples/hello_blink_freertos/CMakeFiles/hello_blink_freertos.dir/home/student/.pico-sdk/sdk/2.2.0/lib/tinyusb/src/portable/raspberrypi/rp2040/dcd_rp2040.c.o
                0x10004592                dcd_edpt_close_all
 *fill*         0x1000459a        0x2 
 .text.dcd_edpt_xfer
                0x1000459c       0x30 examples/hello_blink_freertos/CMakeFiles/hello_blink_freertos.dir/home/student/.pico-sdk/sdk/2.2.0/lib/tinyusb/src/portable/raspberrypi/rp2040/dcd_rp2040.c.o
                0x1000459c                dcd_edpt_xfer
 .text.dcd_edpt_stall
                0x100045cc       0x3c examples/hello_blink_freertos/CMakeFiles/hello_blink_freertos.dir/home/student/.pico-sdk/sdk/2.2.0/lib/tinyusb/src/portable/raspberrypi/rp2040/dcd_rp2040.c.o
                0x100045cc                dcd_edpt_stall
 .text.dcd_edpt_clear_stall
                0x10004608       0x30 examples/hello_blink_freertos/CMakeFiles/hello_blink_freertos.dir/home/student/.pico-sdk/sdk/2.2.0/lib/tinyusb/src/portable/raspberrypi/rp2040/dcd_rp2040.c.o
                0x10004608                dcd_edpt_clear_stall
 .text.unaligned_memcpy
                0x10004638       0x14 examples/hello_blink_freertos/CMakeFiles/hello_blink_freertos.dir/home/student/.pico-sdk/sdk/2.2.0/lib/tinyusb/src/portable/raspberrypi/rp2040/rp2040_usb.c.o
 .text.rp2040_usb_init
                0x1000464c       0x44 examples/hello_blink_freertos/CMakeFiles/hello_blink_freertos.dir/home/student/.pico-sdk/sdk/2.2.0/lib/tinyusb/src/portable/raspberrypi/rp2040/rp2040_usb.c.o
                0x1000464c                rp2040_usb_init
 .text.hw_endpoint_xfer_start
                0x10004690       0x60 examples/hello_blink_freertos/CMakeFiles/hello_blink_freertos.dir/home/student/.pico-sdk/sdk/2.2.0/lib/tinyusb/src/portable/raspberrypi/rp2040/rp2040_usb.c.o
                0x10004690                hw_endpoint_xfer_start
 .text.configuration_reset
                0x100046f0       0x84 examples/hello_blink_freertos/CMakeFiles/hello_blink_freertos.dir/home/student/.pico-sdk/sdk/2.2.0/lib/tinyusb/src/device/usbd.c.o
 .text.usbd_reset
                0x10004774        0xc examples/hello_blink_freertos/CMakeFiles/hello_blink_freertos.dir/home/student/.pico-sdk/sdk/2.2.0/lib/tinyusb/src/device/usbd.c.o
 .text.invoke_class_control
                0x10004780       0x1a examples/hello_blink_freertos/CMakeFiles/hello_blink_freertos.dir/home/student/.pico-sdk/sdk/2.2.0/lib/tinyusb/src/device/usbd.c.o
 *fill*         0x1000479a        0x2 
 .text.process_set_config
                0x1000479c      0x1b0 examples/hello_blink_freertos/CMakeFiles/hello_blink_freertos.dir/home/student/.pico-sdk/sdk/2.2.0/lib/tinyusb/src/device/usbd.c.o
 .text.tud_event_hook_cb
                0x1000494c        0x2 examples/hello_blink_freertos/CMakeFiles/hello_blink_freertos.dir/home/student/.pico-sdk/sdk/2.2.0/lib/tinyusb/src/device/usbd.c.o
                0x1000494c                tud_event_hook_cb
 .text.tud_sof_cb
                0x1000494e        0x2 examples/hello_blink_freertos/CMakeFiles/hello_blink_freertos.dir/home/student/.pico-sdk/sdk/2.2.0/lib/tinyusb/src/device/usbd.c.o
                0x1000494e                tud_sof_cb
 .text.tud_descriptor_device_qualifier_cb
                0x10004950        0x4 examples/hello_blink_freertos/CMakeFiles/hello_blink_freertos.dir/home/student/.pico-sdk/sdk/2.2.0/lib/tinyusb/src/device/usbd.c.o
                0x10004950                tud_descriptor_device_qualifier_cb
 .text.tud_descriptor_other_speed_configuration_cb
                0x10004954        0x4 examples/hello_blink_freertos/CMakeFiles/hello_blink_freertos.dir/home/student/.pico-sdk/sdk/2.2.0/lib/tinyusb/src/device/usbd.c.o
                0x10004954                tud_descriptor_other_speed_configuration_cb
 .text.process_get_descriptor
                0x10004958       0xe0 examples/hello_blink_freertos/CMakeFiles/hello_blink_freertos.dir/home/student/.pico-sdk/sdk/2.2.0/lib/tinyusb/src/device/usbd.c.o
 .text.tud_mount_cb
                0x10004a38        0x2 examples/hello_blink_freertos/CMakeFiles/hello_blink_freertos.dir/home/student/.pico-sdk/sdk/2.2.0/lib/tinyusb/src/device/usbd.c.o
                0x10004a38                tud_mount_cb
 .text.tud_umount_cb
                0x10004a3a        0x2 examples/hello_blink_freertos/CMakeFiles/hello_blink_freertos.dir/home/student/.pico-sdk/sdk/2.2.0/lib/tinyusb/src/device/usbd.c.o
                0x10004a3a                tud_umount_cb
 .text.tud_suspend_cb
                0x10004a3c        0x2 examples/hello_blink_freertos/CMakeFiles/hello_blink_freertos.dir/home/student/.pico-sdk/sdk/2.2.0/lib/tinyusb/src/device/usbd.c.o
                0x10004a3c                tud_suspend_cb
 .text.tud_resume_cb
                0x10004a3e        0x2 examples/hello_blink_freertos/CMakeFiles/hello_blink_freertos.dir/home/student/.pico-sdk/sdk/2.2.0/lib/tinyusb/src/device/usbd.c.o
                0x10004a3e                tud_resume_cb
 .text.tud_mounted
                0x10004a40       0x10 examples/hello_blink_freertos/CMakeFiles/hello_blink_freertos.dir/home/student/.pico-sdk/sdk/2.2.0/lib/tinyusb/src/device/usbd.c.o
                0x10004a40                tud_mounted
 .text.tud_suspended
                0x10004a50       0x10 examples/hello_blink_freertos/CMakeFiles/hello_blink_freertos.dir/home/student/.pico-sdk/sdk/2.2.0/lib/tinyusb/src/device/usbd.c.o
                0x10004a50                tud_suspended
 .text.tud_inited
                0x10004a60       0x14 examples/hello_blink_freertos/CMakeFiles/hello_blink_freertos.dir/home/student/.pico-sdk/sdk/2.2.0/lib/tinyusb/src/device/usbd.c.o
                0x10004a60                tud_inited
 .text.tud_rhport_init
                0x10004a74      0x100 examples/hello_blink_freertos/CMakeFiles/hello_blink_freertos.dir/home/student/.pico-sdk/sdk/2.2.0/lib/tinyusb/src/device/usbd.c.o
                0x10004a74                tud_rhport_init
 .text.usbd_edpt_open
                0x10004b74       0x60 examples/hello_blink_freertos/CMakeFiles/hello_blink_freertos.dir/home/student/.pico-sdk/sdk/2.2.0/lib/tinyusb/src/device/usbd.c.o
                0x10004b74                usbd_edpt_open
 .text.usbd_open_edpt_pair
                0x10004bd4       0x88 examples/hello_blink_freertos/CMakeFiles/hello_blink_freertos.dir/home/student/.pico-sdk/sdk/2.2.0/lib/tinyusb/src/device/usbd.c.o
                0x10004bd4                usbd_open_edpt_pair
 .text.usbd_edpt_claim
                0x10004c5c       0x28 examples/hello_blink_freertos/CMakeFiles/hello_blink_freertos.dir/home/student/.pico-sdk/sdk/2.2.0/lib/tinyusb/src/device/usbd.c.o
                0x10004c5c                usbd_edpt_claim
 .text.usbd_edpt_release
                0x10004c84       0x28 examples/hello_blink_freertos/CMakeFiles/hello_blink_freertos.dir/home/student/.pico-sdk/sdk/2.2.0/lib/tinyusb/src/device/usbd.c.o
                0x10004c84                usbd_edpt_release
 .text.usbd_edpt_xfer
                0x10004cac       0x88 examples/hello_blink_freertos/CMakeFiles/hello_blink_freertos.dir/home/student/.pico-sdk/sdk/2.2.0/lib/tinyusb/src/device/usbd.c.o
                0x10004cac                usbd_edpt_xfer
 .text.usbd_edpt_stall
                0x10004d34       0x34 examples/hello_blink_freertos/CMakeFiles/hello_blink_freertos.dir/home/student/.pico-sdk/sdk/2.2.0/lib/tinyusb/src/device/usbd.c.o
                0x10004d34                usbd_edpt_stall
 .text.usbd_edpt_clear_stall
                0x10004d68       0x34 examples/hello_blink_freertos/CMakeFiles/hello_blink_freertos.dir/home/student/.pico-sdk/sdk/2.2.0/lib/tinyusb/src/device/usbd.c.o
                0x10004d68                usbd_edpt_clear_stall
 .text.usbd_edpt_stalled
                0x10004d9c       0x1c examples/hello_blink_freertos/CMakeFiles/hello_blink_freertos.dir/home/student/.pico-sdk/sdk/2.2.0/lib/tinyusb/src/device/usbd.c.o
                0x10004d9c                usbd_edpt_stalled
 .text.process_control_request
                0x10004db8      0x384 examples/hello_blink_freertos/CMakeFiles/hello_blink_freertos.dir/home/student/.pico-sdk/sdk/2.2.0/lib/tinyusb/src/device/usbd.c.o
 .text.tud_task_ext
                0x1000513c      0x1d0 examples/hello_blink_freertos/CMakeFiles/hello_blink_freertos.dir/home/student/.pico-sdk/sdk/2.2.0/lib/tinyusb/src/device/usbd.c.o
                0x1000513c                tud_task_ext
 .text.status_stage_xact
                0x1000530c       0x1a examples/hello_blink_freertos/CMakeFiles/hello_blink_freertos.dir/home/student/.pico-sdk/sdk/2.2.0/lib/tinyusb/src/device/usbd_control.c.o
 *fill*         0x10005326        0x2 
 .text.data_stage_xact
                0x10005328       0x60 examples/hello_blink_freertos/CMakeFiles/hello_blink_freertos.dir/home/student/.pico-sdk/sdk/2.2.0/lib/tinyusb/src/device/usbd_control.c.o
 .text.tud_control_status
                0x10005388       0x28 examples/hello_blink_freertos/CMakeFiles/hello_blink_freertos.dir/home/student/.pico-sdk/sdk/2.2.0/lib/tinyusb/src/device/usbd_control.c.o
                0x10005388                tud_control_status
 .text.tud_control_xfer
                0x100053b0       0x98 examples/hello_blink_freertos/CMakeFiles/hello_blink_freertos.dir/home/student/.pico-sdk/sdk/2.2.0/lib/tinyusb/src/device/usbd_control.c.o
                0x100053b0                tud_control_xfer
 .text.usbd_control_reset
                0x10005448       0x14 examples/hello_blink_freertos/CMakeFiles/hello_blink_freertos.dir/home/student/.pico-sdk/sdk/2.2.0/lib/tinyusb/src/device/usbd_control.c.o
                0x10005448                usbd_control_reset
 .text.usbd_control_set_complete_callback
                0x1000545c        0xc examples/hello_blink_freertos/CMakeFiles/hello_blink_freertos.dir/home/student/.pico-sdk/sdk/2.2.0/lib/tinyusb/src/device/usbd_control.c.o
                0x1000545c                usbd_control_set_complete_callback
 .text.usbd_control_set_request
                0x10005468       0x1c examples/hello_blink_freertos/CMakeFiles/hello_blink_freertos.dir/home/student/.pico-sdk/sdk/2.2.0/lib/tinyusb/src/device/usbd_control.c.o
                0x10005468                usbd_control_set_request
 .text.usbd_control_xfer_cb
                0x10005484       0xe0 examples/hello_blink_freertos/CMakeFiles/hello_blink_freertos.dir/home/student/.pico-sdk/sdk/2.2.0/lib/tinyusb/src/device/usbd_control.c.o
                0x10005484                usbd_control_xfer_cb
 .text._prep_out_transaction
                0x10005564       0x94 examples/hello_blink_freertos/CMakeFiles/hello_blink_freertos.dir/home/student/.pico-sdk/sdk/2.2.0/lib/tinyusb/src/class/cdc/cdc_device.c.o
 .text.tud_cdc_n_connected
                0x100055f8       0x38 examples/hello_blink_freertos/CMakeFiles/hello_blink_freertos.dir/home/student/.pico-sdk/sdk/2.2.0/lib/tinyusb/src/class/cdc/cdc_device.c.o
                0x100055f8                tud_cdc_n_connected
 .text.tud_cdc_n_available
                0x10005630       0x18 examples/hello_blink_freertos/CMakeFiles/hello_blink_freertos.dir/home/student/.pico-sdk/sdk/2.2.0/lib/tinyusb/src/class/cdc/cdc_device.c.o
                0x10005630                tud_cdc_n_available
 .text.tud_cdc_n_read
                0x10005648       0x38 examples/hello_blink_freertos/CMakeFiles/hello_blink_freertos.dir/home/student/.pico-sdk/sdk/2.2.0/lib/tinyusb/src/class/cdc/cdc_device.c.o
                0x10005648                tud_cdc_n_read
 .text.tud_cdc_n_write_flush
                0x10005680       0xb0 examples/hello_blink_freertos/CMakeFiles/hello_blink_freertos.dir/home/student/.pico-sdk/sdk/2.2.0/lib/tinyusb/src/class/cdc/cdc_device.c.o
                0x10005680                tud_cdc_n_write_flush
 .text.tud_cdc_n_write
                0x10005730       0x48 examples/hello_blink_freertos/CMakeFiles/hello_blink_freertos.dir/home/student/.pico-sdk/sdk/2.2.0/lib/tinyusb/src/class/cdc/cdc_device.c.o
                0x10005730                tud_cdc_n_write
 .text.tud_cdc_n_write_available
                0x10005778       0x18 examples/hello_blink_freertos/CMakeFiles/hello_blink_freertos.dir/home/student/.pico-sdk/sdk/2.2.0/lib/tinyusb/src/class/cdc/cdc_device.c.o
                0x10005778                tud_cdc_n_write_available
 .text.cdcd_init
                0x10005790       0xac examples/hello_blink_freertos/CMakeFiles/hello_blink_freertos.dir/home/student/.pico-sdk/sdk/2.2.0/lib/tinyusb/src/class/cdc/cdc_device.c.o
                0x10005790                cdcd_init
 .text.cdcd_deinit
                0x1000583c       0x48 examples/hello_blink_freertos/CMakeFiles/hello_blink_freertos.dir/home/student/.pico-sdk/sdk/2.2.0/lib/tinyusb/src/class/cdc/cdc_device.c.o
                0x1000583c                cdcd_deinit
 .text.cdcd_reset
                0x10005884       0x70 examples/hello_blink_freertos/CMakeFiles/hello_blink_freertos.dir/home/student/.pico-sdk/sdk/2.2.0/lib/tinyusb/src/class/cdc/cdc_device.c.o
                0x10005884                cdcd_reset
 .text.cdcd_open
                0x100058f4       0xec examples/hello_blink_freertos/CMakeFiles/hello_blink_freertos.dir/home/student/.pico-sdk/sdk/2.2.0/lib/tinyusb/src/class/cdc/cdc_device.c.o
                0x100058f4                cdcd_open
 .text.cdcd_control_xfer_cb
                0x100059e0      0x13c examples/hello_blink_freertos/CMakeFiles/hello_blink_freertos.dir/home/student/.pico-sdk/sdk/2.2.0/lib/tinyusb/src/class/cdc/cdc_device.c.o
                0x100059e0                cdcd_control_xfer_cb
 .text.cdcd_xfer_cb
                0x10005b1c      0x148 examples/hello_blink_freertos/CMakeFiles/hello_blink_freertos.dir/home/student/.pico-sdk/sdk/2.2.0/lib/tinyusb/src/class/cdc/cdc_device.c.o
                0x10005b1c                cdcd_xfer_cb
 .text.tud_vendor_n_mounted
                0x10005c64       0x3c examples/hello_blink_freertos/CMakeFiles/hello_blink_freertos.dir/home/student/.pico-sdk/sdk/2.2.0/lib/tinyusb/src/class/vendor/vendor_device.c.o
                0x10005c64                tud_vendor_n_mounted
 .text.tud_vendor_n_write_flush
                0x10005ca0       0x20 examples/hello_blink_freertos/CMakeFiles/hello_blink_freertos.dir/home/student/.pico-sdk/sdk/2.2.0/lib/tinyusb/src/class/vendor/vendor_device.c.o
                0x10005ca0                tud_vendor_n_write_flush
 .text.vendord_init
                0x10005cc0       0x9c examples/hello_blink_freertos/CMakeFiles/hello_blink_freertos.dir/home/student/.pico-sdk/sdk/2.2.0/lib/tinyusb/src/class/vendor/vendor_device.c.o
                0x10005cc0                vendord_init
 .text.vendord_deinit
                0x10005d5c       0x34 examples/hello_blink_freertos/CMakeFiles/hello_blink_freertos.dir/home/student/.pico-sdk/sdk/2.2.0/lib/tinyusb/src/class/vendor/vendor_device.c.o
                0x10005d5c                vendord_deinit
 .text.vendord_reset
                0x10005d90       0x50 examples/hello_blink_freertos/CMakeFiles/hello_blink_freertos.dir/home/student/.pico-sdk/sdk/2.2.0/lib/tinyusb/src/class/vendor/vendor_device.c.o
                0x10005d90                vendord_reset
 .text.vendord_open
                0x10005de0      0x14c examples/hello_blink_freertos/CMakeFiles/hello_blink_freertos.dir/home/student/.pico-sdk/sdk/2.2.0/lib/tinyusb/src/class/vendor/vendor_device.c.o
                0x10005de0                vendord_open
 .text.vendord_xfer_cb
                0x10005f2c       0xd8 examples/hello_blink_freertos/CMakeFiles/hello_blink_freertos.dir/home/student/.pico-sdk/sdk/2.2.0/lib/tinyusb/src/class/vendor/vendor_device.c.o
                0x10005f2c                vendord_xfer_cb
 .text.tusb_rhport_init
                0x10006004       0x78 examples/hello_blink_freertos/CMakeFiles/hello_blink_freertos.dir/home/student/.pico-sdk/sdk/2.2.0/lib/tinyusb/src/tusb.c.o
                0x10006004                tusb_rhport_init
 .text.tu_edpt_claim
                0x1000607c       0x50 examples/hello_blink_freertos/CMakeFiles/hello_blink_freertos.dir/home/student/.pico-sdk/sdk/2.2.0/lib/tinyusb/src/tusb.c.o
                0x1000607c                tu_edpt_claim
 .text.tu_edpt_release
                0x100060cc       0x38 examples/hello_blink_freertos/CMakeFiles/hello_blink_freertos.dir/home/student/.pico-sdk/sdk/2.2.0/lib/tinyusb/src/tusb.c.o
                0x100060cc                tu_edpt_release
 .text.tu_edpt_validate
                0x10006104       0xac examples/hello_blink_freertos/CMakeFiles/hello_blink_freertos.dir/home/student/.pico-sdk/sdk/2.2.0/lib/tinyusb/src/tusb.c.o
                0x10006104                tu_edpt_validate
 .text.tu_edpt_bind_driver
                0x100061b0       0x26 examples/hello_blink_freertos/CMakeFiles/hello_blink_freertos.dir/home/student/.pico-sdk/sdk/2.2.0/lib/tinyusb/src/tusb.c.o
                0x100061b0                tu_edpt_bind_driver
 .text.tu_edpt_stream_init
                0x100061d6       0x62 examples/hello_blink_freertos/CMakeFiles/hello_blink_freertos.dir/home/student/.pico-sdk/sdk/2.2.0/lib/tinyusb/src/tusb.c.o
                0x100061d6                tu_edpt_stream_init
 .text.tu_edpt_stream_deinit
                0x10006238        0x4 examples/hello_blink_freertos/CMakeFiles/hello_blink_freertos.dir/home/student/.pico-sdk/sdk/2.2.0/lib/tinyusb/src/tusb.c.o
                0x10006238                tu_edpt_stream_deinit
 .text.tu_edpt_stream_write_zlp_if_needed
                0x1000623c       0x80 examples/hello_blink_freertos/CMakeFiles/hello_blink_freertos.dir/home/student/.pico-sdk/sdk/2.2.0/lib/tinyusb/src/tusb.c.o
                0x1000623c                tu_edpt_stream_write_zlp_if_needed
 .text.tu_edpt_stream_write_xfer
                0x100062bc       0x84 examples/hello_blink_freertos/CMakeFiles/hello_blink_freertos.dir/home/student/.pico-sdk/sdk/2.2.0/lib/tinyusb/src/tusb.c.o
                0x100062bc                tu_edpt_stream_write_xfer
 .text.tu_edpt_stream_read_xfer
                0x10006340       0xf4 examples/hello_blink_freertos/CMakeFiles/hello_blink_freertos.dir/home/student/.pico-sdk/sdk/2.2.0/lib/tinyusb/src/tusb.c.o
                0x10006340                tu_edpt_stream_read_xfer
 .text.advance_index
                0x10006434       0x1a examples/hello_blink_freertos/CMakeFiles/hello_blink_freertos.dir/home/student/.pico-sdk/sdk/2.2.0/lib/tinyusb/src/common/tusb_fifo.c.o
 .text._tu_fifo_peek
                0x1000644e       0x56 examples/hello_blink_freertos/CMakeFiles/hello_blink_freertos.dir/home/student/.pico-sdk/sdk/2.2.0/lib/tinyusb/src/common/tusb_fifo.c.o
 .text._ff_pull_n
                0x100064a4       0x68 examples/hello_blink_freertos/CMakeFiles/hello_blink_freertos.dir/home/student/.pico-sdk/sdk/2.2.0/lib/tinyusb/src/common/tusb_fifo.c.o
 .text._tu_fifo_peek_n
                0x1000650c       0x6a examples/hello_blink_freertos/CMakeFiles/hello_blink_freertos.dir/home/student/.pico-sdk/sdk/2.2.0/lib/tinyusb/src/common/tusb_fifo.c.o
 .text._tu_fifo_read_n
                0x10006576       0x4e examples/hello_blink_freertos/CMakeFiles/hello_blink_freertos.dir/home/student/.pico-sdk/sdk/2.2.0/lib/tinyusb/src/common/tusb_fifo.c.o
 .text._ff_push_n
                0x100065c4       0x68 examples/hello_blink_freertos/CMakeFiles/hello_blink_freertos.dir/home/student/.pico-sdk/sdk/2.2.0/lib/tinyusb/src/common/tusb_fifo.c.o
 .text._tu_fifo_write_n
                0x1000662c       0xf0 examples/hello_blink_freertos/CMakeFiles/hello_blink_freertos.dir/home/student/.pico-sdk/sdk/2.2.0/lib/tinyusb/src/common/tusb_fifo.c.o
 .text.tu_fifo_config
                0x1000671c       0x7c examples/hello_blink_freertos/CMakeFiles/hello_blink_freertos.dir/home/student/.pico-sdk/sdk/2.2.0/lib/tinyusb/src/common/tusb_fifo.c.o
                0x1000671c                tu_fifo_config
 .text.tu_fifo_count
                0x10006798       0x2c examples/hello_blink_freertos/CMakeFiles/hello_blink_freertos.dir/home/student/.pico-sdk/sdk/2.2.0/lib/tinyusb/src/common/tusb_fifo.c.o
                0x10006798                tu_fifo_count
 .text.tu_fifo_empty
                0x100067c4        0xe examples/hello_blink_freertos/CMakeFiles/hello_blink_freertos.dir/home/student/.pico-sdk/sdk/2.2.0/lib/tinyusb/src/common/tusb_fifo.c.o
                0x100067c4                tu_fifo_empty
 .text.tu_fifo_full
                0x100067d2       0x2a examples/hello_blink_freertos/CMakeFiles/hello_blink_freertos.dir/home/student/.pico-sdk/sdk/2.2.0/lib/tinyusb/src/common/tusb_fifo.c.o
                0x100067d2                tu_fifo_full
 .text.tu_fifo_remaining
                0x100067fc       0x2e examples/hello_blink_freertos/CMakeFiles/hello_blink_freertos.dir/home/student/.pico-sdk/sdk/2.2.0/lib/tinyusb/src/common/tusb_fifo.c.o
                0x100067fc                tu_fifo_remaining
 .text.tu_fifo_read
                0x1000682a       0x42 examples/hello_blink_freertos/CMakeFiles/hello_blink_freertos.dir/home/student/.pico-sdk/sdk/2.2.0/lib/tinyusb/src/common/tusb_fifo.c.o
                0x1000682a                tu_fifo_read
 .text.tu_fifo_read_n
                0x1000686c        0xa examples/hello_blink_freertos/CMakeFiles/hello_blink_freertos.dir/home/student/.pico-sdk/sdk/2.2.0/lib/tinyusb/src/common/tusb_fifo.c.o
                0x1000686c                tu_fifo_read_n
 .text.tu_fifo_write
                0x10006876       0x64 examples/hello_blink_freertos/CMakeFiles/hello_blink_freertos.dir/home/student/.pico-sdk/sdk/2.2.0/lib/tinyusb/src/common/tusb_fifo.c.o
                0x10006876                tu_fifo_write
 .text.tu_fifo_write_n
                0x100068da        0xa examples/hello_blink_freertos/CMakeFiles/hello_blink_freertos.dir/home/student/.pico-sdk/sdk/2.2.0/lib/tinyusb/src/common/tusb_fifo.c.o
                0x100068da                tu_fifo_write_n
 .text.tu_fifo_clear
                0x100068e4       0x3e examples/hello_blink_freertos/CMakeFiles/hello_blink_freertos.dir/home/student/.pico-sdk/sdk/2.2.0/lib/tinyusb/src/common/tusb_fifo.c.o
                0x100068e4                tu_fifo_clear
 .text.tu_fifo_set_overwritable
                0x10006922       0x46 examples/hello_blink_freertos/CMakeFiles/hello_blink_freertos.dir/home/student/.pico-sdk/sdk/2.2.0/lib/tinyusb/src/common/tusb_fifo.c.o
                0x10006922                tu_fifo_set_overwritable
 .text.vPortSVCHandler
                0x10006968        0x2 examples/hello_blink_freertos/CMakeFiles/hello_blink_freertos.dir/home/student/.freertos/portable/ThirdParty/GCC/RP2040/port.c.o
                0x10006968                vPortSVCHandler
 *fill*         0x1000696a        0x6 
 .text.vPortStartFirstTask
                0x10006970       0x38 examples/hello_blink_freertos/CMakeFiles/hello_blink_freertos.dir/home/student/.freertos/portable/ThirdParty/GCC/RP2040/port.c.o
 .text.prvFIFOInterruptHandler
                0x100069a8       0x28 examples/hello_blink_freertos/CMakeFiles/hello_blink_freertos.dir/home/student/.freertos/portable/ThirdParty/GCC/RP2040/port.c.o
 .text.xPortPendSVHandler
                0x100069d0       0x78 examples/hello_blink_freertos/CMakeFiles/hello_blink_freertos.dir/home/student/.freertos/portable/ThirdParty/GCC/RP2040/port.c.o
                0x100069d0                xPortPendSVHandler
 .text.prvTaskExitError
                0x10006a48        0x6 examples/hello_blink_freertos/CMakeFiles/hello_blink_freertos.dir/home/student/.freertos/portable/ThirdParty/GCC/RP2040/port.c.o
 *fill*         0x10006a4e        0x2 
 .text.xPortSysTickHandler
                0x10006a50       0x24 examples/hello_blink_freertos/CMakeFiles/hello_blink_freertos.dir/home/student/.freertos/portable/ThirdParty/GCC/RP2040/port.c.o
                0x10006a50                xPortSysTickHandler
 .text.prvGetTicksToWaitBefore
                0x10006a74       0x40 examples/hello_blink_freertos/CMakeFiles/hello_blink_freertos.dir/home/student/.freertos/portable/ThirdParty/GCC/RP2040/port.c.o
 .text.pxPortInitialiseStack
                0x10006ab4       0x24 examples/hello_blink_freertos/CMakeFiles/hello_blink_freertos.dir/home/student/.freertos/portable/ThirdParty/GCC/RP2040/port.c.o
                0x10006ab4                pxPortInitialiseStack
 .text.vPortYield
                0x10006ad8       0x18 examples/hello_blink_freertos/CMakeFiles/hello_blink_freertos.dir/home/student/.freertos/portable/ThirdParty/GCC/RP2040/port.c.o
                0x10006ad8                vPortYield
 .text.ulSetInterruptMaskFromISR
                0x10006af0        0x8 examples/hello_blink_freertos/CMakeFiles/hello_blink_freertos.dir/home/student/.freertos/portable/ThirdParty/GCC/RP2040/port.c.o
                0x10006af0                ulSetInterruptMaskFromISR
 .text.vClearInterruptMaskFromISR
                0x10006af8        0x6 examples/hello_blink_freertos/CMakeFiles/hello_blink_freertos.dir/home/student/.freertos/portable/ThirdParty/GCC/RP2040/port.c.o
                0x10006af8                vClearInterruptMaskFromISR
 *fill*         0x10006afe        0x2 
 .text.vYieldCore
                0x10006b00       0x30 examples/hello_blink_freertos/CMakeFiles/hello_blink_freertos.dir/home/student/.freertos/portable/ThirdParty/GCC/RP2040/port.c.o
                0x10006b00                vYieldCore
 .text.vPortSetupTimerInterrupt
                0x10006b30       0x34 examples/hello_blink_freertos/CMakeFiles/hello_blink_freertos.dir/home/student/.freertos/portable/ThirdParty/GCC/RP2040/port.c.o
                0x10006b30                vPortSetupTimerInterrupt
 .text.xPortStartSchedulerOnCore
                0x10006b64       0xa8 examples/hello_blink_freertos/CMakeFiles/hello_blink_freertos.dir/home/student/.freertos/portable/ThirdParty/GCC/RP2040/port.c.o
 .text.xPortStartScheduler
                0x10006c0c       0x68 examples/hello_blink_freertos/CMakeFiles/hello_blink_freertos.dir/home/student/.freertos/portable/ThirdParty/GCC/RP2040/port.c.o
                0x10006c0c                xPortStartScheduler
 .text.prvDisableInterruptsAndPortStartSchedulerOnCore
                0x10006c74        0x8 examples/hello_blink_freertos/CMakeFiles/hello_blink_freertos.dir/home/student/.freertos/portable/ThirdParty/GCC/RP2040/port.c.o
 .text.ulPortLockGetCurrentOwnerId
                0x10006c7c       0x30 examples/hello_blink_freertos/CMakeFiles/hello_blink_freertos.dir/home/student/.freertos/portable/ThirdParty/GCC/RP2040/port.c.o
                0x10006c7c                ulPortLockGetCurrentOwnerId
 .text.vPortLockInternalSpinUnlockWithWait
                0x10006cac       0xa4 examples/hello_blink_freertos/CMakeFiles/hello_blink_freertos.dir/home/student/.freertos/portable/ThirdParty/GCC/RP2040/port.c.o
                0x10006cac                vPortLockInternalSpinUnlockWithWait
 .text.vPortLockInternalSpinUnlockWithNotify
                0x10006d50       0x8c examples/hello_blink_freertos/CMakeFiles/hello_blink_freertos.dir/home/student/.freertos/portable/ThirdParty/GCC/RP2040/port.c.o
                0x10006d50                vPortLockInternalSpinUnlockWithNotify
 .text.xPortLockInternalSpinUnlockWithBestEffortWaitOrTimeout
                0x10006ddc       0xf0 examples/hello_blink_freertos/CMakeFiles/hello_blink_freertos.dir/home/student/.freertos/portable/ThirdParty/GCC/RP2040/port.c.o
                0x10006ddc                xPortLockInternalSpinUnlockWithBestEffortWaitOrTimeout
 .text.prvRuntimeInitializer
                0x10006ecc       0x10 examples/hello_blink_freertos/CMakeFiles/hello_blink_freertos.dir/home/student/.freertos/portable/ThirdParty/GCC/RP2040/port.c.o
 .text.prvTestWaitCondition
                0x10006edc       0x1e examples/hello_blink_freertos/CMakeFiles/hello_blink_freertos.dir/home/student/.freertos/event_groups.c.o
 .text.xEventGroupCreate
                0x10006efa       0x18 examples/hello_blink_freertos/CMakeFiles/hello_blink_freertos.dir/home/student/.freertos/event_groups.c.o
                0x10006efa                xEventGroupCreate
 *fill*         0x10006f12        0x2 
 .text.xEventGroupWaitBits
                0x10006f14      0x120 examples/hello_blink_freertos/CMakeFiles/hello_blink_freertos.dir/home/student/.freertos/event_groups.c.o
                0x10006f14                xEventGroupWaitBits
 .text.xEventGroupSetBits
                0x10007034       0x9c examples/hello_blink_freertos/CMakeFiles/hello_blink_freertos.dir/home/student/.freertos/event_groups.c.o
                0x10007034                xEventGroupSetBits
 .text.vEventGroupSetBitsCallback
                0x100070d0        0x8 examples/hello_blink_freertos/CMakeFiles/hello_blink_freertos.dir/home/student/.freertos/event_groups.c.o
                0x100070d0                vEventGroupSetBitsCallback
 .text.xEventGroupSetBitsFromISR
                0x100070d8       0x18 examples/hello_blink_freertos/CMakeFiles/hello_blink_freertos.dir/home/student/.freertos/event_groups.c.o
                0x100070d8                xEventGroupSetBitsFromISR
 .text.vListInitialise
                0x100070f0       0x16 examples/hello_blink_freertos/CMakeFiles/hello_blink_freertos.dir/home/student/.freertos/list.c.o
                0x100070f0                vListInitialise
 .text.vListInitialiseItem
                0x10007106        0x6 examples/hello_blink_freertos/CMakeFiles/hello_blink_freertos.dir/home/student/.freertos/list.c.o
                0x10007106                vListInitialiseItem
 .text.vListInsertEnd
                0x1000710c       0x16 examples/hello_blink_freertos/CMakeFiles/hello_blink_freertos.dir/home/student/.freertos/list.c.o
                0x1000710c                vListInsertEnd
 .text.vListInsert
                0x10007122       0x2e examples/hello_blink_freertos/CMakeFiles/hello_blink_freertos.dir/home/student/.freertos/list.c.o
                0x10007122                vListInsert
 .text.uxListRemove
                0x10007150       0x24 examples/hello_blink_freertos/CMakeFiles/hello_blink_freertos.dir/home/student/.freertos/list.c.o
                0x10007150                uxListRemove
 .text.prvIsQueueEmpty
                0x10007174       0x1c examples/hello_blink_freertos/CMakeFiles/hello_blink_freertos.dir/home/student/.freertos/queue.c.o
 .text.prvCopyDataToQueue
                0x10007190       0x7e examples/hello_blink_freertos/CMakeFiles/hello_blink_freertos.dir/home/student/.freertos/queue.c.o
 .text.prvCopyDataFromQueue
                0x1000720e       0x24 examples/hello_blink_freertos/CMakeFiles/hello_blink_freertos.dir/home/student/.freertos/queue.c.o
 *fill*         0x10007232        0x2 
 .text.prvNotifyQueueSetContainer
                0x10007234       0xa4 examples/hello_blink_freertos/CMakeFiles/hello_blink_freertos.dir/home/student/.freertos/queue.c.o
 .text.prvUnlockQueue
                0x100072d8       0x88 examples/hello_blink_freertos/CMakeFiles/hello_blink_freertos.dir/home/student/.freertos/queue.c.o
 .text.xQueueGenericReset
                0x10007360       0xd4 examples/hello_blink_freertos/CMakeFiles/hello_blink_freertos.dir/home/student/.freertos/queue.c.o
                0x10007360                xQueueGenericReset
 .text.prvInitialiseNewQueue
                0x10007434       0x26 examples/hello_blink_freertos/CMakeFiles/hello_blink_freertos.dir/home/student/.freertos/queue.c.o
 *fill*         0x1000745a        0x2 
 .text.xQueueGenericCreate
                0x1000745c       0x88 examples/hello_blink_freertos/CMakeFiles/hello_blink_freertos.dir/home/student/.freertos/queue.c.o
                0x1000745c                xQueueGenericCreate
 .text.xQueueGenericSendFromISR
                0x100074e4      0x13c examples/hello_blink_freertos/CMakeFiles/hello_blink_freertos.dir/home/student/.freertos/queue.c.o
                0x100074e4                xQueueGenericSendFromISR
 .text.xQueueReceive
                0x10007620      0x14c examples/hello_blink_freertos/CMakeFiles/hello_blink_freertos.dir/home/student/.freertos/queue.c.o
                0x10007620                xQueueReceive
 .text.vQueueAddToRegistry
                0x1000776c       0x68 examples/hello_blink_freertos/CMakeFiles/hello_blink_freertos.dir/home/student/.freertos/queue.c.o
                0x1000776c                vQueueAddToRegistry
 .text.vQueueWaitForMessageRestricted
                0x100077d4       0x50 examples/hello_blink_freertos/CMakeFiles/hello_blink_freertos.dir/home/student/.freertos/queue.c.o
                0x100077d4                vQueueWaitForMessageRestricted
 .text.prvResetNextTaskUnblockTime
                0x10007824       0x2c examples/hello_blink_freertos/CMakeFiles/hello_blink_freertos.dir/home/student/.freertos/tasks.c.o
 .text.prvDeleteTCB
                0x10007850       0x12 examples/hello_blink_freertos/CMakeFiles/hello_blink_freertos.dir/home/student/.freertos/tasks.c.o
 *fill*         0x10007862        0x2 
 .text.prvInitialiseNewTask
                0x10007864       0xd4 examples/hello_blink_freertos/CMakeFiles/hello_blink_freertos.dir/home/student/.freertos/tasks.c.o
 .text.prvCreateTask
                0x10007938       0x56 examples/hello_blink_freertos/CMakeFiles/hello_blink_freertos.dir/home/student/.freertos/tasks.c.o
 *fill*         0x1000798e        0x2 
 .text.prvPassiveIdleTask
                0x10007990       0x18 examples/hello_blink_freertos/CMakeFiles/hello_blink_freertos.dir/home/student/.freertos/tasks.c.o
 .text.prvInitialiseTaskLists
                0x100079a8       0x68 examples/hello_blink_freertos/CMakeFiles/hello_blink_freertos.dir/home/student/.freertos/tasks.c.o
 .text.prvYieldForTask
                0x10007a10       0xcc examples/hello_blink_freertos/CMakeFiles/hello_blink_freertos.dir/home/student/.freertos/tasks.c.o
 .text.prvSelectHighestPriorityTask
                0x10007adc      0x218 examples/hello_blink_freertos/CMakeFiles/hello_blink_freertos.dir/home/student/.freertos/tasks.c.o
 .text.vPortRecursiveLock
                0x10007cf4       0xe8 examples/hello_blink_freertos/CMakeFiles/hello_blink_freertos.dir/home/student/.freertos/tasks.c.o
 .text.prvCheckForRunStateChange
                0x10007ddc       0xa8 examples/hello_blink_freertos/CMakeFiles/hello_blink_freertos.dir/home/student/.freertos/tasks.c.o
 .text.vTaskSuspendAll
                0x10007e84       0x98 examples/hello_blink_freertos/CMakeFiles/hello_blink_freertos.dir/home/student/.freertos/tasks.c.o
                0x10007e84                vTaskSuspendAll
 .text.xTaskGetTickCount
                0x10007f1c        0xc examples/hello_blink_freertos/CMakeFiles/hello_blink_freertos.dir/home/student/.freertos/tasks.c.o
                0x10007f1c                xTaskGetTickCount
 .text.uxTaskGetNumberOfTasks
                0x10007f28        0xc examples/hello_blink_freertos/CMakeFiles/hello_blink_freertos.dir/home/student/.freertos/tasks.c.o
                0x10007f28                uxTaskGetNumberOfTasks
 .text.xTaskIncrementTick
                0x10007f34      0x1cc examples/hello_blink_freertos/CMakeFiles/hello_blink_freertos.dir/home/student/.freertos/tasks.c.o
                0x10007f34                xTaskIncrementTick
 .text.vTaskSwitchContext
                0x10008100       0xa0 examples/hello_blink_freertos/CMakeFiles/hello_blink_freertos.dir/home/student/.freertos/tasks.c.o
                0x10008100                vTaskSwitchContext
 .text.xTaskRemoveFromEventList
                0x100081a0       0xfc examples/hello_blink_freertos/CMakeFiles/hello_blink_freertos.dir/home/student/.freertos/tasks.c.o
                0x100081a0                xTaskRemoveFromEventList
 .text.vTaskInternalSetTimeOutState
                0x1000829c       0x18 examples/hello_blink_freertos/CMakeFiles/hello_blink_freertos.dir/home/student/.freertos/tasks.c.o
                0x1000829c                vTaskInternalSetTimeOutState
 .text.vTaskMissedYield
                0x100082b4       0x14 examples/hello_blink_freertos/CMakeFiles/hello_blink_freertos.dir/home/student/.freertos/tasks.c.o
                0x100082b4                vTaskMissedYield
 .text.xTaskGetCurrentTaskHandle
                0x100082c8       0x1c examples/hello_blink_freertos/CMakeFiles/hello_blink_freertos.dir/home/student/.freertos/tasks.c.o
                0x100082c8                xTaskGetCurrentTaskHandle
 .text.prvAddCurrentTaskToDelayedList
                0x100082e4       0xb8 examples/hello_blink_freertos/CMakeFiles/hello_blink_freertos.dir/home/student/.freertos/tasks.c.o
 .text.vTaskPlaceOnEventList
                0x1000839c       0x40 examples/hello_blink_freertos/CMakeFiles/hello_blink_freertos.dir/home/student/.freertos/tasks.c.o
                0x1000839c                vTaskPlaceOnEventList
 .text.vTaskPlaceOnUnorderedEventList
                0x100083dc       0x8c examples/hello_blink_freertos/CMakeFiles/hello_blink_freertos.dir/home/student/.freertos/tasks.c.o
                0x100083dc                vTaskPlaceOnUnorderedEventList
 .text.vTaskPlaceOnEventListRestricted
                0x10008468       0x68 examples/hello_blink_freertos/CMakeFiles/hello_blink_freertos.dir/home/student/.freertos/tasks.c.o
                0x10008468                vTaskPlaceOnEventListRestricted
 .text.xTaskPriorityDisinherit