Archive member included to satisfy reference by file (symbol)

libs/usb-serial-debug/libusb_serial_debug.a(usb_descriptors.c.o)
                              examples/hello_dual_cdc/CMakeFiles/hello_dual_cdc.dir/home/student/.pico-sdk/sdk/2.2.0/lib/tinyusb/src/device/usbd.c.o (tud_descriptor_device_cb)
libs/usb-serial-debug/libusb_serial_debug.a(helper.c.o)
                              examples/hello_dual_cdc/CMakeFiles/hello_dual_cdc.dir/src/main.c.o (usb_serial_init)
/home/student/.pico-sdk/toolchain/14_2_Rel1/bin/../lib/gcc/arm-none-eabi/14.2.1/thumb/v6-m/nofp/libgcc.a(_dvmd_tls.o)
                              examples/hello_dual_cdc/CMakeFiles/hello_dual_cdc.dir/home/student/.pico-sdk/sdk/2.2.0/src/rp2_common/pico_divider/divider_hardware.S.o (__aeabi_idiv0)
/home/student/.pico-sdk/toolchain/14_2_Rel1/bin/../lib/gcc/arm-none-eabi/14.2.1/../../../../arm-none-eabi/lib/thumb/v6-m/nofp/libg.a(libc_a-calloc.o)
                              examples/hello_dual_cdc/CMakeFiles/hello_dual_cdc.dir/home/student/.pico-sdk/sdk/2.2.0/src/rp2_common/pico_malloc/malloc.c.o (calloc)
/home/student/.pico-sdk/toolchain/14_2_Rel1/bin/../lib/gcc/arm-none-eabi/14.2.1/../../../../arm-none-eabi/lib/thumb/v6-m/nofp/libg.a(libc_a-callocr.o)
                              /home/student/.pico-sdk/toolchain/14_2_Rel1/bin/../lib/gcc/arm-none-eabi/14.2.1/../../../../arm-none-eabi/lib/thumb/v6-m/nofp/libg.a(libc_a-calloc.o) (_calloc_r)
/home/student/.pico-sdk/toolchain/14_2_Rel1/bin/../lib/gcc/arm-none-eabi/14.2.1/../../../../arm-none-eabi/lib/thumb/v6-m/nofp/libg.a(libc_a-malloc.o)
                              examples/hello_dual_cdc/CMakeFiles/hello_dual_cdc.dir/home/student/.pico-sdk/sdk/2.2.0/src/rp2_common/pico_malloc/malloc.c.o (malloc)
/home/student/.pico-sdk/toolchain/14_2_Rel1/bin/../lib/gcc/arm-none-eabi/14.2.1/../../../../arm-none-eabi/lib/thumb/v6-m/nofp/libg.a(libc_a-mallocr.o)
                              /home/student/.pico-sdk/toolchain/14_2_Rel1/bin/../lib/gcc/arm-none-eabi/14.2.1/../../../../arm-none-eabi/lib/thumb/v6-m/nofp/libg.a(libc_a-callocr.o) (_malloc_r)
/home/student/.pico-sdk/toolchain/14_2_Rel1/bin/../lib/gcc/arm-none-eabi/14.2.1/../../../../arm-none-eabi/lib/thumb/v6-m/nofp/libg.a(libc_a-mlock.o)
                              /home/student/.pico-sdk/toolchain/14_2_Rel1/bin/../lib/gcc/arm-none-eabi/14.2.1/../../../../arm-none-eabi/lib/thumb/v6-m/nofp/libg.a(libc_a-mallocr.o) (__malloc_lock)
/home/student/.pico-sdk/toolchain/14_2_Rel1/bin/../lib/gcc/arm-none-eabi/14.2.1/../../../../arm-none-eabi/lib/thumb/v6-m/nofp/libg.a(libc_a-rand.o)
                              examples/hello_dual_cdc/CMakeFiles/hello_dual_cdc.dir/src/main.c.o (srand)
/home/student/.pico-sdk/toolchain/14_2_Rel1/bin/../lib/gcc/arm-none-eabi/14.2.1/../../../../arm-none-eabi/lib/thumb/v6-m/nofp/libg.a(libc_a-realloc.o)
                              examples/hello_dual_cdc/CMakeFiles/hello_dual_cdc.dir/home/student/.pico-sdk/sdk/2.2.0/src/rp2_common/pico_malloc/malloc.c.o (realloc)
/home/student/.pico-sdk/toolchain/14_2_Rel1/bin/../lib/gcc/arm-none-eabi/14.2.1/../../../../arm-none-eabi/lib/thumb/v6-m/nofp/libg.a(libc_a-reallocr.o)
                              /home/student/.pico-sdk/toolchain/14_2_Rel1/bin/../lib/gcc/arm-none-eabi/14.2.1/../../../../arm-none-eabi/lib/thumb/v6-m/nofp/libg.a(libc_a-realloc.o) (_realloc_r)
/home/student/.pico-sdk/toolchain/14_2_Rel1/bin/../lib/gcc/arm-none-eabi/14.2.1/../../../../arm-none-eabi/lib/thumb/v6-m/nofp/libg.a(libc_a-ctype_.o)
                              examples/hello_dual_cdc/CMakeFiles/hello_dual_cdc.dir/home/student/.pico-sdk/sdk/2.2.0/lib/tinyusb/src/tusb.c.o (_ctype_)
/home/student/.pico-sdk/toolchain/14_2_Rel1/bin/../lib/gcc/arm-none-eabi/14.2.1/../../../../arm-none-eabi/lib/thumb/v6-m/nofp/libg.a(libc_a-memcmp.o)
                              examples/hello_dual_cdc/CMakeFiles/hello_dual_cdc.dir/home/student/.pico-sdk/sdk/2.2.0/src/rp2_common/pico_atomic/atomic.c.o (memcmp)
/home/student/.pico-sdk/toolchain/14_2_Rel1/bin/../lib/gcc/arm-none-eabi/14.2.1/../../../../arm-none-eabi/lib/thumb/v6-m/nofp/libg.a(libc_a-memmove.o)
                              /home/student/.pico-sdk/toolchain/14_2_Rel1/bin/../lib/gcc/arm-none-eabi/14.2.1/../../../../arm-none-eabi/lib/thumb/v6-m/nofp/libg.a(libc_a-reallocr.o) (memmove)
/home/student/.pico-sdk/toolchain/14_2_Rel1/bin/../lib/gcc/arm-none-eabi/14.2.1/../../../../arm-none-eabi/lib/thumb/v6-m/nofp/libg.a(libc_a-lcltime_r.o)
                              examples/hello_dual_cdc/CMakeFiles/hello_dual_cdc.dir/home/student/.pico-sdk/sdk/2.2.0/src/common/pico_util/datetime.c.o (localtime_r)
/home/student/.pico-sdk/toolchain/14_2_Rel1/bin/../lib/gcc/arm-none-eabi/14.2.1/../../../../arm-none-eabi/lib/thumb/v6-m/nofp/libg.a(libc_a-mktime.o)
                              examples/hello_dual_cdc/CMakeFiles/hello_dual_cdc.dir/home/student/.pico-sdk/sdk/2.2.0/src/common/pico_util/datetime.c.o (mktime)
[...]
Memory Configuration

Name             Origin             Length             Attributes
FLASH            0x10000000         0x00200000         xr
RAM              0x20000000         0x00040000         xrw
SCRATCH_X        0x20040000         0x00001000         xrw
SCRATCH_Y        0x20041000         0x00001000         xrw
*default*        0x00000000         0xffffffff

Linker script and memory map

LOAD /home/student/.pico-sdk/toolchain/14_2_Rel1/bin/../lib/gcc/arm-none-eabi/14.2.1/thumb/v6-m/nofp/crti.o
LOAD /home/student/.pico-sdk/toolchain/14_2_Rel1/bin/../lib/gcc/arm-none-eabi/14.2.1/thumb/v6-m/nofp/crtbegin.o
LOAD /home/student/.pico-sdk/toolchain/14_2_Rel1/bin/../lib/gcc/arm-none-eabi/14.2.1/../../../../arm-none-eabi/lib/thumb/v6-m/nofp/crt0.o

.flash_begin    0x10000000        0x0
                0x10000000                        __flash_binary_start = .

.boot2          0x10000000      0x100
                0x10000000                        __boot2_start__ = .
 *(.boot2)
 .boot2         0x10000000      0x100 pico-sdk/src/rp2040/boot_stage2/CMakeFiles/bs2_default_library.dir/./bs2_default_padded_checksummed.S.o
                0x10000100                        __boot2_end__ = .
                0x00000001                        ASSERT (((__boot2_end__ - __boot2_start__) == 0x100), ERROR: Pico second stage bootloader must be 256 bytes in size)

.text           0x10000100     0x8b98
                0x10000100                        __logical_binary_start = .
 *(.vectors)
 .vectors       0x10000100       0xd4 examples/hello_dual_cdc/CMakeFiles/hello_dual_cdc.dir/home/student/.pico-sdk/sdk/2.2.0/src/rp2_common/pico_crt0/crt0.S.o
                0x10000100                __vectors
                0x10000100                __VECTOR_TABLE
                0x100001c0                isr_irq30
                0x100001c0                __unhandled_user_irq
                0x100001c0                isr_irq13
                0x100001c0                isr_irq27
                0x100001c0                isr_irq31
                0x100001c0                isr_irq5
                0x100001c0                isr_irq11
                0x100001c0                isr_irq23
                0x100001c0                isr_irq18
                0x100001c0                isr_irq28
                0x100001c0                isr_irq19
                0x100001c0                isr_irq0
                0x100001c0                isr_irq6
                0x100001c0                isr_irq22
                0x100001c0                isr_irq17
                0x100001c0                isr_irq14
                0x100001c0                __vectors_end
                0x100001c0                __default_isrs_start
                0x100001c0                isr_irq2
                0x100001c0                isr_irq10
                0x100001c0                isr_irq8
                0x100001c0                isr_irq24
                0x100001c0                isr_irq1
                0x100001c0                isr_irq7
                0x100001c0                isr_irq21
                0x100001c0                isr_irq20
                0x100001c0                isr_irq15
                0x100001c0                isr_irq25
                0x100001c0                isr_irq4
                0x100001c0                isr_irq16
                0x100001c0                isr_irq29
                0x100001c0                isr_irq26
                0x100001c0                isr_irq3
                0x100001c0                isr_irq12
                0x100001c0                isr_irq9
                0x100001c6                unhandled_user_irq_num_in_r0
                0x100001c8                isr_invalid
                0x100001ca                isr_nmi
                0x100001cc                isr_hardfault
                0x100001ce                isr_svcall
                0x100001d0                isr_pendsv
                0x100001d2                isr_systick
                0x100001d4                __default_isrs_end
 *(.binary_info_header)
 .binary_info_header
                0x100001d4       0x14 examples/hello_dual_cdc/CMakeFiles/hello_dual_cdc.dir/home/student/.pico-sdk/sdk/2.2.0/src/rp2_common/pico_crt0/crt0.S.o
                0x100001e8                        __binary_info_header_end = .
 *(.embedded_block)
                0x100001e8                        __embedded_block_end = .
 *(.reset)
 .reset         0x100001e8       0x9c examples/hello_dual_cdc/CMakeFiles/hello_dual_cdc.dir/home/student/.pico-sdk/sdk/2.2.0/src/rp2_common/pico_crt0/crt0.S.o
                0x100001e8                _entry_point
 *(.init)
 .init          0x10000284        0x4 /home/student/.pico-sdk/toolchain/14_2_Rel1/bin/../lib/gcc/arm-none-eabi/14.2.1/thumb/v6-m/nofp/crti.o
                0x10000284                _init
 *(EXCLUDE_FILE(*libm.a: *libc.a:*lib_a-mem*.o *libgcc.a:) .text*)
 .text.register_tm_clones
                0x10000288       0x28 /home/student/.pico-sdk/toolchain/14_2_Rel1/bin/../lib/gcc/arm-none-eabi/14.2.1/thumb/v6-m/nofp/crtbegin.o
 .text.frame_dummy
                0x100002b0       0x24 /home/student/.pico-sdk/toolchain/14_2_Rel1/bin/../lib/gcc/arm-none-eabi/14.2.1/thumb/v6-m/nofp/crtbegin.o
 .text.rand_in_range
                0x100002d4       0x16 examples/hello_dual_cdc/CMakeFiles/hello_dual_cdc.dir/src/main.c.o
 *fill*         0x100002ea        0x2 
 .text.sensorTask
                0x100002ec       0xcc examples/hello_dual_cdc/CMakeFiles/hello_dual_cdc.dir/src/main.c.o
 .text.usbTask  0x100003b8        0xe examples/hello_dual_cdc/CMakeFiles/hello_dual_cdc.dir/src/main.c.o
 *fill*         0x100003c6        0x2 
 .text.main     0x100003c8       0x6c examples/hello_dual_cdc/CMakeFiles/hello_dual_cdc.dir/src/main.c.o
                0x100003c8                main
 .text.tud_cdc_rx_cb
                0x10000434       0x58 examples/hello_dual_cdc/CMakeFiles/hello_dual_cdc.dir/src/main.c.o
                0x10000434                tud_cdc_rx_cb
 .text.rp2040_chip_version
                0x1000048c       0x54 examples/hello_dual_cdc/CMakeFiles/hello_dual_cdc.dir/home/student/.pico-sdk/sdk/2.2.0/src/rp2040/pico_platform/platform.c.o
                0x1000048c                rp2040_chip_version
 .text.panic    0x100004e0       0x30 examples/hello_dual_cdc/CMakeFiles/hello_dual_cdc.dir/home/student/.pico-sdk/sdk/2.2.0/src/rp2_common/pico_platform_panic/panic.c.o
                0x100004e0                panic
 .text.panic_unsupported
                0x10000510        0xc examples/hello_dual_cdc/CMakeFiles/hello_dual_cdc.dir/home/student/.pico-sdk/sdk/2.2.0/src/rp2_common/pico_platform_panic/panic.c.o
                0x10000510                panic_unsupported
 .text.hw_claim_lock
                0x1000051c       0x18 examples/hello_dual_cdc/CMakeFiles/hello_dual_cdc.dir/home/student/.pico-sdk/sdk/2.2.0/src/common/hardware_claim/claim.c.o
                0x1000051c                hw_claim_lock
 .text.hw_claim_unlock
                0x10000534       0x14 examples/hello_dual_cdc/CMakeFiles/hello_dual_cdc.dir/home/student/.pico-sdk/sdk/2.2.0/src/common/hardware_claim/claim.c.o
                0x10000534                hw_claim_unlock
 .text.hw_claim_or_assert
                0x10000548       0x32 examples/hello_dual_cdc/CMakeFiles/hello_dual_cdc.dir/home/student/.pico-sdk/sdk/2.2.0/src/common/hardware_claim/claim.c.o
                0x10000548                hw_claim_or_assert
 *fill*         0x1000057a        0x2 
 .text.next_striped_spin_lock_num
                0x1000057c       0x1c examples/hello_dual_cdc/CMakeFiles/hello_dual_cdc.dir/home/student/.pico-sdk/sdk/2.2.0/src/rp2_common/hardware_sync/sync.c.o
                0x1000057c                next_striped_spin_lock_num
 .text.spin_lock_claim
                0x10000598       0x18 examples/hello_dual_cdc/CMakeFiles/hello_dual_cdc.dir/home/student/.pico-sdk/sdk/2.2.0/src/rp2_common/hardware_sync/sync.c.o
                0x10000598                spin_lock_claim
 .text.spin_locks_reset
                0x100005b0       0x20 examples/hello_dual_cdc/CMakeFiles/hello_dual_cdc.dir/home/student/.pico-sdk/sdk/2.2.0/src/rp2_common/hardware_sync_spin_lock/sync_spin_lock.c.o
                0x100005b0                spin_locks_reset
 .text.set_raw_irq_handler_and_unlock
                0x100005d0       0x28 examples/hello_dual_cdc/CMakeFiles/hello_dual_cdc.dir/home/student/.pico-sdk/sdk/2.2.0/src/rp2_common/hardware_irq/irq.c.o
 .text.nvic_ipr0
                0x100005f8        0x8 examples/hello_dual_cdc/CMakeFiles/hello_dual_cdc.dir/home/student/.pico-sdk/sdk/2.2.0/src/rp2_common/hardware_irq/irq.c.o
 .text.runtime_init_per_core_irq_priorities
                0x10000600       0x1c examples/hello_dual_cdc/CMakeFiles/hello_dual_cdc.dir/home/student/.pico-sdk/sdk/2.2.0/src/rp2_common/hardware_irq/irq.c.o
                0x10000600                runtime_init_per_core_irq_priorities
 .text.resolve_j_16
                0x1000061c       0x30 examples/hello_dual_cdc/CMakeFiles/hello_dual_cdc.dir/home/student/.pico-sdk/sdk/2.2.0/src/rp2_common/hardware_irq/irq.c.o
 .text.make_j_16
                0x1000064c       0x48 examples/hello_dual_cdc/CMakeFiles/hello_dual_cdc.dir/home/student/.pico-sdk/sdk/2.2.0/src/rp2_common/hardware_irq/irq.c.o
 .text.irq_is_enabled
                0x10000694       0x18 examples/hello_dual_cdc/CMakeFiles/hello_dual_cdc.dir/home/student/.pico-sdk/sdk/2.2.0/src/rp2_common/hardware_irq/irq.c.o
                0x10000694                irq_is_enabled
 .text.irq_set_mask_n_enabled
                0x100006ac       0x1c examples/hello_dual_cdc/CMakeFiles/hello_dual_cdc.dir/home/student/.pico-sdk/sdk/2.2.0/src/rp2_common/hardware_irq/irq.c.o
                0x100006ac                irq_set_mask_n_enabled
 .text.irq_set_enabled
                0x100006c8       0x14 examples/hello_dual_cdc/CMakeFiles/hello_dual_cdc.dir/home/student/.pico-sdk/sdk/2.2.0/src/rp2_common/hardware_irq/irq.c.o
                0x100006c8                irq_set_enabled
 .text.irq_get_vtable_handler
                0x100006dc       0x10 examples/hello_dual_cdc/CMakeFiles/hello_dual_cdc.dir/home/student/.pico-sdk/sdk/2.2.0/src/rp2_common/hardware_irq/irq.c.o
                0x100006dc                irq_get_vtable_handler
 .text.irq_set_exclusive_handler
                0x100006ec       0x54 examples/hello_dual_cdc/CMakeFiles/hello_dual_cdc.dir/home/student/.pico-sdk/sdk/2.2.0/src/rp2_common/hardware_irq/irq.c.o
                0x100006ec                irq_set_exclusive_handler
 .text.irq_add_shared_handler
                0x10000740      0x218 examples/hello_dual_cdc/CMakeFiles/hello_dual_cdc.dir/home/student/.pico-sdk/sdk/2.2.0/src/rp2_common/hardware_irq/irq.c.o
                0x10000740                irq_add_shared_handler
 .text.irq_set_priority
                0x10000958       0x26 examples/hello_dual_cdc/CMakeFiles/hello_dual_cdc.dir/home/student/.pico-sdk/sdk/2.2.0/src/rp2_common/hardware_irq/irq.c.o
                0x10000958                irq_set_priority
 *fill*         0x1000097e        0x2 
 .text.irq_add_tail_to_free_list
                0x10000980       0xf4 examples/hello_dual_cdc/CMakeFiles/hello_dual_cdc.dir/home/student/.pico-sdk/sdk/2.2.0/src/rp2_common/hardware_irq/irq.c.o
                0x10000980                irq_add_tail_to_free_list
 .text.lock_init
                0x10000a74       0x10 examples/hello_dual_cdc/CMakeFiles/hello_dual_cdc.dir/home/student/.pico-sdk/sdk/2.2.0/src/common/pico_sync/lock_core.c.o
                0x10000a74                lock_init
 .text.mutex_init
                0x10000a84       0x1c examples/hello_dual_cdc/CMakeFiles/hello_dual_cdc.dir/home/student/.pico-sdk/sdk/2.2.0/src/common/pico_sync/mutex.c.o
                0x10000a84                mutex_init
 .text.recursive_mutex_init
                0x10000aa0       0x20 examples/hello_dual_cdc/CMakeFiles/hello_dual_cdc.dir/home/student/.pico-sdk/sdk/2.2.0/src/common/pico_sync/mutex.c.o
                0x10000aa0                recursive_mutex_init
 .text.runtime_init_mutex
                0x10000ac0       0x4c examples/hello_dual_cdc/CMakeFiles/hello_dual_cdc.dir/home/student/.pico-sdk/sdk/2.2.0/src/common/pico_sync/mutex.c.o
                0x10000ac0                runtime_init_mutex
 .text.ta_set_timeout
                0x10000b0c       0x24 examples/hello_dual_cdc/CMakeFiles/hello_dual_cdc.dir/home/student/.pico-sdk/sdk/2.2.0/src/common/pico_time/time.c.o
 .text.make_alarm_id
                0x10000b30        0x6 examples/hello_dual_cdc/CMakeFiles/hello_dual_cdc.dir/home/student/.pico-sdk/sdk/2.2.0/src/common/pico_time/time.c.o
 *fill*         0x10000b36        0x2 
 .text.alarm_pool_irq_handler
                0x10000b38      0x2f0 examples/hello_dual_cdc/CMakeFiles/hello_dual_cdc.dir/home/student/.pico-sdk/sdk/2.2.0/src/common/pico_time/time.c.o
 .text.ta_enable_irq_handler
                0x10000e28       0x2c examples/hello_dual_cdc/CMakeFiles/hello_dual_cdc.dir/home/student/.pico-sdk/sdk/2.2.0/src/common/pico_time/time.c.o
 .text.alarm_pool_post_alloc_init
                0x10000e54       0x78 examples/hello_dual_cdc/CMakeFiles/hello_dual_cdc.dir/home/student/.pico-sdk/sdk/2.2.0/src/common/pico_time/time.c.o
 .text.sleep_until_callback
                0x10000ecc       0x28 examples/hello_dual_cdc/CMakeFiles/hello_dual_cdc.dir/home/student/.pico-sdk/sdk/2.2.0/src/common/pico_time/time.c.o
 .text.alarm_pool_get_default
                0x10000ef4       0x2c examples/hello_dual_cdc/CMakeFiles/hello_dual_cdc.dir/home/student/.pico-sdk/sdk/2.2.0/src/common/pico_time/time.c.o
                0x10000ef4                alarm_pool_get_default
 .text.alarm_pool_add_alarm_at_force_in_context
                0x10000f20       0xa4 examples/hello_dual_cdc/CMakeFiles/hello_dual_cdc.dir/home/student/.pico-sdk/sdk/2.2.0/src/common/pico_time/time.c.o
                0x10000f20                alarm_pool_add_alarm_at_force_in_context
 .text.alarm_pool_add_alarm_at
                0x10000fc4       0x3c examples/hello_dual_cdc/CMakeFiles/hello_dual_cdc.dir/home/student/.pico-sdk/sdk/2.2.0/src/common/pico_time/time.c.o
                0x10000fc4                alarm_pool_add_alarm_at
 .text.add_alarm_at
                0x10001000       0x2e examples/hello_dual_cdc/CMakeFiles/hello_dual_cdc.dir/home/student/.pico-sdk/sdk/2.2.0/src/common/pico_time/time.c.o
 *fill*         0x1000102e        0x2 
 .text.alarm_pool_cancel_alarm
                0x10001030       0x78 examples/hello_dual_cdc/CMakeFiles/hello_dual_cdc.dir/home/student/.pico-sdk/sdk/2.2.0/src/common/pico_time/time.c.o
                0x10001030                alarm_pool_cancel_alarm
 .text.cancel_alarm
                0x100010a8       0x10 examples/hello_dual_cdc/CMakeFiles/hello_dual_cdc.dir/home/student/.pico-sdk/sdk/2.2.0/src/common/pico_time/time.c.o
 .text.best_effort_wfe_or_timeout
                0x100010b8      0x11c examples/hello_dual_cdc/CMakeFiles/hello_dual_cdc.dir/home/student/.pico-sdk/sdk/2.2.0/src/common/pico_time/time.c.o
                0x100010b8                best_effort_wfe_or_timeout
 .text.alarm_pool_get_default_timer
                0x100011d4        0x8 examples/hello_dual_cdc/CMakeFiles/hello_dual_cdc.dir/home/student/.pico-sdk/sdk/2.2.0/src/common/pico_time/time.c.o
                0x100011d4                alarm_pool_get_default_timer
 .text.runtime_init_default_alarm_pool
                0x100011dc       0x38 examples/hello_dual_cdc/CMakeFiles/hello_dual_cdc.dir/home/student/.pico-sdk/sdk/2.2.0/src/common/pico_time/time.c.o
                0x100011dc                runtime_init_default_alarm_pool
 .text.timer_hardware_alarm_claim
                0x10001214       0x14 examples/hello_dual_cdc/CMakeFiles/hello_dual_cdc.dir/home/student/.pico-sdk/sdk/2.2.0/src/rp2_common/hardware_timer/timer.c.o
                0x10001214                timer_hardware_alarm_claim
 .text.timer_time_us_64
                0x10001228       0x10 examples/hello_dual_cdc/CMakeFiles/hello_dual_cdc.dir/home/student/.pico-sdk/sdk/2.2.0/src/rp2_common/hardware_timer/timer.c.o
                0x10001228                timer_time_us_64
 .text.time_us_64
                0x10001238       0x10 examples/hello_dual_cdc/CMakeFiles/hello_dual_cdc.dir/home/student/.pico-sdk/sdk/2.2.0/src/rp2_common/hardware_timer/timer.c.o
                0x10001238                time_us_64
 .text.clock_configure_internal
                0x10001248       0xc4 examples/hello_dual_cdc/CMakeFiles/hello_dual_cdc.dir/home/student/.pico-sdk/sdk/2.2.0/src/rp2_common/hardware_clocks/clocks.c.o
 .text.clock_configure_int_divider
                0x1000130c       0x28 examples/hello_dual_cdc/CMakeFiles/hello_dual_cdc.dir/home/student/.pico-sdk/sdk/2.2.0/src/rp2_common/hardware_clocks/clocks.c.o
                0x1000130c                clock_configure_int_divider
 .text.clock_configure_undivided
                0x10001334       0x12 examples/hello_dual_cdc/CMakeFiles/hello_dual_cdc.dir/home/student/.pico-sdk/sdk/2.2.0/src/rp2_common/hardware_clocks/clocks.c.o
                0x10001334                clock_configure_undivided
 *fill*         0x10001346        0x2 
 .text.clock_get_hz
                0x10001348        0xc examples/hello_dual_cdc/CMakeFiles/hello_dual_cdc.dir/home/student/.pico-sdk/sdk/2.2.0/src/rp2_common/hardware_clocks/clocks.c.o
                0x10001348                clock_get_hz
 .text.pll_init
                0x10001354      0x124 examples/hello_dual_cdc/CMakeFiles/hello_dual_cdc.dir/home/student/.pico-sdk/sdk/2.2.0/src/rp2_common/hardware_pll/pll.c.o
                0x10001354                pll_init
 .text.tick_start
                0x10001478       0x10 examples/hello_dual_cdc/CMakeFiles/hello_dual_cdc.dir/home/student/.pico-sdk/sdk/2.2.0/src/rp2_common/hardware_ticks/ticks.c.o
                0x10001478                tick_start
 .text.rom_func_lookup
                0x10001488       0x10 examples/hello_dual_cdc/CMakeFiles/hello_dual_cdc.dir/home/student/.pico-sdk/sdk/2.2.0/src/rp2_common/pico_bootrom/bootrom.c.o
                0x10001488                rom_func_lookup
 .text.rom_data_lookup
                0x10001498       0x10 examples/hello_dual_cdc/CMakeFiles/hello_dual_cdc.dir/home/student/.pico-sdk/sdk/2.2.0/src/rp2_common/pico_bootrom/bootrom.c.o
                0x10001498                rom_data_lookup
 .text.rom_funcs_lookup
                0x100014a8       0x36 examples/hello_dual_cdc/CMakeFiles/hello_dual_cdc.dir/home/student/.pico-sdk/sdk/2.2.0/src/rp2_common/pico_bootrom/bootrom.c.o
                0x100014a8                rom_funcs_lookup
 *fill*         0x100014de        0x2 
 .text.xosc_init
                0x100014e0       0x2c examples/hello_dual_cdc/CMakeFiles/hello_dual_cdc.dir/home/student/.pico-sdk/sdk/2.2.0/src/rp2_common/hardware_xosc/xosc.c.o
                0x100014e0                xosc_init
 .text.runtime_run_initializers_from
                0x1000150c       0x18 examples/hello_dual_cdc/CMakeFiles/hello_dual_cdc.dir/home/student/.pico-sdk/sdk/2.2.0/src/rp2_common/pico_runtime/runtime.c.o
 .text.first_per_core_initializer
                0x10001524        0x2 examples/hello_dual_cdc/CMakeFiles/hello_dual_cdc.dir/home/student/.pico-sdk/sdk/2.2.0/src/rp2_common/pico_runtime/runtime.c.o
 *fill*         0x10001526        0x2 
 .text.runtime_run_initializers
                0x10001528       0x10 examples/hello_dual_cdc/CMakeFiles/hello_dual_cdc.dir/home/student/.pico-sdk/sdk/2.2.0/src/rp2_common/pico_runtime/runtime.c.o
                0x10001528                runtime_run_initializers
 .text.runtime_run_per_core_initializers
                0x10001538       0x10 examples/hello_dual_cdc/CMakeFiles/hello_dual_cdc.dir/home/student/.pico-sdk/sdk/2.2.0/src/rp2_common/pico_runtime/runtime.c.o
                0x10001538                runtime_run_per_core_initializers
 .text.runtime_init_early_resets
                0x10001548       0x2c examples/hello_dual_cdc/CMakeFiles/hello_dual_cdc.dir/home/student/.pico-sdk/sdk/2.2.0/src/rp2_common/pico_runtime_init/runtime_init.c.o
                0x10001548                runtime_init_early_resets
 .text.runtime_init_usb_power_down
                0x10001574       0x1c examples/hello_dual_cdc/CMakeFiles/hello_dual_cdc.dir/home/student/.pico-sdk/sdk/2.2.0/src/rp2_common/pico_runtime_init/runtime_init.c.o
                0x10001574                runtime_init_usb_power_down
 .text.runtime_init_post_clock_resets
                0x10001590       0x20 examples/hello_dual_cdc/CMakeFiles/hello_dual_cdc.dir/home/student/.pico-sdk/sdk/2.2.0/src/rp2_common/pico_runtime_init/runtime_init.c.o
                0x10001590                runtime_init_post_clock_resets
 .text.runtime_init_rp2040_gpio_ie_disable
                0x100015b0       0x14 examples/hello_dual_cdc/CMakeFiles/hello_dual_cdc.dir/home/student/.pico-sdk/sdk/2.2.0/src/rp2_common/pico_runtime_init/runtime_init.c.o
                0x100015b0                runtime_init_rp2040_gpio_ie_disable
 .text.runtime_init_spin_locks_reset
                0x100015c4        0x8 examples/hello_dual_cdc/CMakeFiles/hello_dual_cdc.dir/home/student/.pico-sdk/sdk/2.2.0/src/rp2_common/pico_runtime_init/runtime_init.c.o
                0x100015c4                runtime_init_spin_locks_reset
 .text.runtime_init_install_ram_vector_table
                0x100015cc       0x48 examples/hello_dual_cdc/CMakeFiles/hello_dual_cdc.dir/home/student/.pico-sdk/sdk/2.2.0/src/rp2_common/pico_runtime_init/runtime_init.c.o
                0x100015cc                runtime_init_install_ram_vector_table
 .text.start_all_ticks
                0x10001614       0x28 examples/hello_dual_cdc/CMakeFiles/hello_dual_cdc.dir/home/student/.pico-sdk/sdk/2.2.0/src/rp2_common/pico_runtime_init/runtime_init_clocks.c.o
 .text.runtime_init_clocks
                0x1000163c       0xcc examples/hello_dual_cdc/CMakeFiles/hello_dual_cdc.dir/home/student/.pico-sdk/sdk/2.2.0/src/rp2_common/pico_runtime_init/runtime_init_clocks.c.o
                0x1000163c                runtime_init_clocks
 .text          0x10001708       0x10 examples/hello_dual_cdc/CMakeFiles/hello_dual_cdc.dir/home/student/.pico-sdk/sdk/2.2.0/src/rp2_common/pico_bit_ops/bit_ops_aeabi.S.o
 .text.__wrap___aeabi_idiv
                0x10001718       0x50 examples/hello_dual_cdc/CMakeFiles/hello_dual_cdc.dir/home/student/.pico-sdk/sdk/2.2.0/src/rp2_common/pico_divider/divider_hardware.S.o
                0x10001718                __wrap___aeabi_idivmod
                0x10001718                divmod_s32s32
                0x10001718                div_s32s32
                0x10001718                __wrap___aeabi_idiv
                0x10001720                divmod_s32s32_unsafe
                0x1000174c                divmod_s32s32_savestate
 .text.__wrap___aeabi_uidiv
                0x10001768       0x4c examples/hello_dual_cdc/CMakeFiles/hello_dual_cdc.dir/home/student/.pico-sdk/sdk/2.2.0/src/rp2_common/pico_divider/divider_hardware.S.o
                0x10001768                __wrap___aeabi_uidiv
                0x10001768                __wrap___aeabi_uidivmod
                0x10001768                div_u32u32
                0x10001768                divmod_u32u32
                0x10001770                divmod_u32u32_unsafe
                0x10001798                divmod_u32u32_savestate
 .text.__wrap___aeabi_ldiv
                0x100017b4      0x424 examples/hello_dual_cdc/CMakeFiles/hello_dual_cdc.dir/home/student/.pico-sdk/sdk/2.2.0/src/rp2_common/pico_divider/divider_hardware.S.o
                0x100017b4                div_s64s64
                0x100017b4                divmod_s64s64
                0x100017b4                __wrap___aeabi_ldivmod
                0x100017e4                div_u64u64
                0x100017e4                divmod_u64u64
                0x100017e4                __wrap___aeabi_uldivmod
                0x100017f4                divmod_u64u64_savestate
                0x10001814                divmod_s64s64_unsafe
                0x1000189c                divmod_u64u64_unsafe
 .text.__wrap___aeabi_darithmetic
                0x10001bd8       0x60 examples/hello_dual_cdc/CMakeFiles/hello_dual_cdc.dir/home/student/.pico-sdk/sdk/2.2.0/src/rp2_common/pico_double/double_aeabi_rp2040.S.o
                0x10001bd8                __wrap___aeabi_drsub
                0x10001bde                __wrap___aeabi_dsub
                0x10001be8                __wrap___aeabi_dadd
                0x10001bf2                __wrap___aeabi_ddiv
                0x10001c26                __wrap___aeabi_dmul
 .text.__wrap___aeabi_cdcmple
                0x10001c38       0x6c examples/hello_dual_cdc/CMakeFiles/hello_dual_cdc.dir/home/student/.pico-sdk/sdk/2.2.0/src/rp2_common/pico_double/double_aeabi_rp2040.S.o
                0x10001c38                __wrap___aeabi_cdrcmple
                0x10001c48                __wrap___aeabi_cdcmple
                0x10001c48                __wrap___aeabi_cdcmpeq
 .text.__wrap___aeabi_dcmplt
                0x10001ca4        0xc examples/hello_dual_cdc/CMakeFiles/hello_dual_cdc.dir/home/student/.pico-sdk/sdk/2.2.0/src/rp2_common/pico_double/double_aeabi_rp2040.S.o
                0x10001ca4                __wrap___aeabi_dcmplt
 .text.__wrap___aeabi_dcmple
                0x10001cb0       0x10 examples/hello_dual_cdc/CMakeFiles/hello_dual_cdc.dir/home/student/.pico-sdk/sdk/2.2.0/src/rp2_common/pico_double/double_aeabi_rp2040.S.o
                0x10001cb0                __wrap___aeabi_dcmple
 .text.__wrap___aeabi_dcmpge
                0x10001cc0       0x10 examples/hello_dual_cdc/CMakeFiles/hello_dual_cdc.dir/home/student/.pico-sdk/sdk/2.2.0/src/rp2_common/pico_double/double_aeabi_rp2040.S.o
                0x10001cc0                __wrap___aeabi_dcmpge
 .text.__wrap___aeabi_dcmpgt
                0x10001cd0        0xa examples/hello_dual_cdc/CMakeFiles/hello_dual_cdc.dir/home/student/.pico-sdk/sdk/2.2.0/src/rp2_common/pico_double/double_aeabi_rp2040.S.o
                0x10001cd0                __wrap___aeabi_dcmpgt
 .text.__wrap___aeabi_dcmpun
                0x10001cda       0x18 examples/hello_dual_cdc/CMakeFiles/hello_dual_cdc.dir/home/student/.pico-sdk/sdk/2.2.0/src/rp2_common/pico_double/double_aeabi_rp2040.S.o
                0x10001cda                __wrap___aeabi_dcmpun
 *fill*         0x10001cf2        0x2 
 .text.__wrap___aeabi_i2d
                0x10001cf4       0x38 examples/hello_dual_cdc/CMakeFiles/hello_dual_cdc.dir/home/student/.pico-sdk/sdk/2.2.0/src/rp2_common/pico_double/double_aeabi_rp2040.S.o
                0x10001cf4                __wrap___aeabi_ui2d
                0x10001cf4                uint2double
                0x10001cfc                __wrap___aeabi_i2d
                0x10001cfc                int2double
 .text.__wrap___aeabi_d2iz
                0x10001d2c       0x48 examples/hello_dual_cdc/CMakeFiles/hello_dual_cdc.dir/home/student/.pico-sdk/sdk/2.2.0/src/rp2_common/pico_double/double_aeabi_rp2040.S.o
                0x10001d2c                __wrap___aeabi_d2iz
                0x10001d2c                double2int_z
 .text.__wrap___aeabi_d2uiz
                0x10001d74       0x10 examples/hello_dual_cdc/CMakeFiles/hello_dual_cdc.dir/home/student/.pico-sdk/sdk/2.2.0/src/rp2_common/pico_double/double_aeabi_rp2040.S.o
                0x10001d74                double2uint_z
                0x10001d74                double2uint
                0x10001d74                __wrap___aeabi_d2uiz
 .text.missing_double_func_shim
                0x10001d84        0xc examples/hello_dual_cdc/CMakeFiles/hello_dual_cdc.dir/home/student/.pico-sdk/sdk/2.2.0/src/rp2_common/pico_double/double_init_rom_rp2040.c.o
 .text.__aeabi_double_init
                0x10001d90       0xd0 examples/hello_dual_cdc/CMakeFiles/hello_dual_cdc.dir/home/student/.pico-sdk/sdk/2.2.0/src/rp2_common/pico_double/double_init_rom_rp2040.c.o
                0x10001d90                __aeabi_double_init
 .text.double_table_shim_on_use_helper
                0x10001e60       0x34 examples/hello_dual_cdc/CMakeFiles/hello_dual_cdc.dir/home/student/.pico-sdk/sdk/2.2.0/src/rp2_common/pico_double/double_v1_rom_shim_rp2040.S.o
                0x10001e60                double_table_shim_on_use_helper
 .text.__aeabi_lmul
                0x10001e94       0x32 examples/hello_dual_cdc/CMakeFiles/hello_dual_cdc.dir/home/student/.pico-sdk/sdk/2.2.0/src/rp2_common/pico_int64_ops/pico_int64_ops_aeabi.S.o
                0x10001e94                __wrap___aeabi_lmul
 *fill*         0x10001ec6        0x2 
 .text.missing_float_func_shim
                0x10001ec8        0xc examples/hello_dual_cdc/CMakeFiles/hello_dual_cdc.dir/home/student/.pico-sdk/sdk/2.2.0/src/rp2_common/pico_float/float_init_rom_rp2040.c.o
 .text.__aeabi_float_init
                0x10001ed4       0x88 examples/hello_dual_cdc/CMakeFiles/hello_dual_cdc.dir/home/student/.pico-sdk/sdk/2.2.0/src/rp2_common/pico_float/float_init_rom_rp2040.c.o
                0x10001ed4                __aeabi_float_init
 .text          0x10001f5c       0x10 examples/hello_dual_cdc/CMakeFiles/hello_dual_cdc.dir/home/student/.pico-sdk/sdk/2.2.0/src/rp2_common/pico_mem_ops/mem_ops_aeabi.S.o
                0x10001f5c                __aeabi_mem_init
 .text.memset   0x10001f6c        0xc examples/hello_dual_cdc/CMakeFiles/hello_dual_cdc.dir/home/student/.pico-sdk/sdk/2.2.0/src/rp2_common/pico_mem_ops/mem_ops_aeabi.S.o
                0x10001f6c                __wrap_memset
 .text.memcpy   0x10001f78        0xc examples/hello_dual_cdc/CMakeFiles/hello_dual_cdc.dir/home/student/.pico-sdk/sdk/2.2.0/src/rp2_common/pico_mem_ops/mem_ops_aeabi.S.o
                0x10001f78                __wrap___aeabi_memcpy
                0x10001f78                __wrap_memcpy
 .text._out_buffer
                0x10001f84        0x8 examples/hello_dual_cdc/CMakeFiles/hello_dual_cdc.dir/home/student/.pico-sdk/sdk/2.2.0/src/rp2_common/pico_printf/printf.c.o
 .text._out_null
                0x10001f8c        0x2 examples/hello_dual_cdc/CMakeFiles/hello_dual_cdc.dir/home/student/.pico-sdk/sdk/2.2.0/src/rp2_common/pico_printf/printf.c.o
 .text._out_fct
                0x10001f8e        0xe examples/hello_dual_cdc/CMakeFiles/hello_dual_cdc.dir/home/student/.pico-sdk/sdk/2.2.0/src/rp2_common/pico_printf/printf.c.o
 .text._atoi    0x10001f9c       0x24 examples/hello_dual_cdc/CMakeFiles/hello_dual_cdc.dir/home/student/.pico-sdk/sdk/2.2.0/src/rp2_common/pico_printf/printf.c.o
 .text._out_rev
                0x10001fc0       0xb0 examples/hello_dual_cdc/CMakeFiles/hello_dual_cdc.dir/home/student/.pico-sdk/sdk/2.2.0/src/rp2_common/pico_printf/printf.c.o
 .text._ntoa_format
                0x10002070      0x10e examples/hello_dual_cdc/CMakeFiles/hello_dual_cdc.dir/home/student/.pico-sdk/sdk/2.2.0/src/rp2_common/pico_printf/printf.c.o
 .text._ntoa_long
                0x1000217e       0xbc examples/hello_dual_cdc/CMakeFiles/hello_dual_cdc.dir/home/student/.pico-sdk/sdk/2.2.0/src/rp2_common/pico_printf/printf.c.o
 .text._ntoa_long_long
                0x1000223a      0x10e examples/hello_dual_cdc/CMakeFiles/hello_dual_cdc.dir/home/student/.pico-sdk/sdk/2.2.0/src/rp2_common/pico_printf/printf.c.o
 .text._etoa    0x10002348      0x424 examples/hello_dual_cdc/CMakeFiles/hello_dual_cdc.dir/home/student/.pico-sdk/sdk/2.2.0/src/rp2_common/pico_printf/printf.c.o
 .text._ftoa    0x1000276c      0x348 examples/hello_dual_cdc/CMakeFiles/hello_dual_cdc.dir/home/student/.pico-sdk/sdk/2.2.0/src/rp2_common/pico_printf/printf.c.o
 .text._vsnprintf
                0x10002ab4      0x6a4 examples/hello_dual_cdc/CMakeFiles/hello_dual_cdc.dir/home/student/.pico-sdk/sdk/2.2.0/src/rp2_common/pico_printf/printf.c.o
 .text.__wrap_snprintf
                0x10003158       0x28 examples/hello_dual_cdc/CMakeFiles/hello_dual_cdc.dir/home/student/.pico-sdk/sdk/2.2.0/src/rp2_common/pico_printf/printf.c.o
                0x10003158                __wrap_snprintf
 .text.vfctprintf
                0x10003180       0x24 examples/hello_dual_cdc/CMakeFiles/hello_dual_cdc.dir/home/student/.pico-sdk/sdk/2.2.0/src/rp2_common/pico_printf/printf.c.o
                0x10003180                vfctprintf
 .text._exit    0x100031a4        0x4 examples/hello_dual_cdc/CMakeFiles/hello_dual_cdc.dir/home/student/.pico-sdk/sdk/2.2.0/src/rp2_common/pico_clib_interface/newlib_interface.c.o
                0x100031a4                _exit
 .text._gettimeofday
                0x100031a8       0x40 examples/hello_dual_cdc/CMakeFiles/hello_dual_cdc.dir/home/student/.pico-sdk/sdk/2.2.0/src/rp2_common/pico_clib_interface/newlib_interface.c.o
                0x100031a8                _gettimeofday
 .text.exit     0x100031e8        0x6 examples/hello_dual_cdc/CMakeFiles/hello_dual_cdc.dir/home/student/.pico-sdk/sdk/2.2.0/src/rp2_common/pico_clib_interface/newlib_interface.c.o
                0x100031e8                exit
 *fill*         0x100031ee        0x2 
 .text.__assert_func
                0x100031f0       0x38 examples/hello_dual_cdc/CMakeFiles/hello_dual_cdc.dir/home/student/.pico-sdk/sdk/2.2.0/src/rp2_common/pico_clib_interface/newlib_interface.c.o
                0x100031f0                __assert_func
 .text.runtime_init
                0x10003228       0x28 examples/hello_dual_cdc/CMakeFiles/hello_dual_cdc.dir/home/student/.pico-sdk/sdk/2.2.0/src/rp2_common/pico_clib_interface/newlib_interface.c.o
                0x10003228                runtime_init
 .text.stdio_out_chars_no_crlf
                0x10003250        0xe examples/hello_dual_cdc/CMakeFiles/hello_dual_cdc.dir/home/student/.pico-sdk/sdk/2.2.0/src/rp2_common/pico_stdio/stdio.c.o
 *fill*         0x1000325e        0x2 
 .text.stdio_out_chars_crlf
                0x10003260       0x80 examples/hello_dual_cdc/CMakeFiles/hello_dual_cdc.dir/home/student/.pico-sdk/sdk/2.2.0/src/rp2_common/pico_stdio/stdio.c.o
 .text.stdio_stack_buffer_flush
                0x100032e0       0x44 examples/hello_dual_cdc/CMakeFiles/hello_dual_cdc.dir/home/student/.pico-sdk/sdk/2.2.0/src/rp2_common/pico_stdio/stdio.c.o
 .text.stdio_buffered_printer
                0x10003324       0x20 examples/hello_dual_cdc/CMakeFiles/hello_dual_cdc.dir/home/student/.pico-sdk/sdk/2.2.0/src/rp2_common/pico_stdio/stdio.c.o
 .text.stdout_serialize_begin
                0x10003344       0x30 examples/hello_dual_cdc/CMakeFiles/hello_dual_cdc.dir/home/student/.pico-sdk/sdk/2.2.0/src/rp2_common/pico_stdio/stdio.c.o
                0x10003344                stdout_serialize_begin
 .text.stdout_serialize_end
                0x10003374       0x10 examples/hello_dual_cdc/CMakeFiles/hello_dual_cdc.dir/home/student/.pico-sdk/sdk/2.2.0/src/rp2_common/pico_stdio/stdio.c.o
                0x10003374                stdout_serialize_end
 .text.stdio_put_string
                0x10003384       0x94 examples/hello_dual_cdc/CMakeFiles/hello_dual_cdc.dir/home/student/.pico-sdk/sdk/2.2.0/src/rp2_common/pico_stdio/stdio.c.o
                0x10003384                stdio_put_string
 .text.stdio_flush
                0x10003418       0x20 examples/hello_dual_cdc/CMakeFiles/hello_dual_cdc.dir/home/student/.pico-sdk/sdk/2.2.0/src/rp2_common/pico_stdio/stdio.c.o
                0x10003418                stdio_flush
 .text.__wrap_puts
                0x10003438       0x1e examples/hello_dual_cdc/CMakeFiles/hello_dual_cdc.dir/home/student/.pico-sdk/sdk/2.2.0/src/rp2_common/pico_stdio/stdio.c.o
                0x10003438                __wrap_puts
                0x10003438                stdio_puts
 *fill*         0x10003456        0x2 
 .text.__wrap_vprintf
                0x10003458       0x40 examples/hello_dual_cdc/CMakeFiles/hello_dual_cdc.dir/home/student/.pico-sdk/sdk/2.2.0/src/rp2_common/pico_stdio/stdio.c.o
                0x10003458                __wrap_vprintf
                0x10003458                stdio_vprintf
 .text.__wrap_printf
                0x10003498       0x18 examples/hello_dual_cdc/CMakeFiles/hello_dual_cdc.dir/home/student/.pico-sdk/sdk/2.2.0/src/rp2_common/pico_stdio/stdio.c.o
                0x10003498                stdio_printf
                0x10003498                __wrap_printf
 .text.vPortSVCHandler
                0x100034b0        0x2 examples/hello_dual_cdc/CMakeFiles/hello_dual_cdc.dir/home/student/.freertos/portable/ThirdParty/GCC/RP2040/port.c.o
                0x100034b0                vPortSVCHandler
 *fill*         0x100034b2        0xe 
 .text.vPortStartFirstTask
                0x100034c0       0x38 examples/hello_dual_cdc/CMakeFiles/hello_dual_cdc.dir/home/student/.freertos/portable/ThirdParty/GCC/RP2040/port.c.o
 .text.prvFIFOInterruptHandler
                0x100034f8       0x28 examples/hello_dual_cdc/CMakeFiles/hello_dual_cdc.dir/home/student/.freertos/portable/ThirdParty/GCC/RP2040/port.c.o
 .text.xPortPendSVHandler
                0x10003520       0x78 examples/hello_dual_cdc/CMakeFiles/hello_dual_cdc.dir/home/student/.freertos/portable/ThirdParty/GCC/RP2040/port.c.o
                0x10003520                xPortPendSVHandler
 .text.prvTaskExitError
                0x10003598        0x6 examples/hello_dual_cdc/CMakeFiles/hello_dual_cdc.dir/home/student/.freertos/portable/ThirdParty/GCC/RP2040/port.c.o
 *fill*         0x1000359e        0x2 
 .text.xPortSysTickHandler
                0x100035a0       0x24 examples/hello_dual_cdc/CMakeFiles/hello_dual_cdc.dir/home/student/.freertos/portable/ThirdParty/GCC/RP2040/port.c.o
                0x100035a0                xPortSysTickHandler
 .text.prvGetTicksToWaitBefore
                0x100035c4       0x40 examples/hello_dual_cdc/CMakeFiles/hello_dual_cdc.dir/home/student/.freertos/portable/ThirdParty/GCC/RP2040/port.c.o
 .text.pxPortInitialiseStack
                0x10003604       0x24 examples/hello_dual_cdc/CMakeFiles/hello_dual_cdc.dir/home/student/.freertos/portable/ThirdParty/GCC/RP2040/port.c.o
                0x10003604                pxPortInitialiseStack
 .text.vPortYield
                0x10003628       0x18 examples/hello_dual_cdc/CMakeFiles/hello_dual_cdc.dir/home/student/.freertos/portable/ThirdParty/GCC/RP2040/port.c.o
                0x10003628                vPortYield
 .text.ulSetInterruptMaskFromISR
                0x10003640        0x8 examples/hello_dual_cdc/CMakeFiles/hello_dual_cdc.dir/home/student/.freertos/portable/ThirdParty/GCC/RP2040/port.c.o
                0x10003640                ulSetInterruptMaskFromISR
 .text.vClearInterruptMaskFromISR
                0x10003648        0x6 examples/hello_dual_cdc/CMakeFiles/hello_dual_cdc.dir/home/student/.freertos/portable/ThirdParty/GCC/RP2040/port.c.o
                0x10003648                vClearInterruptMaskFromISR
 *fill*         0x1000364e        0x2 
 .text.vYieldCore
                0x10003650       0x30 examples/hello_dual_cdc/CMakeFiles/hello_dual_cdc.dir/home/student/.freertos/portable/ThirdParty/GCC/RP2040/port.c.o
                0x10003650                vYieldCore
 .text.vPortSetupTimerInterrupt
                0x10003680       0x34 examples/hello_dual_cdc/CMakeFiles/hello_dual_cdc.dir/home/student/.freertos/portable/ThirdParty/GCC/RP2040/port.c.o
                0x10003680                vPortSetupTimerInterrupt
 .text.xPortStartSchedulerOnCore
                0x100036b4       0xa8 examples/hello_dual_cdc/CMakeFiles/hello_dual_cdc.dir/home/student/.freertos/portable/ThirdParty/GCC/RP2040/port.c.o
 .text.xPortStartScheduler
                0x1000375c       0x68 examples/hello_dual_cdc/CMakeFiles/hello_dual_cdc.dir/home/student/.freertos/portable/ThirdParty/GCC/RP2040/port.c.o
                0x1000375c                xPortStartScheduler
 .text.prvDisableInterruptsAndPortStartSchedulerOnCore
                0x100037c4        0x8 examples/hello_dual_cdc/CMakeFiles/hello_dual_cdc.dir/home/student/.freertos/portable/ThirdParty/GCC/RP2040/port.c.o
 .text.ulPortLockGetCurrentOwnerId
                0x100037cc       0x30 examples/hello_dual_cdc/CMakeFiles/hello_dual_cdc.dir/home/student/.freertos/portable/ThirdParty/GCC/RP2040/port.c.o
                0x100037cc                ulPortLockGetCurrentOwnerId
 .text.vPortLockInternalSpinUnlockWithNotify
                0x100037fc       0x8c examples/hello_dual_cdc/CMakeFiles/hello_dual_cdc.dir/home/student/.freertos/portable/ThirdParty/GCC/RP2040/port.c.o
                0x100037fc                vPortLockInternalSpinUnlockWithNotify
 .text.xPortLockInternalSpinUnlockWithBestEffortWaitOrTimeout
                0x10003888       0xf0 examples/hello_dual_cdc/CMakeFiles/hello_dual_cdc.dir/home/student/.freertos/portable/ThirdParty/GCC/RP2040/port.c.o
                0x10003888                xPortLockInternalSpinUnlockWithBestEffortWaitOrTimeout
 .text.prvRuntimeInitializer
                0x10003978       0x10 examples/hello_dual_cdc/CMakeFiles/hello_dual_cdc.dir/home/student/.freertos/portable/ThirdParty/GCC/RP2040/port.c.o
 .text.prvTestWaitCondition
                0x10003988       0x1e examples/hello_dual_cdc/CMakeFiles/hello_dual_cdc.dir/home/student/.freertos/event_groups.c.o
 .text.xEventGroupCreate
                0x100039a6       0x18 examples/hello_dual_cdc/CMakeFiles/hello_dual_cdc.dir/home/student/.freertos/event_groups.c.o
                0x100039a6                xEventGroupCreate
 *fill*         0x100039be        0x2 
 .text.xEventGroupWaitBits
                0x100039c0      0x120 examples/hello_dual_cdc/CMakeFiles/hello_dual_cdc.dir/home/student/.freertos/event_groups.c.o
                0x100039c0                xEventGroupWaitBits
 .text.xEventGroupSetBits
                0x10003ae0       0x9c examples/hello_dual_cdc/CMakeFiles/hello_dual_cdc.dir/home/student/.freertos/event_groups.c.o
                0x10003ae0                xEventGroupSetBits
 .text.vEventGroupSetBitsCallback
                0x10003b7c        0x8 examples/hello_dual_cdc/CMakeFiles/hello_dual_cdc.dir/home/student/.freertos/event_groups.c.o
                0x10003b7c                vEventGroupSetBitsCallback
 .text.xEventGroupSetBitsFromISR
                0x10003b84       0x18 examples/hello_dual_cdc/CMakeFiles/hello_dual_cdc.dir/home/student/.freertos/event_groups.c.o
                0x10003b84                xEventGroupSetBitsFromISR
 .text.vListInitialise
                0x10003b9c       0x16 examples/hello_dual_cdc/CMakeFiles/hello_dual_cdc.dir/home/student/.freertos/list.c.o
                0x10003b9c                vListInitialise
 .text.vListInitialiseItem
                0x10003bb2        0x6 examples/hello_dual_cdc/CMakeFiles/hello_dual_cdc.dir/home/student/.freertos/list.c.o
                0x10003bb2                vListInitialiseItem
 .text.vListInsertEnd
                0x10003bb8       0x16 examples/hello_dual_cdc/CMakeFiles/hello_dual_cdc.dir/home/student/.freertos/list.c.o
                0x10003bb8                vListInsertEnd
 .text.vListInsert
                0x10003bce       0x2e examples/hello_dual_cdc/CMakeFiles/hello_dual_cdc.dir/home/student/.freertos/list.c.o
                0x10003bce                vListInsert
 .text.uxListRemove
                0x10003bfc       0x24 examples/hello_dual_cdc/CMakeFiles/hello_dual_cdc.dir/home/student/.freertos/list.c.o
                0x10003bfc                uxListRemove
 .text.prvGetHighestPriorityOfWaitToReceiveList
                0x10003c20       0x12 examples/hello_dual_cdc/CMakeFiles/hello_dual_cdc.dir/home/student/.freertos/queue.c.o
 .text.prvIsQueueFull
                0x10003c32       0x1e examples/hello_dual_cdc/CMakeFiles/hello_dual_cdc.dir/home/student/.freertos/queue.c.o
 .text.prvIsQueueEmpty
                0x10003c50       0x1c examples/hello_dual_cdc/CMakeFiles/hello_dual_cdc.dir/home/student/.freertos/queue.c.o
 .text.prvCopyDataToQueue
                0x10003c6c       0x7e examples/hello_dual_cdc/CMakeFiles/hello_dual_cdc.dir/home/student/.freertos/queue.c.o
 .text.prvCopyDataFromQueue
                0x10003cea       0x24 examples/hello_dual_cdc/CMakeFiles/hello_dual_cdc.dir/home/student/.freertos/queue.c.o
 *fill*         0x10003d0e        0x2 
 .text.prvNotifyQueueSetContainer
                0x10003d10       0xa4 examples/hello_dual_cdc/CMakeFiles/hello_dual_cdc.dir/home/student/.freertos/queue.c.o
 .text.prvUnlockQueue
                0x10003db4       0x88 examples/hello_dual_cdc/CMakeFiles/hello_dual_cdc.dir/home/student/.freertos/queue.c.o
 .text.xQueueGenericReset
                0x10003e3c       0xd4 examples/hello_dual_cdc/CMakeFiles/hello_dual_cdc.dir/home/student/.freertos/queue.c.o
                0x10003e3c                xQueueGenericReset
 .text.prvInitialiseNewQueue
                0x10003f10       0x26 examples/hello_dual_cdc/CMakeFiles/hello_dual_cdc.dir/home/student/.freertos/queue.c.o
 *fill*         0x10003f36        0x2 
 .text.xQueueGenericCreate
                0x10003f38       0x88 examples/hello_dual_cdc/CMakeFiles/hello_dual_cdc.dir/home/student/.freertos/queue.c.o
                0x10003f38                xQueueGenericCreate
 .text.xQueueGenericSend
                0x10003fc0      0x18c examples/hello_dual_cdc/CMakeFiles/hello_dual_cdc.dir/home/student/.freertos/queue.c.o
                0x10003fc0                xQueueGenericSend
 .text.prvInitialiseMutex
                0x1000414c       0x18 examples/hello_dual_cdc/CMakeFiles/hello_dual_cdc.dir/home/student/.freertos/queue.c.o
 .text.xQueueCreateMutex
                0x10004164       0x16 examples/hello_dual_cdc/CMakeFiles/hello_dual_cdc.dir/home/student/.freertos/queue.c.o
                0x10004164                xQueueCreateMutex
 *fill*         0x1000417a        0x2 
 .text.xQueueGenericSendFromISR
                0x1000417c      0x13c examples/hello_dual_cdc/CMakeFiles/hello_dual_cdc.dir/home/student/.freertos/queue.c.o
                0x1000417c                xQueueGenericSendFromISR
 .text.xQueueReceive
                0x100042b8      0x14c examples/hello_dual_cdc/CMakeFiles/hello_dual_cdc.dir/home/student/.freertos/queue.c.o
                0x100042b8                xQueueReceive
 .text.xQueueSemaphoreTake
                0x10004404      0x188 examples/hello_dual_cdc/CMakeFiles/hello_dual_cdc.dir/home/student/.freertos/queue.c.o
                0x10004404                xQueueSemaphoreTake
 .text.uxQueueMessagesWaiting
                0x1000458c       0x30 examples/hello_dual_cdc/CMakeFiles/hello_dual_cdc.dir/home/student/.freertos/queue.c.o
                0x1000458c                uxQueueMessagesWaiting
 .text.vQueueAddToRegistry
                0x100045bc       0x68 examples/hello_dual_cdc/CMakeFiles/hello_dual_cdc.dir/home/student/.freertos/queue.c.o
                0x100045bc                vQueueAddToRegistry
 .text.vQueueUnregisterQueue
                0x10004624       0x48 examples/hello_dual_cdc/CMakeFiles/hello_dual_cdc.dir/home/student/.freertos/queue.c.o
                0x10004624                vQueueUnregisterQueue
 .text.vQueueDelete
                0x1000466c       0x30 examples/hello_dual_cdc/CMakeFiles/hello_dual_cdc.dir/home/student/.freertos/queue.c.o
                0x1000466c                vQueueDelete
 .text.vQueueWaitForMessageRestricted
                0x1000469c       0x50 examples/hello_dual_cdc/CMakeFiles/hello_dual_cdc.dir/home/student/.freertos/queue.c.o
                0x1000469c                vQueueWaitForMessageRestricted
 .text.prvResetNextTaskUnblockTime
                0x100046ec       0x2c examples/hello_dual_cdc/CMakeFiles/hello_dual_cdc.dir/home/student/.freertos/tasks.c.o
 .text.prvDeleteTCB
                0x10004718       0x12 examples/hello_dual_cdc/CMakeFiles/hello_dual_cdc.dir/home/student/.freertos/tasks.c.o
 *fill*         0x1000472a        0x2 
 .text.prvInitialiseNewTask
                0x1000472c       0xd4 examples/hello_dual_cdc/CMakeFiles/hello_dual_cdc.dir/home/student/.freertos/tasks.c.o
 .text.prvCreateTask
                0x10004800       0x56 examples/hello_dual_cdc/CMakeFiles/hello_dual_cdc.dir/home/student/.freertos/tasks.c.o
 *fill*         0x10004856        0x2 
 .text.prvPassiveIdleTask
                0x10004858       0x18 examples/hello_dual_cdc/CMakeFiles/hello_dual_cdc.dir/home/student/.freertos/tasks.c.o
 .text.prvInitialiseTaskLists
                0x10004870       0x68 examples/hello_dual_cdc/CMakeFiles/hello_dual_cdc.dir/home/student/.freertos/tasks.c.o
 .text.prvYieldForTask
                0x100048d8       0xcc examples/hello_dual_cdc/CMakeFiles/hello_dual_cdc.dir/home/student/.freertos/tasks.c.o
 .text.prvSelectHighestPriorityTask
                0x100049a4      0x218 examples/hello_dual_cdc/CMakeFiles/hello_dual_cdc.dir/home/student/.freertos/tasks.c.o
 .text.vPortRecursiveLock
                0x10004bbc       0xe8 examples/hello_dual_cdc/CMakeFiles/hello_dual_cdc.dir/home/student/.freertos/tasks.c.o
 .text.prvCheckForRunStateChange
                0x10004ca4       0xa8 examples/hello_dual_cdc/CMakeFiles/hello_dual_cdc.dir/home/student/.freertos/tasks.c.o
 .text.vTaskSuspendAll
                0x10004d4c       0x98 examples/hello_dual_cdc/CMakeFiles/hello_dual_cdc.dir/home/student/.freertos/tasks.c.o
                0x10004d4c                vTaskSuspendAll
 .text.xTaskGetTickCount
                0x10004de4        0xc examples/hello_dual_cdc/CMakeFiles/hello_dual_cdc.dir/home/student/.freertos/tasks.c.o
                0x10004de4                xTaskGetTickCount
 .text.uxTaskGetNumberOfTasks
                0x10004df0        0xc examples/hello_dual_cdc/CMakeFiles/hello_dual_cdc.dir/home/student/.freertos/tasks.c.o
                0x10004df0                uxTaskGetNumberOfTasks
 .text.xTaskIncrementTick
                0x10004dfc      0x1cc examples/hello_dual_cdc/CMakeFiles/hello_dual_cdc.dir/home/student/.freertos/tasks.c.o
                0x10004dfc                xTaskIncrementTick
 .text.vTaskSwitchContext
                0x10004fc8       0xa0 examples/hello_dual_cdc/CMakeFiles/hello_dual_cdc.dir/home/student/.freertos/tasks.c.o
                0x10004fc8                vTaskSwitchContext
 .text.xTaskRemoveFromEventList
                0x10005068       0xfc examples/hello_dual_cdc/CMakeFiles/hello_dual_cdc.dir/home/student/.freertos/tasks.c.o
                0x10005068                xTaskRemoveFromEventList
 .text.vTaskInternalSetTimeOutState
                0x10005164       0x18 examples/hello_dual_cdc/CMakeFiles/hello_dual_cdc.dir/home/student/.freertos/tasks.c.o
                0x10005164                vTaskInternalSetTimeOutState
 .text.vTaskMissedYield
                0x1000517c       0x14 examples/hello_dual_cdc/CMakeFiles/hello_dual_cdc.dir/home/student/.freertos/tasks.c.o
                0x1000517c                vTaskMissedYield
 .text.xTaskGetCurrentTaskHandle
                0x10005190       0x1c examples/hello_dual_cdc/CMakeFiles/hello_dual_cdc.dir/home/student/.freertos/tasks.c.o
                0x10005190                xTaskGetCurrentTaskHandle
 .text.prvAddCurrentTaskToDelayedList
                0x100051ac       0xb8 examples/hello_dual_cdc/CMakeFiles/hello_dual_cdc.dir/home/student/.freertos/tasks.c.o
 .text.vTaskPlaceOnEventList
                0x10005264       0x40 examples/hello_dual_cdc/CMakeFiles/hello_dual_cdc.dir/home/student/.freertos/tasks.c.o
                0x10005264                vTaskPlaceOnEventList
 .text.vTaskPlaceOnUnorderedEventList
                0x100052a4       0x8c examples/hello_dual_cdc/CMakeFiles/hello_dual_cdc.dir/home/student/.freertos/tasks.c.o
                0x100052a4                vTaskPlaceOnUnorderedEventList
 .text.vTaskPlaceOnEventListRestricted
                0x10005330       0x68 examples/hello_dual_cdc/CMakeFiles/hello_dual_cdc.dir/home/student/.freertos/tasks.c.o
                0x10005330                vTaskPlaceOnEventListRestricted
 .text.xTaskPriorityInherit
                0x10005398       0xcc examples/hello_dual_cdc/CMakeFiles/hello_dual_cdc.dir/home/student/.freertos/tasks.c.o
                0x10005398                xTaskPriorityInherit
 .text.xTaskPriorityDisinherit
                0x10005464      0x118 examples/hello_dual_cdc/CMakeFiles/hello_dual_cdc.dir/home/student/.freertos/tasks.c.o
                0x10005464                xTaskPriorityDisinherit
 .text.vTaskPriorityDisinheritAfterTimeout
                0x1000557c      0x118 examples/hello_dual_cdc/CMakeFiles/hello_dual_cdc.dir/home/student/.freertos/tasks.c.o
                0x1000557c                vTaskPriorityDisinheritAfterTimeout
 .text.vTaskYieldWithinAPI
                0x10005694       0x34 examples/hello_dual_cdc/CMakeFiles/hello_dual_cdc.dir/home/student/.freertos/tasks.c.o
                0x10005694                vTaskYieldWithinAPI
 .text.vTaskEnterCritical
                0x100056c8       0x68 examples/hello_dual_cdc/CMakeFiles/hello_dual_cdc.dir/home/student/.freertos/tasks.c.o
                0x100056c8                vTaskEnterCritical
 .text.vTaskEnterCriticalFromISR
                0x10005730       0x4c examples/hello_dual_cdc/CMakeFiles/hello_dual_cdc.dir/home/student/.freertos/tasks.c.o
                0x10005730                vTaskEnterCriticalFromISR
 .text.vTaskExitCritical
                0x1000577c       0x80 examples/hello_dual_cdc/CMakeFiles/hello_dual_cdc.dir/home/student/.freertos/tasks.c.o
                0x1000577c                vTaskExitCritical
 .text.prvCheckTasksWaitingTermination
                0x100057fc       0x64 examples/hello_dual_cdc/CMakeFiles/hello_dual_cdc.dir/home/student/.freertos/tasks.c.o
 .text.prvIdleTask
                0x10005860       0x1c examples/hello_dual_cdc/CMakeFiles/hello_dual_cdc.dir/home/student/.freertos/tasks.c.o
 .text.prvAddNewTaskToReadyList
                0x1000587c       0x9c examples/hello_dual_cdc/CMakeFiles/hello_dual_cdc.dir/home/student/.freertos/tasks.c.o
 .text.xTaskCreate
                0x10005918       0x2a examples/hello_dual_cdc/CMakeFiles/hello_dual_cdc.dir/home/student/.freertos/tasks.c.o
                0x10005918                xTaskCreate
 *fill*         0x10005942        0x2 
 .text.prvCreateIdleTasks
                0x10005944       0x8c examples/hello_dual_cdc/CMakeFiles/hello_dual_cdc.dir/home/student/.freertos/tasks.c.o
 .text.vTaskStartScheduler
                0x100059d0       0x64 examples/hello_dual_cdc/CMakeFiles/hello_dual_cdc.dir/home/student/.freertos/tasks.c.o
                0x100059d0                vTaskStartScheduler
 .text.xTaskCreateAffinitySet
                0x10005a34       0x28 examples/hello_dual_cdc/CMakeFiles/hello_dual_cdc.dir/home/student/.freertos/tasks.c.o
                0x10005a34                xTaskCreateAffinitySet
 .text.vTaskCoreAffinitySet
                0x10005a5c       0xa0 examples/hello_dual_cdc/CMakeFiles/hello_dual_cdc.dir/home/student/.freertos/tasks.c.o
                0x10005a5c                vTaskCoreAffinitySet
 .text.xTaskResumeAll
                0x10005afc      0x16c examples/hello_dual_cdc/CMakeFiles/hello_dual_cdc.dir/home/student/.freertos/tasks.c.o
                0x10005afc                xTaskResumeAll
 .text.vTaskDelay
                0x10005c68       0x48 examples/hello_dual_cdc/CMakeFiles/hello_dual_cdc.dir/home/student/.freertos/tasks.c.o
                0x10005c68                vTaskDelay
 .text.vTaskRemoveFromUnorderedEventList
                0x10005cb0       0xec examples/hello_dual_cdc/CMakeFiles/hello_dual_cdc.dir/home/student/.freertos/tasks.c.o
                0x10005cb0                vTaskRemoveFromUnorderedEventList
 .text.xTaskCheckForTimeOut
                0x10005d9c       0xbc examples/hello_dual_cdc/CMakeFiles/hello_dual_cdc.dir/home/student/.freertos/tasks.c.o
                0x10005d9c                xTaskCheckForTimeOut
 .text.xTaskGetSchedulerState
                0x10005e58       0x30 examples/hello_dual_cdc/CMakeFiles/hello_dual_cdc.dir/home/student/.freertos/tasks.c.o
                0x10005e58                xTaskGetSchedulerState
 .text.vTaskExitCriticalFromISR
                0x10005e88       0x64 examples/hello_dual_cdc/CMakeFiles/hello_dual_cdc.dir/home/student/.freertos/tasks.c.o
                0x10005e88                vTaskExitCriticalFromISR
 .text.uxTaskResetEventItemValue
                0x10005eec       0x1c examples/hello_dual_cdc/CMakeFiles/hello_dual_cdc.dir/home/student/.freertos/tasks.c.o
                0x10005eec                uxTaskResetEventItemValue
 .text.pvTaskIncrementMutexHeldCount
                0x10005f08       0x12 examples/hello_dual_cdc/CMakeFiles/hello_dual_cdc.dir/home/student/.freertos/tasks.c.o
                0x10005f08                pvTaskIncrementMutexHeldCount
 *fill*         0x10005f1a        0x2 
 .text.prvGetNextExpireTime
                0x10005f1c       0x24 examples/hello_dual_cdc/CMakeFiles/hello_dual_cdc.dir/home/student/.freertos/timers.c.o
 .text.prvInsertTimerInActiveList
                0x10005f40       0x48 examples/hello_dual_cdc/CMakeFiles/hello_dual_cdc.dir/home/student/.freertos/timers.c.o
 .text.prvReloadTimer
                0x10005f88       0x28 examples/hello_dual_cdc/CMakeFiles/hello_dual_cdc.dir/home/student/.freertos/timers.c.o
 .text.prvProcessExpiredTimer
                0x10005fb0       0x3c examples/hello_dual_cdc/CMakeFiles/hello_dual_cdc.dir/home/student/.freertos/timers.c.o
 .text.prvSwitchTimerLists
                0x10005fec       0x30 examples/hello_dual_cdc/CMakeFiles/hello_dual_cdc.dir/home/student/.freertos/timers.c.o
 .text.prvSampleTimeNow
                0x1000601c       0x2c examples/hello_dual_cdc/CMakeFiles/hello_dual_cdc.dir/home/student/.freertos/timers.c.o
 .text.prvProcessTimerOrBlockTask
                0x10006048       0x70 examples/hello_dual_cdc/CMakeFiles/hello_dual_cdc.dir/home/student/.freertos/timers.c.o
 .text.prvProcessReceivedCommands
                0x100060b8      0x110 examples/hello_dual_cdc/CMakeFiles/hello_dual_cdc.dir/home/student/.freertos/timers.c.o
 .text.prvTimerTask
                0x100061c8       0x16 examples/hello_dual_cdc/CMakeFiles/hello_dual_cdc.dir/home/student/.freertos/timers.c.o
 *fill*         0x100061de        0x2 
 .text.prvCheckForValidListAndQueue
                0x100061e0       0x60 examples/hello_dual_cdc/CMakeFiles/hello_dual_cdc.dir/home/student/.freertos/timers.c.o
 .text.xTimerCreateTimerTask
                0x10006240       0x60 examples/hello_dual_cdc/CMakeFiles/hello_dual_cdc.dir/home/student/.freertos/timers.c.o
                0x10006240                xTimerCreateTimerTask
 .text.xTimerPendFunctionCallFromISR
                0x100062a0       0x2c examples/hello_dual_cdc/CMakeFiles/hello_dual_cdc.dir/home/student/.freertos/timers.c.o
                0x100062a0                xTimerPendFunctionCallFromISR
 .text.exception_is_compile_time_default
                0x100062cc       0x20 examples/hello_dual_cdc/CMakeFiles/hello_dual_cdc.dir/home/student/.pico-sdk/sdk/2.2.0/src/rp2_common/hardware_exception/exception.c.o
 .text.set_raw_exception_handler_and_restore_interrupts
                0x100062ec       0x18 examples/hello_dual_cdc/CMakeFiles/hello_dual_cdc.dir/home/student/.pico-sdk/sdk/2.2.0/src/rp2_common/hardware_exception/exception.c.o
 .text.exception_get_vtable_handler
                0x10006304       0x10 examples/hello_dual_cdc/CMakeFiles/hello_dual_cdc.dir/home/student/.pico-sdk/sdk/2.2.0/src/rp2_common/hardware_exception/exception.c.o
                0x10006304                exception_get_vtable_handler
 .text.exception_set_exclusive_handler
                0x10006314       0x44 examples/hello_dual_cdc/CMakeFiles/hello_dual_cdc.dir/home/student/.pico-sdk/sdk/2.2.0/src/rp2_common/hardware_exception/exception.c.o
                0x10006314                exception_set_exclusive_handler
 .text.core1_trampoline
                0x10006358        0x2 examples/hello_dual_cdc/CMakeFiles/hello_dual_cdc.dir/home/student/.pico-sdk/sdk/2.2.0/src/rp2_common/pico_multicore/multicore.c.o
 .text.core1_wrapper
                0x1000635a        0xc examples/hello_dual_cdc/CMakeFiles/hello_dual_cdc.dir/home/student/.pico-sdk/sdk/2.2.0/src/rp2_common/pico_multicore/multicore.c.o
                0x1000635a                core1_wrapper
 .text.multicore_fifo_push_blocking
                0x10006366       0x14 examples/hello_dual_cdc/CMakeFiles/hello_dual_cdc.dir/home/student/.pico-sdk/sdk/2.2.0/src/rp2_common/pico_multicore/multicore.c.o
                0x10006366                multicore_fifo_push_blocking
 .text.multicore_fifo_pop_blocking
                0x1000637a       0x16 examples/hello_dual_cdc/CMakeFiles/hello_dual_cdc.dir/home/student/.pico-sdk/sdk/2.2.0/src/rp2_common/pico_multicore/multicore.c.o
                0x1000637a                multicore_fifo_pop_blocking
 .text.multicore_reset_core1
                0x10006390       0x6c examples/hello_dual_cdc/CMakeFiles/hello_dual_cdc.dir/home/student/.pico-sdk/sdk/2.2.0/src/rp2_common/pico_multicore/multicore.c.o
                0x10006390                multicore_reset_core1
 .text.multicore_launch_core1_raw
                0x100063fc       0x70 examples/hello_dual_cdc/CMakeFiles/hello_dual_cdc.dir/home/student/.pico-sdk/sdk/2.2.0/src/rp2_common/pico_multicore/multicore.c.o
                0x100063fc                multicore_launch_core1_raw
 .text.multicore_launch_core1_with_stack
                0x1000646c       0x50 examples/hello_dual_cdc/CMakeFiles/hello_dual_cdc.dir/home/student/.pico-sdk/sdk/2.2.0/src/rp2_common/pico_multicore/multicore.c.o
                0x1000646c                multicore_launch_core1_with_stack
 .text.multicore_launch_core1
                0x100064bc       0x24 examples/hello_dual_cdc/CMakeFiles/hello_dual_cdc.dir/home/student/.pico-sdk/sdk/2.2.0/src/rp2_common/pico_multicore/multicore.c.o
                0x100064bc                multicore_launch_core1
 .text.prvHeapInit
                0x100064e0       0x58 examples/hello_dual_cdc/CMakeFiles/hello_dual_cdc.dir/home/student/.freertos/portable/MemMang/heap_4.c.o
 .text.prvInsertBlockIntoFreeList
                0x10006538       0x88 examples/hello_dual_cdc/CMakeFiles/hello_dual_cdc.dir/home/student/.freertos/portable/MemMang/heap_4.c.o
 .text.pvPortMalloc
                0x100065c0      0x188 examples/hello_dual_cdc/CMakeFiles/hello_dual_cdc.dir/home/student/.freertos/portable/MemMang/heap_4.c.o
                0x100065c0                pvPortMalloc
 .text.vPortFree
                0x10006748       0xa4 examples/hello_dual_cdc/CMakeFiles/hello_dual_cdc.dir/home/student/.freertos/portable/MemMang/heap_4.c.o
                0x10006748                vPortFree
 .text._retrieve_unique_id_on_boot
                0x100067ec       0x10 examples/hello_dual_cdc/CMakeFiles/hello_dual_cdc.dir/home/student/.pico-sdk/sdk/2.2.0/src/rp2_common/pico_unique_id/unique_id.c.o
 .text.pico_get_unique_board_id
                0x100067fc       0x10 examples/hello_dual_cdc/CMakeFiles/hello_dual_cdc.dir/home/student/.pico-sdk/sdk/2.2.0/src/rp2_common/pico_unique_id/unique_id.c.o
                0x100067fc                pico_get_unique_board_id
 .text.flash_get_unique_id
                0x1000680c       0x40 examples/hello_dual_cdc/CMakeFiles/hello_dual_cdc.dir/home/student/.pico-sdk/sdk/2.2.0/src/rp2_common/hardware_flash/flash.c.o
                0x1000680c                flash_get_unique_id
 .text.board_get_unique_id
                0x1000684c       0x26 examples/hello_dual_cdc/CMakeFiles/hello_dual_cdc.dir/home/student/.pico-sdk/sdk/2.2.0/lib/tinyusb/hw/bsp/rp2040/family.c.o
                0x1000684c                board_get_unique_id
 *fill*         0x10006872        0x2 
 .text.hw_endpoint_init
                0x10006874       0xc0 examples/hello_dual_cdc/CMakeFiles/hello_dual_cdc.dir/home/student/.pico-sdk/sdk/2.2.0/lib/tinyusb/src/portable/raspberrypi/rp2040/dcd_rp2040.c.o
 .text.hw_endpoint_alloc
                0x10006934       0x48 examples/hello_dual_cdc/CMakeFiles/hello_dual_cdc.dir/home/student/.pico-sdk/sdk/2.2.0/lib/tinyusb/src/portable/raspberrypi/rp2040/dcd_rp2040.c.o
 .text.hw_endpoint_open
                0x1000697c       0x50 examples/hello_dual_cdc/CMakeFiles/hello_dual_cdc.dir/home/student/.pico-sdk/sdk/2.2.0/lib/tinyusb/src/portable/raspberrypi/rp2040/dcd_rp2040.c.o
 .text.hw_endpoint_xfer
                0x100069cc       0x20 examples/hello_dual_cdc/CMakeFiles/hello_dual_cdc.dir/home/student/.pico-sdk/sdk/2.2.0/lib/tinyusb/src/portable/raspberrypi/rp2040/dcd_rp2040.c.o
 .text.dcd_int_enable
                0x100069ec       0x2c examples/hello_dual_cdc/CMakeFiles/hello_dual_cdc.dir/home/student/.pico-sdk/sdk/2.2.0/lib/tinyusb/src/portable/raspberrypi/rp2040/dcd_rp2040.c.o
                0x100069ec                dcd_int_enable
 .text.dcd_set_address
                0x10006a18       0x2c examples/hello_dual_cdc/CMakeFiles/hello_dual_cdc.dir/home/student/.pico-sdk/sdk/2.2.0/lib/tinyusb/src/portable/raspberrypi/rp2040/dcd_rp2040.c.o
                0x10006a18                dcd_set_address
 .text.dcd_connect
                0x10006a44       0x10 examples/hello_dual_cdc/CMakeFiles/hello_dual_cdc.dir/home/student/.pico-sdk/sdk/2.2.0/lib/tinyusb/src/portable/raspberrypi/rp2040/dcd_rp2040.c.o
                0x10006a44                dcd_connect
 .text.dcd_init
                0x10006a54       0x80 examples/hello_dual_cdc/CMakeFiles/hello_dual_cdc.dir/home/student/.pico-sdk/sdk/2.2.0/lib/tinyusb/src/portable/raspberrypi/rp2040/dcd_rp2040.c.o
                0x10006a54                dcd_init
 .text.dcd_sof_enable
                0x10006ad4       0x1c examples/hello_dual_cdc/CMakeFiles/hello_dual_cdc.dir/home/student/.pico-sdk/sdk/2.2.0/lib/tinyusb/src/portable/raspberrypi/rp2040/dcd_rp2040.c.o
                0x10006ad4                dcd_sof_enable
 .text.dcd_edpt0_status_complete
                0x10006af0       0x1c examples/hello_dual_cdc/CMakeFiles/hello_dual_cdc.dir/home/student/.pico-sdk/sdk/2.2.0/lib/tinyusb/src/portable/raspberrypi/rp2040/dcd_rp2040.c.o
                0x10006af0                dcd_edpt0_status_complete
 .text.dcd_edpt_open
                0x10006b0c       0x26 examples/hello_dual_cdc/CMakeFiles/hello_dual_cdc.dir/home/student/.pico-sdk/sdk/2.2.0/lib/tinyusb/src/portable/raspberrypi/rp2040/dcd_rp2040.c.o
                0x10006b0c                dcd_edpt_open
 .text.dcd_edpt_close_all
                0x10006b32        0x8 examples/hello_dual_cdc/CMakeFiles/hello_dual_cdc.dir/home/student/.pico-sdk/sdk/2.2.0/lib/tinyusb/src/portable/raspberrypi/rp2040/dcd_rp2040.c.o
                0x10006b32                dcd_edpt_close_all
 *fill*         0x10006b3a        0x2 
 .text.dcd_edpt_xfer
                0x10006b3c       0x30 examples/hello_dual_cdc/CMakeFiles/hello_dual_cdc.dir/home/student/.pico-sdk/sdk/2.2.0/lib/tinyusb/src/portable/raspberrypi/rp2040/dcd_rp2040.c.o
                0x10006b3c                dcd_edpt_xfer
 .text.dcd_edpt_stall
                0x10006b6c       0x3c examples/hello_dual_cdc/CMakeFiles/hello_dual_cdc.dir/home/student/.pico-sdk/sdk/2.2.0/lib/tinyusb/src/portable/raspberrypi/rp2040/dcd_rp2040.c.o
                0x10006b6c                dcd_edpt_stall
 .text.dcd_edpt_clear_stall
                0x10006ba8       0x30 examples/hello_dual_cdc/CMakeFiles/hello_dual_cdc.dir/home/student/.pico-sdk/sdk/2.2.0/lib/tinyusb/src/portable/raspberrypi/rp2040/dcd_rp2040.c.o
                0x10006ba8                dcd_edpt_clear_stall
 .text.unaligned_memcpy
                0x10006bd8       0x14 examples/hello_dual_cdc/CMakeFiles/hello_dual_cdc.dir/home/student/.pico-sdk/sdk/2.2.0/lib/tinyusb/src/portable/raspberrypi/rp2040/rp2040_usb.c.o
 .text.rp2040_usb_init
                0x10006bec       0x44 examples/hello_dual_cdc/CMakeFiles/hello_dual_cdc.dir/home/student/.pico-sdk/sdk/2.2.0/lib/tinyusb/src/portable/raspberrypi/rp2040/rp2040_usb.c.o
                0x10006bec                rp2040_usb_init
 .text.hw_endpoint_xfer_start
                0x10006c30       0x60 examples/hello_dual_cdc/CMakeFiles/hello_dual_cdc.dir/home/student/.pico-sdk/sdk/2.2.0/lib/tinyusb/src/portable/raspberrypi/rp2040/rp2040_usb.c.o
                0x10006c30                hw_endpoint_xfer_start
 .text.tud_vendor_control_xfer_cb
                0x10006c90        0x4 examples/hello_dual_cdc/CMakeFiles/hello_dual_cdc.dir/home/student/.pico-sdk/sdk/2.2.0/lib/tinyusb/src/device/usbd.c.o
                0x10006c90                tud_vendor_control_xfer_cb
 .text.configuration_reset
                0x10006c94       0x7c examples/hello_dual_cdc/CMakeFiles/hello_dual_cdc.dir/home/student/.pico-sdk/sdk/2.2.0/lib/tinyusb/src/device/usbd.c.o
 .text.usbd_reset
                0x10006d10        0xc examples/hello_dual_cdc/CMakeFiles/hello_dual_cdc.dir/home/student/.pico-sdk/sdk/2.2.0/lib/tinyusb/src/device/usbd.c.o
 .text.invoke_class_control
                0x10006d1c       0x1a examples/hello_dual_cdc/CMakeFiles/hello_dual_cdc.dir/home/student/.pico-sdk/sdk/2.2.0/lib/tinyusb/src/device/usbd.c.o
 *fill*         0x10006d36        0x2 
 .text.process_set_config
                0x10006d38      0x190 examples/hello_dual_cdc/CMakeFiles/hello_dual_cdc.dir/home/student/.pico-sdk/sdk/2.2.0/lib/tinyusb/src/device/usbd.c.o
 .text.tud_event_hook_cb
                0x10006ec8        0x2 examples/hello_dual_cdc/CMakeFiles/hello_dual_cdc.dir/home/student/.pico-sdk/sdk/2.2.0/lib/tinyusb/src/device/usbd.c.o
                0x10006ec8                tud_event_hook_cb
 .text.tud_sof_cb
                0x10006eca        0x2 examples/hello_dual_cdc/CMakeFiles/hello_dual_cdc.dir/home/student/.pico-sdk/sdk/2.2.0/lib/tinyusb/src/device/usbd.c.o
                0x10006eca                tud_sof_cb
 .text.tud_descriptor_bos_cb
                0x10006ecc        0x4 examples/hello_dual_cdc/CMakeFiles/hello_dual_cdc.dir/home/student/.pico-sdk/sdk/2.2.0/lib/tinyusb/src/device/usbd.c.o
                0x10006ecc                tud_descriptor_bos_cb
 .text.process_get_descriptor
                0x10006ed0       0xe0 examples/hello_dual_cdc/CMakeFiles/hello_dual_cdc.dir/home/student/.pico-sdk/sdk/2.2.0/lib/tinyusb/src/device/usbd.c.o
 .text.tud_mount_cb
                0x10006fb0        0x2 examples/hello_dual_cdc/CMakeFiles/hello_dual_cdc.dir/home/student/.pico-sdk/sdk/2.2.0/lib/tinyusb/src/device/usbd.c.o
                0x10006fb0                tud_mount_cb
 .text.tud_umount_cb
                0x10006fb2        0x2 examples/hello_dual_cdc/CMakeFiles/hello_dual_cdc.dir/home/student/.pico-sdk/sdk/2.2.0/lib/tinyusb/src/device/usbd.c.o
                0x10006fb2                tud_umount_cb
 .text.tud_suspend_cb
                0x10006fb4        0x2 examples/hello_dual_cdc/CMakeFiles/hello_dual_cdc.dir/home/student/.pico-sdk/sdk/2.2.0/lib/tinyusb/src/device/usbd.c.o
                0x10006fb4                tud_suspend_cb
 .text.tud_resume_cb
                0x10006fb6        0x2 examples/hello_dual_cdc/CMakeFiles/hello_dual_cdc.dir/home/student/.pico-sdk/sdk/2.2.0/lib/tinyusb/src/device/usbd.c.o
                0x10006fb6                tud_resume_cb
 .text.tud_mounted
                0x10006fb8       0x10 examples/hello_dual_cdc/CMakeFiles/hello_dual_cdc.dir/home/student/.pico-sdk/sdk/2.2.0/lib/tinyusb/src/device/usbd.c.o
                0x10006fb8                tud_mounted
 .text.tud_suspended
                0x10006fc8       0x10 examples/hello_dual_cdc/CMakeFiles/hello_dual_cdc.dir/home/student/.pico-sdk/sdk/2.2.0/lib/tinyusb/src/device/usbd.c.o
                0x10006fc8                tud_suspended
 .text.tud_inited
                0x10006fd8       0x14 examples/hello_dual_cdc/CMakeFiles/hello_dual_cdc.dir/home/student/.pico-sdk/sdk/2.2.0/lib/tinyusb/src/device/usbd.c.o
                0x10006fd8                tud_inited
 .text.tud_rhport_init
                0x10006fec      0x120 examples/hello_dual_cdc/CMakeFiles/hello_dual_cdc.dir/home/student/.pico-sdk/sdk/2.2.0/lib/tinyusb/src/device/usbd.c.o
                0x10006fec                tud_rhport_init
 .text.usbd_edpt_open
                0x1000710c       0x60 examples/hello_dual_cdc/CMakeFiles/hello_dual_cdc.dir/home/student/.pico-sdk/sdk/2.2.0/lib/tinyusb/src/device/usbd.c.o
                0x1000710c                usbd_edpt_open
 .text.usbd_open_edpt_pair
                0x1000716c       0x88 examples/hello_dual_cdc/CMakeFiles/hello_dual_cdc.dir/home/student/.pico-sdk/sdk/2.2.0/lib/tinyusb/src/device/usbd.c.o
                0x1000716c                usbd_open_edpt_pair
 .text.usbd_edpt_claim
                0x100071f4       0x28 examples/hello_dual_cdc/CMakeFiles/hello_dual_cdc.dir/home/student/.pico-sdk/sdk/2.2.0/lib/tinyusb/src/device/usbd.c.o
                0x100071f4                usbd_edpt_claim
 .text.usbd_edpt_release
                0x1000721c       0x28 examples/hello_dual_cdc/CMakeFiles/hello_dual_cdc.dir/home/student/.pico-sdk/sdk/2.2.0/lib/tinyusb/src/device/usbd.c.o
                0x1000721c                usbd_edpt_release
 .text.usbd_edpt_xfer
                0x10007244       0x88 examples/hello_dual_cdc/CMakeFiles/hello_dual_cdc.dir/home/student/.pico-sdk/sdk/2.2.0/lib/tinyusb/src/device/usbd.c.o
                0x10007244                usbd_edpt_xfer
 .text.usbd_edpt_stall
                0x100072cc       0x34 examples/hello_dual_cdc/CMakeFiles/hello_dual_cdc.dir/home/student/.pico-sdk/sdk/2.2.0/lib/tinyusb/src/device/usbd.c.o
                0x100072cc                usbd_edpt_stall
 .text.usbd_edpt_clear_stall
                0x10007300       0x34 examples/hello_dual_cdc/CMakeFiles/hello_dual_cdc.dir/home/student/.pico-sdk/sdk/2.2.0/lib/tinyusb/src/device/usbd.c.o
                0x10007300                usbd_edpt_clear_stall
 .text.usbd_edpt_stalled
                0x10007334       0x1c examples/hello_dual_cdc/CMakeFiles/hello_dual_cdc.dir/home/student/.pico-sdk/sdk/2.2.0/lib/tinyusb/src/device/usbd.c.o
                0x10007334                usbd_edpt_stalled
 .text.process_control_request
                0x10007350      0x37c examples/hello_dual_cdc/CMakeFiles/hello_dual_cdc.dir/home/student/.pico-sdk/sdk/2.2.0/lib/tinyusb/src/device/usbd.c.o
 .text.tud_task_ext
                0x100076cc      0x1e8 examples/hello_dual_cdc/CMakeFiles/hello_dual_cdc.dir/home/student/.pico-sdk/sdk/2.2.0/lib/tinyusb/src/device/usbd.c.o
                0x100076cc                tud_task_ext
 .text.status_stage_xact
                0x100078b4       0x1a examples/hello_dual_cdc/CMakeFiles/hello_dual_cdc.dir/home/student/.pico-sdk/sdk/2.2.0/lib/tinyusb/src/device/usbd_control.c.o
 *fill*         0x100078ce        0x2 
 .text.data_stage_xact
                0x100078d0       0x60 examples/hello_dual_cdc/CMakeFiles/hello_dual_cdc.dir/home/student/.pico-sdk/sdk/2.2.0/lib/tinyusb/src/device/usbd_control.c.o
 .text.tud_control_status
                0x10007930       0x28 examples/hello_dual_cdc/CMakeFiles/hello_dual_cdc.dir/home/student/.pico-sdk/sdk/2.2.0/lib/tinyusb/src/device/usbd_control.c.o
                0x10007930                tud_control_status
 .text.tud_control_xfer
                0x10007958       0x98 examples/hello_dual_cdc/CMakeFiles/hello_dual_cdc.dir/home/student/.pico-sdk/sdk/2.2.0/lib/tinyusb/src/device/usbd_control.c.o
                0x10007958                tud_control_xfer
 .text.usbd_control_reset
                0x100079f0       0x14 examples/hello_dual_cdc/CMakeFiles/hello_dual_cdc.dir/home/student/.pico-sdk/sdk/2.2.0/lib/tinyusb/src/device/usbd_control.c.o
                0x100079f0                usbd_control_reset
 .text.usbd_control_set_complete_callback
                0x10007a04        0xc examples/hello_dual_cdc/CMakeFiles/hello_dual_cdc.dir/home/student/.pico-sdk/sdk/2.2.0/lib/tinyusb/src/device/usbd_control.c.o
                0x10007a04                usbd_control_set_complete_callback
 .text.usbd_control_set_request
                0x10007a10       0x1c examples/hello_dual_cdc/CMakeFiles/hello_dual_cdc.dir/home/student/.pico-sdk/sdk/2.2.0/lib/tinyusb/src/device/usbd_control.c.o
                0x10007a10                usbd_control_set_request
 .text.usbd_control_xfer_cb
                0x10007a2c       0xe0 examples/hello_dual_cdc/CMakeFiles/hello_dual_cdc.dir/home/student/.pico-sdk/sdk/2.2.0/lib/tinyusb/src/device/usbd_control.c.o
                0x10007a2c                usbd_control_xfer_cb
 .text._prep_out_transaction
                0x10007b0c       0xa0 examples/hello_dual_cdc/CMakeFiles/hello_dual_cdc.dir/home/student/.pico-sdk/sdk/2.2.0/lib/tinyusb/src/class/cdc/cdc_device.c.o
 .text.tud_cdc_n_connected
                0x10007bac       0x38 examples/hello_dual_cdc/CMakeFiles/hello_dual_cdc.dir/home/student/.pico-sdk/sdk/2.2.0/lib/tinyusb/src/class/cdc/cdc_device.c.o
                0x10007bac                tud_cdc_n_connected
 .text.tud_cdc_n_read
                0x10007be4       0x3c examples/hello_dual_cdc/CMakeFiles/hello_dual_cdc.dir/home/student/.pico-sdk/sdk/2.2.0/lib/tinyusb/src/class/cdc/cdc_device.c.o
                0x10007be4                tud_cdc_n_read
 .text.tud_cdc_n_write_flush
                0x10007c20       0xb8 examples/hello_dual_cdc/CMakeFiles/hello_dual_cdc.dir/home/student/.pico-sdk/sdk/2.2.0/lib/tinyusb/src/class/cdc/cdc_device.c.o
                0x10007c20                tud_cdc_n_write_flush
 .text.tud_cdc_n_write
                0x10007cd8       0x48 examples/hello_dual_cdc/CMakeFiles/hello_dual_cdc.dir/home/student/.pico-sdk/sdk/2.2.0/lib/tinyusb/src/class/cdc/cdc_device.c.o
                0x10007cd8                tud_cdc_n_write
 .text.tud_cdc_n_write_available
                0x10007d20       0x1c examples/hello_dual_cdc/CMakeFiles/hello_dual_cdc.dir/home/student/.pico-sdk/sdk/2.2.0/lib/tinyusb/src/class/cdc/cdc_device.c.o
                0x10007d20                tud_cdc_n_write_available
 .text.cdcd_init
                0x10007d3c       0xbc examples/hello_dual_cdc/CMakeFiles/hello_dual_cdc.dir/home/student/.pico-sdk/sdk/2.2.0/lib/tinyusb/src/class/cdc/cdc_device.c.o
                0x10007d3c                cdcd_init
 .text.cdcd_deinit
                0x10007df8       0x5c examples/hello_dual_cdc/CMakeFiles/hello_dual_cdc.dir/home/student/.pico-sdk/sdk/2.2.0/lib/tinyusb/src/class/cdc/cdc_device.c.o
                0x10007df8                cdcd_deinit
 .text.cdcd_reset
                0x10007e54       0x78 examples/hello_dual_cdc/CMakeFiles/hello_dual_cdc.dir/home/student/.pico-sdk/sdk/2.2.0/lib/tinyusb/src/class/cdc/cdc_device.c.o
                0x10007e54                cdcd_reset
 .text.cdcd_open
                0x10007ecc       0xf0 examples/hello_dual_cdc/CMakeFiles/hello_dual_cdc.dir/home/student/.pico-sdk/sdk/2.2.0/lib/tinyusb/src/class/cdc/cdc_device.c.o
                0x10007ecc                cdcd_open
 .text.cdcd_control_xfer_cb
                0x10007fbc      0x13c examples/hello_dual_cdc/CMakeFiles/hello_dual_cdc.dir/home/student/.pico-sdk/sdk/2.2.0/lib/tinyusb/src/class/cdc/cdc_device.c.o
                0x10007fbc                cdcd_control_xfer_cb
 .text.cdcd_xfer_cb
                0x100080f8      0x14c examples/hello_dual_cdc/CMakeFiles/hello_dual_cdc.dir/home/student/.pico-sdk/sdk/2.2.0/lib/tinyusb/src/class/cdc/cdc_device.c.o
                0x100080f8                cdcd_xfer_cb
 .text.tusb_rhport_init
                0x10008244       0x78 examples/hello_dual_cdc/CMakeFiles/hello_dual_cdc.dir/home/student/.pico-sdk/sdk/2.2.0/lib/tinyusb/src/tusb.c.o
                0x10008244                tusb_rhport_init
 .text.tu_edpt_claim
                0x100082bc       0x56 examples/hello_dual_cdc/CMakeFiles/hello_dual_cdc.dir/home/student/.pico-sdk/sdk/2.2.0/lib/tinyusb/src/tusb.c.o
                0x100082bc                tu_edpt_claim
 .text.tu_edpt_release
                0x10008312       0x3e examples/hello_dual_cdc/CMakeFiles/hello_dual_cdc.dir/home/student/.pico-sdk/sdk/2.2.0/lib/tinyusb/src/tusb.c.o
                0x10008312                tu_edpt_release
 .text.tu_edpt_validate
                0x10008350       0xac examples/hello_dual_cdc/CMakeFiles/hello_dual_cdc.dir/home/student/.pico-sdk/sdk/2.2.0/lib/tinyusb/src/tusb.c.o
                0x10008350                tu_edpt_validate
 .text.tu_edpt_bind_driver
                0x100083fc       0x26 examples/hello_dual_cdc/CMakeFiles/hello_dual_cdc.dir/home/student/.pico-sdk/sdk/2.2.0/lib/tinyusb/src/tusb.c.o
                0x100083fc                tu_edpt_bind_driver
 .text.advance_index
                0x10008422       0x1a examples/hello_dual_cdc/CMakeFiles/hello_dual_cdc.dir/home/student/.pico-sdk/sdk/2.2.0/lib/tinyusb/src/common/tusb_fifo.c.o
 .text._ff_pull_n
                0x1000843c       0x68 examples/hello_dual_cdc/CMakeFiles/hello_dual_cdc.dir/home/student/.pico-sdk/sdk/2.2.0/lib/tinyusb/src/common/tusb_fifo.c.o
 .text._tu_fifo_peek_n
                0x100084a4       0x6a examples/hello_dual_cdc/CMakeFiles/hello_dual_cdc.dir/home/student/.pico-sdk/sdk/2.2.0/lib/tinyusb/src/common/tusb_fifo.c.o
 .text._tu_fifo_read_n
                0x1000850e       0x54 examples/hello_dual_cdc/CMakeFiles/hello_dual_cdc.dir/home/student/.pico-sdk/sdk/2.2.0/lib/tinyusb/src/common/tusb_fifo.c.o
 .text._ff_push_n
                0x10008562       0x68 examples/hello_dual_cdc/CMakeFiles/hello_dual_cdc.dir/home/student/.pico-sdk/sdk/2.2.0/lib/tinyusb/src/common/tusb_fifo.c.o
 .text._tu_fifo_write_n
                0x100085ca       0xf6 examples/hello_dual_cdc/CMakeFiles/hello_dual_cdc.dir/home/student/.pico-sdk/sdk/2.2.0/lib/tinyusb/src/common/tusb_fifo.c.o
 .text.tu_fifo_config
                0x100086c0       0x86 examples/hello_dual_cdc/CMakeFiles/hello_dual_cdc.dir/home/student/.pico-sdk/sdk/2.2.0/lib/tinyusb/src/common/tusb_fifo.c.o
                0x100086c0                tu_fifo_config
 .text.tu_fifo_count
                0x10008746       0x2c examples/hello_dual_cdc/CMakeFiles/hello_dual_cdc.dir/home/student/.pico-sdk/sdk/2.2.0/lib/tinyusb/src/common/tusb_fifo.c.o
                0x10008746                tu_fifo_count
 .text.tu_fifo_empty
                0x10008772        0xe examples/hello_dual_cdc/CMakeFiles/hello_dual_cdc.dir/home/student/.pico-sdk/sdk/2.2.0/lib/tinyusb/src/common/tusb_fifo.c.o
                0x10008772                tu_fifo_empty
 .text.tu_fifo_remaining
                0x10008780       0x2e examples/hello_dual_cdc/CMakeFiles/hello_dual_cdc.dir/home/student/.pico-sdk/sdk/2.2.0/lib/tinyusb/src/common/tusb_fifo.c.o
                0x10008780                tu_fifo_remaining
 .text.tu_fifo_read_n
                0x100087ae        0xa examples/hello_dual_cdc/CMakeFiles/hello_dual_cdc.dir/home/student/.pico-sdk/sdk/2.2.0/lib/tinyusb/src/common/tusb_fifo.c.o
                0x100087ae                tu_fifo_read_n
 .text.tu_fifo_write_n
                0x100087b8        0xa examples/hello_dual_cdc/CMakeFiles/hello_dual_cdc.dir/home/student/.pico-sdk/sdk/2.2.0/lib/tinyusb/src/common/tusb_fifo.c.o
                0x100087b8                tu_fifo_write_n
 .text.tu_fifo_clear
                0x100087c2       0x48 examples/hello_dual_cdc/CMakeFiles/hello_dual_cdc.dir/home/student/.pico-sdk/sdk/2.2.0/lib/tinyusb/src/common/tusb_fifo.c.o
                0x100087c2                tu_fifo_clear
 .text.tu_fifo_set_overwritable
                0x1000880a       0x52 examples/hello_dual_cdc/CMakeFiles/hello_dual_cdc.dir/home/student/.pico-sdk/sdk/2.2.0/lib/tinyusb/src/common/tusb_fifo.c.o
                0x1000880a                tu_fifo_set_overwritable
 .text.board_usb_get_serial
                0x1000885c       0x88 libs/usb-serial-debug/libusb_serial_debug.a(usb_descriptors.c.o)
 .text.tud_descriptor_device_cb
                0x100088e4        0x8 libs/usb-serial-debug/libusb_serial_debug.a(usb_descriptors.c.o)
                0x100088e4                tud_descriptor_device_cb
 .text.tud_descriptor_configuration_cb
                0x100088ec        0x8 libs/usb-serial-debug/libusb_serial_debug.a(usb_descriptors.c.o)
                0x100088ec                tud_descriptor_configuration_cb
 .text.tud_descriptor_string_cb
                0x100088f4       0x70 libs/usb-serial-debug/libusb_serial_debug.a(usb_descriptors.c.o)
                0x100088f4                tud_descriptor_string_cb
 .text.tud_descriptor_device_qualifier_cb
                0x10008964        0x4 libs/usb-serial-debug/libusb_serial_debug.a(usb_descriptors.c.o)
                0x10008964                tud_descriptor_device_qualifier_cb
 .text.tud_descriptor_other_speed_configuration_cb
                0x10008968        0x4 libs/usb-serial-debug/libusb_serial_debug.a(usb_descriptors.c.o)
                0x10008968                tud_descriptor_other_speed_configuration_cb
 .text.cdc0_ready
                0x1000896c       0x20 libs/usb-serial-debug/libusb_serial_debug.a(helper.c.o)
 .text.usb_serial_init
                0x1000898c       0x18 libs/usb-serial-debug/libusb_serial_debug.a(helper.c.o)
                0x1000898c                usb_serial_init
 .text.usb_serial_flush
                0x100089a4       0x40 libs/usb-serial-debug/libusb_serial_debug.a(helper.c.o)
                0x100089a4                usb_serial_flush
 .text.usb_serial_connected
                0x100089e4        0x8 libs/usb-serial-debug/libusb_serial_debug.a(helper.c.o)
                0x100089e4                usb_serial_connected
 .text.usb_serial_print
                0x100089ec       0xac libs/usb-serial-debug/libusb_serial_debug.a(helper.c.o)
                0x100089ec                usb_serial_print
 .text.srand    0x10008a98       0x14 /home/student/.pico-sdk/toolchain/14_2_Rel1/bin/../lib/gcc/arm-none-eabi/14.2.1/../../../../arm-none-eabi/lib/thumb/v6-m/nofp/libg.a(libc_a-rand.o)
                0x10008a98                srand
 .text.rand     0x10008aac       0x34 /home/student/.pico-sdk/toolchain/14_2_Rel1/bin/../lib/gcc/arm-none-eabi/14.2.1/../../../../arm-none-eabi/lib/thumb/v6-m/nofp/libg.a(libc_a-rand.o)
                0x10008aac                rand
 .text.time     0x10008ae0       0x38 /home/student/.pico-sdk/toolchain/14_2_Rel1/bin/../lib/gcc/arm-none-eabi/14.2.1/../../../../arm-none-eabi/lib/thumb/v6-m/nofp/libg.a(libc_a-time.o)
                0x10008ae0                time
 .text._gettimeofday_r
                0x10008b18       0x28 /home/student/.pico-sdk/toolchain/14_2_Rel1/bin/../lib/gcc/arm-none-eabi/14.2.1/../../../../arm-none-eabi/lib/thumb/v6-m/nofp/libg.a(libc_a-gettimeofdayr.o)
                0x10008b18                _gettimeofday_r
 .text.strlen   0x10008b40       0x5c /home/student/.pico-sdk/toolchain/14_2_Rel1/bin/../lib/gcc/arm-none-eabi/14.2.1/../../../../arm-none-eabi/lib/thumb/v6-m/nofp/libg.a(libc_a-strlen-stub.o)
                0x10008b40                strlen
 *(.fini)
 .fini          0x10008b9c        0x4 /home/student/.pico-sdk/toolchain/14_2_Rel1/bin/../lib/gcc/arm-none-eabi/14.2.1/thumb/v6-m/nofp/crti.o
                0x10008b9c                _fini
 .fini.__stub   0x10008ba0       0xb0 linker stubs
 *crtbegin.o(.ctors)
 *crtbegin?.o(.ctors)
 *(EXCLUDE_FILE(*crtend.o *crtend?.o) .ctors)
 *(SORT_BY_NAME(.ctors.*))
 *(.ctors)
 *crtbegin.o(.dtors)
 *crtbegin?.o(.dtors)
 *(EXCLUDE_FILE(*crtend.o *crtend?.o) .dtors)
 *(SORT_BY_NAME(.dtors.*))
 *(.dtors)
                0x10008c50                        . = ALIGN (0x4)
                0x10008c50                        PROVIDE (__preinit_array_start = .)
 *(SORT_BY_NAME(.preinit_array.*))
 .preinit_array.00100
                0x10008c50        0x4 examples/hello_dual_cdc/CMakeFiles/hello_dual_cdc.dir/home/student/.pico-sdk/sdk/2.2.0/src/rp2_common/pico_runtime_init/runtime_init.c.o
                0x10008c50                __pre_init_runtime_init_early_resets
 .preinit_array.00101
                0x10008c54        0x4 examples/hello_dual_cdc/CMakeFiles/hello_dual_cdc.dir/home/student/.pico-sdk/sdk/2.2.0/src/rp2_common/pico_runtime_init/runtime_init.c.o
                0x10008c54                __pre_init_runtime_init_usb_power_down
 .preinit_array.00275
                0x10008c58        0x4 examples/hello_dual_cdc/CMakeFiles/hello_dual_cdc.dir/home/student/.pico-sdk/sdk/2.2.0/src/rp2_common/pico_bit_ops/bit_ops_aeabi.S.o
 .preinit_array.00300
                0x10008c5c        0x4 examples/hello_dual_cdc/CMakeFiles/hello_dual_cdc.dir/home/student/.pico-sdk/sdk/2.2.0/src/rp2_common/pico_mem_ops/mem_ops_aeabi.S.o
 .preinit_array.00350
                0x10008c60        0x4 examples/hello_dual_cdc/CMakeFiles/hello_dual_cdc.dir/home/student/.pico-sdk/sdk/2.2.0/src/rp2_common/pico_double/double_aeabi_rp2040.S.o
 .preinit_array.00350
                0x10008c64        0x4 examples/hello_dual_cdc/CMakeFiles/hello_dual_cdc.dir/home/student/.pico-sdk/sdk/2.2.0/src/rp2_common/pico_float/float_aeabi_rp2040.S.o
 .preinit_array.00500
                0x10008c68        0x4 examples/hello_dual_cdc/CMakeFiles/hello_dual_cdc.dir/home/student/.pico-sdk/sdk/2.2.0/src/rp2_common/pico_runtime_init/runtime_init.c.o
                0x10008c68                __pre_init_runtime_init_clocks
 .preinit_array.00600
                0x10008c6c        0x4 examples/hello_dual_cdc/CMakeFiles/hello_dual_cdc.dir/home/student/.pico-sdk/sdk/2.2.0/src/rp2_common/pico_runtime_init/runtime_init.c.o
                0x10008c6c                __pre_init_runtime_init_post_clock_resets
 .preinit_array.00700
                0x10008c70        0x4 examples/hello_dual_cdc/CMakeFiles/hello_dual_cdc.dir/home/student/.pico-sdk/sdk/2.2.0/src/rp2_common/pico_runtime_init/runtime_init.c.o
                0x10008c70                __pre_init_runtime_init_rp2040_gpio_ie_disable
 .preinit_array.01000
                0x10008c74        0x4 examples/hello_dual_cdc/CMakeFiles/hello_dual_cdc.dir/home/student/.pico-sdk/sdk/2.2.0/src/rp2_common/pico_runtime_init/runtime_init.c.o
                0x10008c74                __pre_init_runtime_init_spin_locks_reset
 .preinit_array.01100
                0x10008c78        0x4 examples/hello_dual_cdc/CMakeFiles/hello_dual_cdc.dir/home/student/.pico-sdk/sdk/2.2.0/src/common/pico_sync/mutex.c.o
                0x10008c78                __pre_init_runtime_init_mutex
 .preinit_array.10080
                0x10008c7c        0x4 examples/hello_dual_cdc/CMakeFiles/hello_dual_cdc.dir/home/student/.pico-sdk/sdk/2.2.0/src/rp2_common/pico_runtime_init/runtime_init.c.o
                0x10008c7c                __pre_init_runtime_init_install_ram_vector_table
 .preinit_array.11000
                0x10008c80        0x4 examples/hello_dual_cdc/CMakeFiles/hello_dual_cdc.dir/home/student/.pico-sdk/sdk/2.2.0/src/common/pico_time/time.c.o
                0x10008c80                __pre_init_runtime_init_default_alarm_pool
 .preinit_array.YYYYY
                0x10008c84        0x4 examples/hello_dual_cdc/CMakeFiles/hello_dual_cdc.dir/home/student/.pico-sdk/sdk/2.2.0/src/rp2_common/pico_runtime/runtime.c.o
                0x10008c84                __pre_init_first_per_core_initializer
 .preinit_array.ZZZZZ.01200
                0x10008c88        0x4 examples/hello_dual_cdc/CMakeFiles/hello_dual_cdc.dir/home/student/.pico-sdk/sdk/2.2.0/src/rp2_common/hardware_irq/irq.c.o
                0x10008c88                __pre_init_runtime_init_per_core_irq_priorities
 *(.preinit_array)
                0x10008c8c                        PROVIDE (__preinit_array_end = .)
                0x10008c8c                        . = ALIGN (0x4)
                0x10008c8c                        PROVIDE (__init_array_start = .)
 *(SORT_BY_NAME(.init_array.*))
 .init_array.01000
                0x10008c8c        0x4 examples/hello_dual_cdc/CMakeFiles/hello_dual_cdc.dir/home/student/.pico-sdk/sdk/2.2.0/src/rp2_common/pico_unique_id/unique_id.c.o
 *(.init_array)
 .init_array    0x10008c90        0x4 /home/student/.pico-sdk/toolchain/14_2_Rel1/bin/../lib/gcc/arm-none-eabi/14.2.1/thumb/v6-m/nofp/crtbegin.o
 .init_array    0x10008c94        0x4 examples/hello_dual_cdc/CMakeFiles/hello_dual_cdc.dir/home/student/.freertos/portable/ThirdParty/GCC/RP2040/port.c.o
                0x10008c98                        PROVIDE (__init_array_end = .)
                0x10008c98                        . = ALIGN (0x4)
                [!provide]                        PROVIDE (__fini_array_start = .)
 *(SORT_BY_NAME(.fini_array.*))
 *(.fini_array)
                [!provide]                        PROVIDE (__fini_array_end = .)
 *(.eh_frame*)
 .eh_frame      0x10008c98        0x0 /home/student/.pico-sdk/toolchain/14_2_Rel1/bin/../lib/gcc/arm-none-eabi/14.2.1/thumb/v6-m/nofp/crtbegin.o
                0x10008c98                        . = ALIGN (0x4)

.glue_7         0x10008c98        0x0
 .glue_7        0x10008c98        0x0 linker stubs

.glue_7t        0x10008c98        0x0
 .glue_7t       0x10008c98        0x0 linker stubs

.vfp11_veneer   0x10008c98        0x0
 .vfp11_veneer  0x10008c98        0x0 linker stubs

.v4_bx          0x10008c98        0x0
 .v4_bx         0x10008c98        0x0 linker stubs

.iplt           0x10008c98        0x0
 .iplt          0x10008c98        0x0 /home/student/.pico-sdk/toolchain/14_2_Rel1/bin/../lib/gcc/arm-none-eabi/14.2.1/thumb/v6-m/nofp/crtbegin.o

.rodata         0x10008c98     0x24f4
 *(EXCLUDE_FILE(*libm.a: *libc.a:*lib_a-mem*.o *libgcc.a:) .rodata*)
 .rodata.sensorTask.str1.4
                0x10008c98     0x19f2 examples/hello_dual_cdc/CMakeFiles/hello_dual_cdc.dir/src/main.c.o
                                 0x83 (size before relaxing)
 .rodata.main.str1.4
                0x1000a68a        0x8 examples/hello_dual_cdc/CMakeFiles/hello_dual_cdc.dir/src/main.c.o
 .rodata.tud_cdc_rx_cb.str1.4
                0x1000a68a       0x18 examples/hello_dual_cdc/CMakeFiles/hello_dual_cdc.dir/src/main.c.o
 .rodata.rp2040_chip_version.str1.4
                0x1000a68a       0x7d examples/hello_dual_cdc/CMakeFiles/hello_dual_cdc.dir/home/student/.pico-sdk/sdk/2.2.0/src/rp2040/pico_platform/platform.c.o
 *fill*         0x1000a68a        0x2 
 .rodata.__func__.0
                0x1000a68c       0x14 examples/hello_dual_cdc/CMakeFiles/hello_dual_cdc.dir/home/student/.pico-sdk/sdk/2.2.0/src/rp2040/pico_platform/platform.c.o
 .rodata.panic.str1.4
                0x1000a6a0       0x12 examples/hello_dual_cdc/CMakeFiles/hello_dual_cdc.dir/home/student/.pico-sdk/sdk/2.2.0/src/rp2_common/pico_platform_panic/panic.c.o
 .rodata.panic_unsupported.str1.4
                0x1000a6a0        0xe examples/hello_dual_cdc/CMakeFiles/hello_dual_cdc.dir/home/student/.pico-sdk/sdk/2.2.0/src/rp2_common/pico_platform_panic/panic.c.o
 .rodata.spin_lock_claim.str1.4
                0x1000a6a0       0x1f examples/hello_dual_cdc/CMakeFiles/hello_dual_cdc.dir/home/student/.pico-sdk/sdk/2.2.0/src/rp2_common/hardware_sync/sync.c.o
 .rodata.resolve_j_16.str1.4
                0x1000a6a0       0x5c examples/hello_dual_cdc/CMakeFiles/hello_dual_cdc.dir/home/student/.pico-sdk/sdk/2.2.0/src/rp2_common/hardware_irq/irq.c.o
 .rodata.make_j_16.str1.4
                0x1000a6a0       0x30 examples/hello_dual_cdc/CMakeFiles/hello_dual_cdc.dir/home/student/.pico-sdk/sdk/2.2.0/src/rp2_common/hardware_irq/irq.c.o